<?xml version="1.0" encoding="ISO-8859-1" ?>
<link_info>
   <banner>TMS320C2000 Linker Unix v18.12.2.LTS</banner>
   <copyright>Copyright (c) 1996-2018 Texas Instruments Incorporated</copyright>
   <link_time>0x5d652041</link_time>
   <link_errors>0x0</link_errors>
   <output_file>servo.out</output_file>
   <entry_point>
      <name>code_start</name>
      <address>0x3f7ff6</address>
   </entry_point>
   <input_file_list>
      <input_file id="fl-4">
         <path>./</path>
         <kind>object</kind>
         <file>F2806x_Adc.obj</file>
         <name>F2806x_Adc.obj</name>
      </input_file>
      <input_file id="fl-5">
         <path>./</path>
         <kind>object</kind>
         <file>F2806x_CSMPasswords.obj</file>
         <name>F2806x_CSMPasswords.obj</name>
      </input_file>
      <input_file id="fl-6">
         <path>./</path>
         <kind>object</kind>
         <file>F2806x_CodeStartBranch.obj</file>
         <name>F2806x_CodeStartBranch.obj</name>
      </input_file>
      <input_file id="fl-7">
         <path>./</path>
         <kind>object</kind>
         <file>F2806x_CpuTimers.obj</file>
         <name>F2806x_CpuTimers.obj</name>
      </input_file>
      <input_file id="fl-8">
         <path>./</path>
         <kind>object</kind>
         <file>F2806x_DefaultIsr.obj</file>
         <name>F2806x_DefaultIsr.obj</name>
      </input_file>
      <input_file id="fl-9">
         <path>./</path>
         <kind>object</kind>
         <file>F2806x_GlobalVariableDefs.obj</file>
         <name>F2806x_GlobalVariableDefs.obj</name>
      </input_file>
      <input_file id="fl-a">
         <path>./</path>
         <kind>object</kind>
         <file>F2806x_PieCtrl.obj</file>
         <name>F2806x_PieCtrl.obj</name>
      </input_file>
      <input_file id="fl-b">
         <path>./</path>
         <kind>object</kind>
         <file>F2806x_PieVect.obj</file>
         <name>F2806x_PieVect.obj</name>
      </input_file>
      <input_file id="fl-c">
         <path>./</path>
         <kind>object</kind>
         <file>F2806x_SysCtrl.obj</file>
         <name>F2806x_SysCtrl.obj</name>
      </input_file>
      <input_file id="fl-d">
         <path>./</path>
         <kind>object</kind>
         <file>F2806x_usDelay.obj</file>
         <name>F2806x_usDelay.obj</name>
      </input_file>
      <input_file id="fl-e">
         <path>./</path>
         <kind>object</kind>
         <file>I2C_eeprom.obj</file>
         <name>I2C_eeprom.obj</name>
      </input_file>
      <input_file id="fl-f">
         <path>./</path>
         <kind>object</kind>
         <file>MonitorProc.obj</file>
         <name>MonitorProc.obj</name>
      </input_file>
      <input_file id="fl-10">
         <path>./</path>
         <kind>object</kind>
         <file>ParameterSet.obj</file>
         <name>ParameterSet.obj</name>
      </input_file>
      <input_file id="fl-11">
         <path>./</path>
         <kind>object</kind>
         <file>RefFunc.obj</file>
         <name>RefFunc.obj</name>
      </input_file>
      <input_file id="fl-12">
         <path>./</path>
         <kind>object</kind>
         <file>Set_Par.obj</file>
         <name>Set_Par.obj</name>
      </input_file>
      <input_file id="fl-13">
         <path>./</path>
         <kind>object</kind>
         <file>analog.obj</file>
         <name>analog.obj</name>
      </input_file>
      <input_file id="fl-14">
         <path>./</path>
         <kind>object</kind>
         <file>code_proc.obj</file>
         <name>code_proc.obj</name>
      </input_file>
      <input_file id="fl-15">
         <path>./</path>
         <kind>object</kind>
         <file>common_module.obj</file>
         <name>common_module.obj</name>
      </input_file>
      <input_file id="fl-16">
         <path>./</path>
         <kind>object</kind>
         <file>digital_inout.obj</file>
         <name>digital_inout.obj</name>
      </input_file>
      <input_file id="fl-17">
         <path>./</path>
         <kind>object</kind>
         <file>f28069GpioSetup.obj</file>
         <name>f28069GpioSetup.obj</name>
      </input_file>
      <input_file id="fl-18">
         <path>./</path>
         <kind>object</kind>
         <file>low_pass_filter.obj</file>
         <name>low_pass_filter.obj</name>
      </input_file>
      <input_file id="fl-19">
         <path>./</path>
         <kind>object</kind>
         <file>main.obj</file>
         <name>main.obj</name>
      </input_file>
      <input_file id="fl-1a">
         <path>./</path>
         <kind>object</kind>
         <file>scia.obj</file>
         <name>scia.obj</name>
      </input_file>
      <input_file id="fl-1b">
         <path>./</path>
         <kind>object</kind>
         <file>scopePoint.obj</file>
         <name>scopePoint.obj</name>
      </input_file>
      <input_file id="fl-1c">
         <path>./</path>
         <kind>object</kind>
         <file>serial_com.obj</file>
         <name>serial_com.obj</name>
      </input_file>
      <input_file id="fl-1d">
         <path>./</path>
         <kind>object</kind>
         <file>svm.obj</file>
         <name>svm.obj</name>
      </input_file>
      <input_file id="fl-1e">
         <path>./</path>
         <kind>object</kind>
         <file>switching_irq.obj</file>
         <name>switching_irq.obj</name>
      </input_file>
      <input_file id="fl-1f">
         <path>./</path>
         <kind>object</kind>
         <file>trip_proc.obj</file>
         <name>trip_proc.obj</name>
      </input_file>
      <input_file id="fl-20">
         <path>./</path>
         <kind>object</kind>
         <file>udd_timer_irq.obj</file>
         <name>udd_timer_irq.obj</name>
      </input_file>
      <input_file id="fl-21">
         <path>./</path>
         <kind>object</kind>
         <file>vf_contol.obj</file>
         <name>vf_contol.obj</name>
      </input_file>
      <input_file id="fl-22">
         <path>./</path>
         <kind>object</kind>
         <file>windPower.obj</file>
         <name>windPower.obj</name>
      </input_file>
      <input_file id="fl-28">
         <kind>object</kind>
         <file>&lt;internal&gt;</file>
         <name>&lt;internal&gt;</name>
      </input_file>
      <input_file id="fl-2c">
         <path>/home/eunwho/ti/ccs910/ccs/tools/compiler/ti-cgt-c2000_18.12.2.LTS/lib/</path>
         <kind>archive</kind>
         <file>rts2800_fpu32.lib</file>
         <name>fs_div28.asm.obj</name>
      </input_file>
      <input_file id="fl-2d">
         <path>/home/eunwho/ti/ccs910/ccs/tools/compiler/ti-cgt-c2000_18.12.2.LTS/lib/</path>
         <kind>archive</kind>
         <file>rts2800_fpu32.lib</file>
         <name>i_div28.asm.obj</name>
      </input_file>
      <input_file id="fl-2e">
         <path>/home/eunwho/ti/ccs910/ccs/tools/compiler/ti-cgt-c2000_18.12.2.LTS/lib/</path>
         <kind>archive</kind>
         <file>rts2800_fpu32.lib</file>
         <name>atof.c.obj</name>
      </input_file>
      <input_file id="fl-2f">
         <path>/home/eunwho/ti/ccs910/ccs/tools/compiler/ti-cgt-c2000_18.12.2.LTS/lib/</path>
         <kind>archive</kind>
         <file>rts2800_fpu32.lib</file>
         <name>boot28.asm.obj</name>
      </input_file>
      <input_file id="fl-30">
         <path>/home/eunwho/ti/ccs910/ccs/tools/compiler/ti-cgt-c2000_18.12.2.LTS/lib/</path>
         <kind>archive</kind>
         <file>rts2800_fpu32.lib</file>
         <name>args_main.c.obj</name>
      </input_file>
      <input_file id="fl-31">
         <path>/home/eunwho/ti/ccs910/ccs/tools/compiler/ti-cgt-c2000_18.12.2.LTS/lib/</path>
         <kind>archive</kind>
         <file>rts2800_fpu32.lib</file>
         <name>startup.c.obj</name>
      </input_file>
      <input_file id="fl-32">
         <path>/home/eunwho/ti/ccs910/ccs/tools/compiler/ti-cgt-c2000_18.12.2.LTS/lib/</path>
         <kind>archive</kind>
         <file>rts2800_fpu32.lib</file>
         <name>pre_init.c.obj</name>
      </input_file>
      <input_file id="fl-33">
         <path>/home/eunwho/ti/ccs910/ccs/tools/compiler/ti-cgt-c2000_18.12.2.LTS/lib/</path>
         <kind>archive</kind>
         <file>rts2800_fpu32.lib</file>
         <name>cpy_tbl.c.obj</name>
      </input_file>
      <input_file id="fl-34">
         <path>/home/eunwho/ti/ccs910/ccs/tools/compiler/ti-cgt-c2000_18.12.2.LTS/lib/</path>
         <kind>archive</kind>
         <file>rts2800_fpu32.lib</file>
         <name>s_cosf.c.obj</name>
      </input_file>
      <input_file id="fl-35">
         <path>/home/eunwho/ti/ccs910/ccs/tools/compiler/ti-cgt-c2000_18.12.2.LTS/lib/</path>
         <kind>archive</kind>
         <file>rts2800_fpu32.lib</file>
         <name>exit.c.obj</name>
      </input_file>
      <input_file id="fl-36">
         <path>/home/eunwho/ti/ccs910/ccs/tools/compiler/ti-cgt-c2000_18.12.2.LTS/lib/</path>
         <kind>archive</kind>
         <file>rts2800_fpu32.lib</file>
         <name>_lock.c.obj</name>
      </input_file>
      <input_file id="fl-37">
         <path>/home/eunwho/ti/ccs910/ccs/tools/compiler/ti-cgt-c2000_18.12.2.LTS/lib/</path>
         <kind>archive</kind>
         <file>rts2800_fpu32.lib</file>
         <name>s_floorf.c.obj</name>
      </input_file>
      <input_file id="fl-38">
         <path>/home/eunwho/ti/ccs910/ccs/tools/compiler/ti-cgt-c2000_18.12.2.LTS/lib/</path>
         <kind>archive</kind>
         <file>rts2800_fpu32.lib</file>
         <name>memory.c.obj</name>
      </input_file>
      <input_file id="fl-39">
         <path>/home/eunwho/ti/ccs910/ccs/tools/compiler/ti-cgt-c2000_18.12.2.LTS/lib/</path>
         <kind>archive</kind>
         <file>rts2800_fpu32.lib</file>
         <name>memcpy.c.obj</name>
      </input_file>
      <input_file id="fl-3a">
         <path>/home/eunwho/ti/ccs910/ccs/tools/compiler/ti-cgt-c2000_18.12.2.LTS/lib/</path>
         <kind>archive</kind>
         <file>rts2800_fpu32.lib</file>
         <name>memset.c.obj</name>
      </input_file>
      <input_file id="fl-3b">
         <path>/home/eunwho/ti/ccs910/ccs/tools/compiler/ti-cgt-c2000_18.12.2.LTS/lib/</path>
         <kind>archive</kind>
         <file>rts2800_fpu32.lib</file>
         <name>s_sinf.c.obj</name>
      </input_file>
      <input_file id="fl-3c">
         <path>/home/eunwho/ti/ccs910/ccs/tools/compiler/ti-cgt-c2000_18.12.2.LTS/lib/</path>
         <kind>archive</kind>
         <file>rts2800_fpu32.lib</file>
         <name>snprintf.c.obj</name>
      </input_file>
      <input_file id="fl-3d">
         <path>/home/eunwho/ti/ccs910/ccs/tools/compiler/ti-cgt-c2000_18.12.2.LTS/lib/</path>
         <kind>archive</kind>
         <file>rts2800_fpu32.lib</file>
         <name>_printfi.c.obj</name>
      </input_file>
      <input_file id="fl-3e">
         <path>/home/eunwho/ti/ccs910/ccs/tools/compiler/ti-cgt-c2000_18.12.2.LTS/lib/</path>
         <kind>archive</kind>
         <file>rts2800_fpu32.lib</file>
         <name>fd_cmp28.asm.obj</name>
      </input_file>
      <input_file id="fl-3f">
         <path>/home/eunwho/ti/ccs910/ccs/tools/compiler/ti-cgt-c2000_18.12.2.LTS/lib/</path>
         <kind>archive</kind>
         <file>rts2800_fpu32.lib</file>
         <name>fd_div28.asm.obj</name>
      </input_file>
      <input_file id="fl-40">
         <path>/home/eunwho/ti/ccs910/ccs/tools/compiler/ti-cgt-c2000_18.12.2.LTS/lib/</path>
         <kind>archive</kind>
         <file>rts2800_fpu32.lib</file>
         <name>fd_mpy28.asm.obj</name>
      </input_file>
      <input_file id="fl-41">
         <path>/home/eunwho/ti/ccs910/ccs/tools/compiler/ti-cgt-c2000_18.12.2.LTS/lib/</path>
         <kind>archive</kind>
         <file>rts2800_fpu32.lib</file>
         <name>fd_neg28.asm.obj</name>
      </input_file>
      <input_file id="fl-42">
         <path>/home/eunwho/ti/ccs910/ccs/tools/compiler/ti-cgt-c2000_18.12.2.LTS/lib/</path>
         <kind>archive</kind>
         <file>rts2800_fpu32.lib</file>
         <name>fd_sub28.asm.obj</name>
      </input_file>
      <input_file id="fl-43">
         <path>/home/eunwho/ti/ccs910/ccs/tools/compiler/ti-cgt-c2000_18.12.2.LTS/lib/</path>
         <kind>archive</kind>
         <file>rts2800_fpu32.lib</file>
         <name>fd_add28.asm.obj</name>
      </input_file>
      <input_file id="fl-44">
         <path>/home/eunwho/ti/ccs910/ccs/tools/compiler/ti-cgt-c2000_18.12.2.LTS/lib/</path>
         <kind>archive</kind>
         <file>rts2800_fpu32.lib</file>
         <name>fd_toi28.asm.obj</name>
      </input_file>
      <input_file id="fl-45">
         <path>/home/eunwho/ti/ccs910/ccs/tools/compiler/ti-cgt-c2000_18.12.2.LTS/lib/</path>
         <kind>archive</kind>
         <file>rts2800_fpu32.lib</file>
         <name>fd_tol28.asm.obj</name>
      </input_file>
      <input_file id="fl-46">
         <path>/home/eunwho/ti/ccs910/ccs/tools/compiler/ti-cgt-c2000_18.12.2.LTS/lib/</path>
         <kind>archive</kind>
         <file>rts2800_fpu32.lib</file>
         <name>fs_tofdfpu32.asm.obj</name>
      </input_file>
      <input_file id="fl-47">
         <path>/home/eunwho/ti/ccs910/ccs/tools/compiler/ti-cgt-c2000_18.12.2.LTS/lib/</path>
         <kind>archive</kind>
         <file>rts2800_fpu32.lib</file>
         <name>i_tofd28.asm.obj</name>
      </input_file>
      <input_file id="fl-48">
         <path>/home/eunwho/ti/ccs910/ccs/tools/compiler/ti-cgt-c2000_18.12.2.LTS/lib/</path>
         <kind>archive</kind>
         <file>rts2800_fpu32.lib</file>
         <name>l_tofd28.asm.obj</name>
      </input_file>
      <input_file id="fl-49">
         <path>/home/eunwho/ti/ccs910/ccs/tools/compiler/ti-cgt-c2000_18.12.2.LTS/lib/</path>
         <kind>archive</kind>
         <file>rts2800_fpu32.lib</file>
         <name>ll_aox28.asm.obj</name>
      </input_file>
      <input_file id="fl-4a">
         <path>/home/eunwho/ti/ccs910/ccs/tools/compiler/ti-cgt-c2000_18.12.2.LTS/lib/</path>
         <kind>archive</kind>
         <file>rts2800_fpu32.lib</file>
         <name>ll_cmp28.asm.obj</name>
      </input_file>
      <input_file id="fl-4b">
         <path>/home/eunwho/ti/ccs910/ccs/tools/compiler/ti-cgt-c2000_18.12.2.LTS/lib/</path>
         <kind>archive</kind>
         <file>rts2800_fpu32.lib</file>
         <name>ll_div28.asm.obj</name>
      </input_file>
      <input_file id="fl-4c">
         <path>/home/eunwho/ti/ccs910/ccs/tools/compiler/ti-cgt-c2000_18.12.2.LTS/lib/</path>
         <kind>archive</kind>
         <file>rts2800_fpu32.lib</file>
         <name>atoi.c.obj</name>
      </input_file>
      <input_file id="fl-4d">
         <path>/home/eunwho/ti/ccs910/ccs/tools/compiler/ti-cgt-c2000_18.12.2.LTS/lib/</path>
         <kind>archive</kind>
         <file>rts2800_fpu32.lib</file>
         <name>ctype.c.obj</name>
      </input_file>
      <input_file id="fl-4e">
         <path>/home/eunwho/ti/ccs910/ccs/tools/compiler/ti-cgt-c2000_18.12.2.LTS/lib/</path>
         <kind>archive</kind>
         <file>rts2800_fpu32.lib</file>
         <name>s_frexp.c.obj</name>
      </input_file>
      <input_file id="fl-4f">
         <path>/home/eunwho/ti/ccs910/ccs/tools/compiler/ti-cgt-c2000_18.12.2.LTS/lib/</path>
         <kind>archive</kind>
         <file>rts2800_fpu32.lib</file>
         <name>s_scalbn.c.obj</name>
      </input_file>
      <input_file id="fl-50">
         <path>/home/eunwho/ti/ccs910/ccs/tools/compiler/ti-cgt-c2000_18.12.2.LTS/lib/</path>
         <kind>archive</kind>
         <file>rts2800_fpu32.lib</file>
         <name>s_copysign.c.obj</name>
      </input_file>
      <input_file id="fl-51">
         <path>/home/eunwho/ti/ccs910/ccs/tools/compiler/ti-cgt-c2000_18.12.2.LTS/lib/</path>
         <kind>archive</kind>
         <file>rts2800_fpu32.lib</file>
         <name>errno.c.obj</name>
      </input_file>
      <input_file id="fl-52">
         <path>/home/eunwho/ti/ccs910/ccs/tools/compiler/ti-cgt-c2000_18.12.2.LTS/lib/</path>
         <kind>archive</kind>
         <file>rts2800_fpu32.lib</file>
         <name>ltoa.c.obj</name>
      </input_file>
      <input_file id="fl-53">
         <path>/home/eunwho/ti/ccs910/ccs/tools/compiler/ti-cgt-c2000_18.12.2.LTS/lib/</path>
         <kind>archive</kind>
         <file>rts2800_fpu32.lib</file>
         <name>l_div28.asm.obj</name>
      </input_file>
      <input_file id="fl-54">
         <path>/home/eunwho/ti/ccs910/ccs/tools/compiler/ti-cgt-c2000_18.12.2.LTS/lib/</path>
         <kind>archive</kind>
         <file>rts2800_fpu32.lib</file>
         <name>memccpy.c.obj</name>
      </input_file>
      <input_file id="fl-55">
         <path>/home/eunwho/ti/ccs910/ccs/tools/compiler/ti-cgt-c2000_18.12.2.LTS/lib/</path>
         <kind>archive</kind>
         <file>rts2800_fpu32.lib</file>
         <name>e_sqrtf.c.obj</name>
      </input_file>
      <input_file id="fl-56">
         <path>/home/eunwho/ti/ccs910/ccs/tools/compiler/ti-cgt-c2000_18.12.2.LTS/lib/</path>
         <kind>archive</kind>
         <file>rts2800_fpu32.lib</file>
         <name>strchr.c.obj</name>
      </input_file>
      <input_file id="fl-57">
         <path>/home/eunwho/ti/ccs910/ccs/tools/compiler/ti-cgt-c2000_18.12.2.LTS/lib/</path>
         <kind>archive</kind>
         <file>rts2800_fpu32.lib</file>
         <name>strcpy.c.obj</name>
      </input_file>
      <input_file id="fl-58">
         <path>/home/eunwho/ti/ccs910/ccs/tools/compiler/ti-cgt-c2000_18.12.2.LTS/lib/</path>
         <kind>archive</kind>
         <file>rts2800_fpu32.lib</file>
         <name>strlen.c.obj</name>
      </input_file>
      <input_file id="fl-59">
         <path>/home/eunwho/ti/ccs910/ccs/tools/compiler/ti-cgt-c2000_18.12.2.LTS/lib/</path>
         <kind>archive</kind>
         <file>rts2800_fpu32.lib</file>
         <name>strncpy.c.obj</name>
      </input_file>
      <input_file id="fl-5a">
         <path>/home/eunwho/ti/ccs910/ccs/tools/compiler/ti-cgt-c2000_18.12.2.LTS/lib/</path>
         <kind>archive</kind>
         <file>rts2800_fpu32.lib</file>
         <name>strtod.c.obj</name>
      </input_file>
      <input_file id="fl-5b">
         <path>/home/eunwho/ti/ccs910/ccs/tools/compiler/ti-cgt-c2000_18.12.2.LTS/lib/</path>
         <kind>archive</kind>
         <file>rts2800_fpu32.lib</file>
         <name>s_scalbnf.c.obj</name>
      </input_file>
      <input_file id="fl-5c">
         <path>/home/eunwho/ti/ccs910/ccs/tools/compiler/ti-cgt-c2000_18.12.2.LTS/lib/</path>
         <kind>archive</kind>
         <file>rts2800_fpu32.lib</file>
         <name>s_copysignf.c.obj</name>
      </input_file>
      <input_file id="fl-5d">
         <path>/home/eunwho/ti/ccs910/ccs/tools/compiler/ti-cgt-c2000_18.12.2.LTS/lib/</path>
         <kind>archive</kind>
         <file>rts2800_fpu32.lib</file>
         <name>wcslen.c.obj</name>
      </input_file>
   </input_file_list>
   <object_component_list>
      <object_component id="oc-fa">
         <name>.cinit</name>
         <load_address>0x3f4b78</load_address>
         <run_address>0x3f4b78</run_address>
         <size>0x235</size>
         <input_file_ref idref="fl-19"/>
      </object_component>
      <object_component id="oc-103">
         <name>.cinit</name>
         <load_address>0x3f4dad</load_address>
         <run_address>0x3f4dad</run_address>
         <size>0x1e</size>
         <input_file_ref idref="fl-1a"/>
      </object_component>
      <object_component id="oc-171">
         <name>.cinit</name>
         <load_address>0x3f4dcb</load_address>
         <run_address>0x3f4dcb</run_address>
         <size>0xe</size>
         <input_file_ref idref="fl-35"/>
      </object_component>
      <object_component id="oc-124">
         <name>.cinit</name>
         <load_address>0x3f4dd9</load_address>
         <run_address>0x3f4dd9</run_address>
         <size>0xc</size>
         <input_file_ref idref="fl-1f"/>
      </object_component>
      <object_component id="oc-13a">
         <name>.cinit</name>
         <load_address>0x3f4de5</load_address>
         <run_address>0x3f4de5</run_address>
         <size>0xa</size>
         <input_file_ref idref="fl-22"/>
      </object_component>
      <object_component id="oc-26a">
         <name>.cinit:_Vs_abc</name>
         <load_address>0x3f4def</load_address>
         <run_address>0x3f4def</run_address>
         <size>0x9</size>
         <input_file_ref idref="fl-19"/>
      </object_component>
      <object_component id="oc-268">
         <name>.cinit:_Vs_abc_ref</name>
         <load_address>0x3f4df8</load_address>
         <run_address>0x3f4df8</run_address>
         <size>0x9</size>
         <input_file_ref idref="fl-19"/>
      </object_component>
      <object_component id="oc-266">
         <name>.cinit:_sgn_Is</name>
         <load_address>0x3f4e01</load_address>
         <run_address>0x3f4e01</run_address>
         <size>0x9</size>
         <input_file_ref idref="fl-19"/>
      </object_component>
      <object_component id="oc-2aa">
         <name>.cinit:_Fs_dq</name>
         <load_address>0x3f4e0a</load_address>
         <run_address>0x3f4e0a</run_address>
         <size>0x7</size>
         <input_file_ref idref="fl-19"/>
      </object_component>
      <object_component id="oc-280">
         <name>.cinit:_Is_DQ</name>
         <load_address>0x3f4e11</load_address>
         <run_address>0x3f4e11</run_address>
         <size>0x7</size>
         <input_file_ref idref="fl-19"/>
      </object_component>
      <object_component id="oc-29e">
         <name>.cinit:_Is_DQ_ErrInt</name>
         <load_address>0x3f4e18</load_address>
         <run_address>0x3f4e18</run_address>
         <size>0x7</size>
         <input_file_ref idref="fl-19"/>
      </object_component>
      <object_component id="oc-29a">
         <name>.cinit:_Is_DQ_max</name>
         <load_address>0x3f4e1f</load_address>
         <run_address>0x3f4e1f</run_address>
         <size>0x7</size>
         <input_file_ref idref="fl-19"/>
      </object_component>
      <object_component id="oc-29c">
         <name>.cinit:_Is_DQ_ref</name>
         <load_address>0x3f4e26</load_address>
         <run_address>0x3f4e26</run_address>
         <size>0x7</size>
         <input_file_ref idref="fl-19"/>
      </object_component>
      <object_component id="oc-2ae">
         <name>.cinit:_Is_dq_ErrInt</name>
         <load_address>0x3f4e2d</load_address>
         <run_address>0x3f4e2d</run_address>
         <size>0x7</size>
         <input_file_ref idref="fl-19"/>
      </object_component>
      <object_component id="oc-2ac">
         <name>.cinit:_Is_dq_ref</name>
         <load_address>0x3f4e34</load_address>
         <run_address>0x3f4e34</run_address>
         <size>0x7</size>
         <input_file_ref idref="fl-19"/>
      </object_component>
      <object_component id="oc-284">
         <name>.cinit:_Us_dq</name>
         <load_address>0x3f4e3b</load_address>
         <run_address>0x3f4e3b</run_address>
         <size>0x7</size>
         <input_file_ref idref="fl-19"/>
      </object_component>
      <object_component id="oc-282">
         <name>.cinit:_Vs_DQ</name>
         <load_address>0x3f4e42</load_address>
         <run_address>0x3f4e42</run_address>
         <size>0x7</size>
         <input_file_ref idref="fl-19"/>
      </object_component>
      <object_component id="oc-2a4">
         <name>.cinit:_Vs_DQ_comp</name>
         <load_address>0x3f4e49</load_address>
         <run_address>0x3f4e49</run_address>
         <size>0x7</size>
         <input_file_ref idref="fl-19"/>
      </object_component>
      <object_component id="oc-2a0">
         <name>.cinit:_Vs_DQ_max</name>
         <load_address>0x3f4e50</load_address>
         <run_address>0x3f4e50</run_address>
         <size>0x7</size>
         <input_file_ref idref="fl-19"/>
      </object_component>
      <object_component id="oc-2a2">
         <name>.cinit:_Vs_DQ_ref</name>
         <load_address>0x3f4e57</load_address>
         <run_address>0x3f4e57</run_address>
         <size>0x7</size>
         <input_file_ref idref="fl-19"/>
      </object_component>
      <object_component id="oc-2a6">
         <name>.cinit:_Vs_DQ_ref_P</name>
         <load_address>0x3f4e5e</load_address>
         <run_address>0x3f4e5e</run_address>
         <size>0x7</size>
         <input_file_ref idref="fl-19"/>
      </object_component>
      <object_component id="oc-2a8">
         <name>.cinit:_Vs_DQ_ref_PI</name>
         <load_address>0x3f4e65</load_address>
         <run_address>0x3f4e65</run_address>
         <size>0x7</size>
         <input_file_ref idref="fl-19"/>
      </object_component>
      <object_component id="oc-26c">
         <name>.cinit:_Vs_dq</name>
         <load_address>0x3f4e6c</load_address>
         <run_address>0x3f4e6c</run_address>
         <size>0x7</size>
         <input_file_ref idref="fl-19"/>
      </object_component>
      <object_component id="oc-258">
         <name>.cinit:_Vs_dq_ref</name>
         <load_address>0x3f4e73</load_address>
         <run_address>0x3f4e73</run_address>
         <size>0x7</size>
         <input_file_ref idref="fl-19"/>
      </object_component>
      <object_component id="oc-be">
         <name>.cinit</name>
         <load_address>0x3f4e7a</load_address>
         <run_address>0x3f4e7a</run_address>
         <size>0x5</size>
         <input_file_ref idref="fl-f"/>
      </object_component>
      <object_component id="oc-274">
         <name>.cinit:__lock</name>
         <load_address>0x3f4e7f</load_address>
         <run_address>0x3f4e7f</run_address>
         <size>0x5</size>
         <input_file_ref idref="fl-36"/>
      </object_component>
      <object_component id="oc-293">
         <name>.cinit:__unlock</name>
         <load_address>0x3f4e84</load_address>
         <run_address>0x3f4e84</run_address>
         <size>0x5</size>
         <input_file_ref idref="fl-36"/>
      </object_component>
      <object_component id="oc-e3">
         <name>.cinit</name>
         <load_address>0x3f4e89</load_address>
         <run_address>0x3f4e89</run_address>
         <size>0x5</size>
         <input_file_ref idref="fl-15"/>
      </object_component>
      <object_component id="oc-279">
         <name>.cinit:_MonitorMsg</name>
         <load_address>0x3f4e8e</load_address>
         <run_address>0x3f4e8e</run_address>
         <size>0x4</size>
         <input_file_ref idref="fl-19"/>
      </object_component>
      <object_component id="oc-245">
         <name>.cinit:_adc_result</name>
         <load_address>0x3f4e92</load_address>
         <run_address>0x3f4e92</run_address>
         <size>0x4</size>
         <input_file_ref idref="fl-19"/>
      </object_component>
      <object_component id="oc-291">
         <name>.cinit:_gStr1</name>
         <load_address>0x3f4e96</load_address>
         <run_address>0x3f4e96</run_address>
         <size>0x4</size>
         <input_file_ref idref="fl-19"/>
      </object_component>
      <object_component id="oc-254">
         <name>.cinit:_msg_box</name>
         <load_address>0x3f4e9a</load_address>
         <run_address>0x3f4e9a</run_address>
         <size>0x4</size>
         <input_file_ref idref="fl-1a"/>
      </object_component>
      <object_component id="oc-295">
         <name>.cinit:_scia_rx_msg_box</name>
         <load_address>0x3f4e9e</load_address>
         <run_address>0x3f4e9e</run_address>
         <size>0x4</size>
         <input_file_ref idref="fl-1a"/>
      </object_component>
      <object_component id="oc-252">
         <name>.cinit:_scia_tx_msg_box</name>
         <load_address>0x3f4ea2</load_address>
         <run_address>0x3f4ea2</run_address>
         <size>0x4</size>
         <input_file_ref idref="fl-1a"/>
      </object_component>
      <object_component id="oc-204">
         <name>.cinit</name>
         <load_address>0x3f4ea6</load_address>
         <run_address>0x3f4ea6</run_address>
         <size>0x4</size>
         <input_file_ref idref="fl-51"/>
      </object_component>
      <object_component id="oc-183">
         <name>.cinit</name>
         <load_address>0x3f4eaa</load_address>
         <run_address>0x3f4eaa</run_address>
         <size>0x4</size>
         <input_file_ref idref="fl-38"/>
      </object_component>
      <object_component id="oc-11c">
         <name>.cinit</name>
         <load_address>0x3f4eae</load_address>
         <run_address>0x3f4eae</run_address>
         <size>0x4</size>
         <input_file_ref idref="fl-1e"/>
      </object_component>
      <object_component id="oc-12c">
         <name>.cinit</name>
         <load_address>0x3f4eb2</load_address>
         <run_address>0x3f4eb2</run_address>
         <size>0x4</size>
         <input_file_ref idref="fl-20"/>
      </object_component>
      <object_component id="oc-2b1">
         <name>.text</name>
         <load_address>0x3d8000</load_address>
         <run_address>0x3d8000</run_address>
         <size>0xce3</size>
         <input_file_ref idref="fl-3d"/>
      </object_component>
      <object_component id="oc-286">
         <name>.text</name>
         <load_address>0x3d8ce3</load_address>
         <run_address>0x3d8ce3</run_address>
         <size>0x9a0</size>
         <input_file_ref idref="fl-14"/>
      </object_component>
      <object_component id="oc-275">
         <name>.text</name>
         <load_address>0x3d9683</load_address>
         <run_address>0x3d9683</run_address>
         <size>0x7d3</size>
         <input_file_ref idref="fl-1a"/>
      </object_component>
      <object_component id="oc-26e">
         <name>.text</name>
         <load_address>0x3d9e56</load_address>
         <run_address>0x3d9e56</run_address>
         <size>0x644</size>
         <input_file_ref idref="fl-21"/>
      </object_component>
      <object_component id="oc-270">
         <name>.text</name>
         <load_address>0x3da49a</load_address>
         <run_address>0x3da49a</run_address>
         <size>0x446</size>
         <input_file_ref idref="fl-1f"/>
      </object_component>
      <object_component id="oc-276">
         <name>.text</name>
         <load_address>0x3da8e0</load_address>
         <run_address>0x3da8e0</run_address>
         <size>0x440</size>
         <input_file_ref idref="fl-10"/>
      </object_component>
      <object_component id="oc-63">
         <name>.text:retain</name>
         <load_address>0x3dad20</load_address>
         <run_address>0x3dad20</run_address>
         <size>0x39b</size>
         <input_file_ref idref="fl-8"/>
      </object_component>
      <object_component id="oc-255">
         <name>.text</name>
         <load_address>0x3db0bb</load_address>
         <run_address>0x3db0bb</run_address>
         <size>0x38a</size>
         <input_file_ref idref="fl-1d"/>
      </object_component>
      <object_component id="oc-26f">
         <name>.text</name>
         <load_address>0x3db445</load_address>
         <run_address>0x3db445</run_address>
         <size>0x32d</size>
         <input_file_ref idref="fl-22"/>
      </object_component>
      <object_component id="oc-272">
         <name>.text</name>
         <load_address>0x3db772</load_address>
         <run_address>0x3db772</run_address>
         <size>0x2a5</size>
         <input_file_ref idref="fl-19"/>
      </object_component>
      <object_component id="oc-297">
         <name>.text</name>
         <load_address>0x3dba17</load_address>
         <run_address>0x3dba17</run_address>
         <size>0x266</size>
         <input_file_ref idref="fl-38"/>
      </object_component>
      <object_component id="oc-289">
         <name>.text</name>
         <load_address>0x3dbc7d</load_address>
         <run_address>0x3dbc7d</run_address>
         <size>0x258</size>
         <input_file_ref idref="fl-17"/>
      </object_component>
      <object_component id="oc-28e">
         <name>.text</name>
         <load_address>0x3dbed5</load_address>
         <run_address>0x3dbed5</run_address>
         <size>0x23a</size>
         <input_file_ref idref="fl-4"/>
      </object_component>
      <object_component id="oc-2b4">
         <name>.text</name>
         <load_address>0x3dc10f</load_address>
         <run_address>0x3dc10f</run_address>
         <size>0x1ff</size>
         <input_file_ref idref="fl-5a"/>
      </object_component>
      <object_component id="oc-288">
         <name>.text</name>
         <load_address>0x3dc30e</load_address>
         <run_address>0x3dc30e</run_address>
         <size>0x1b4</size>
         <input_file_ref idref="fl-e"/>
      </object_component>
      <object_component id="oc-277">
         <name>.text</name>
         <load_address>0x3dc4c2</load_address>
         <run_address>0x3dc4c2</run_address>
         <size>0x1ac</size>
         <input_file_ref idref="fl-12"/>
      </object_component>
      <object_component id="oc-11e">
         <name>.text:retain</name>
         <load_address>0x3dc66e</load_address>
         <run_address>0x3dc66e</run_address>
         <size>0x1a3</size>
         <input_file_ref idref="fl-1e"/>
      </object_component>
      <object_component id="oc-d7">
         <name>.text:retain</name>
         <load_address>0x3dc811</load_address>
         <run_address>0x3dc811</run_address>
         <size>0x193</size>
         <input_file_ref idref="fl-13"/>
      </object_component>
      <object_component id="oc-25d">
         <name>.text</name>
         <load_address>0x3dc9a4</load_address>
         <run_address>0x3dc9a4</run_address>
         <size>0x192</size>
         <input_file_ref idref="fl-c"/>
      </object_component>
      <object_component id="oc-12e">
         <name>.text:retain</name>
         <load_address>0x3dcb36</load_address>
         <run_address>0x3dcb36</run_address>
         <size>0x170</size>
         <input_file_ref idref="fl-20"/>
      </object_component>
      <object_component id="oc-27b">
         <name>.text</name>
         <load_address>0x3dcca6</load_address>
         <run_address>0x3dcca6</run_address>
         <size>0x16a</size>
         <input_file_ref idref="fl-11"/>
      </object_component>
      <object_component id="oc-250">
         <name>.text</name>
         <load_address>0x3dce10</load_address>
         <run_address>0x3dce10</run_address>
         <size>0x140</size>
         <input_file_ref idref="fl-15"/>
      </object_component>
      <object_component id="oc-1e6">
         <name>.text</name>
         <load_address>0x3dcf50</load_address>
         <run_address>0x3dcf50</run_address>
         <size>0x107</size>
         <input_file_ref idref="fl-4b"/>
      </object_component>
      <object_component id="oc-105">
         <name>.text:retain</name>
         <load_address>0x3dd057</load_address>
         <run_address>0x3dd057</run_address>
         <size>0xef</size>
         <input_file_ref idref="fl-1a"/>
      </object_component>
      <object_component id="oc-249">
         <name>.text</name>
         <load_address>0x3dd146</load_address>
         <run_address>0x3dd146</run_address>
         <size>0xe7</size>
         <input_file_ref idref="fl-18"/>
      </object_component>
      <object_component id="oc-25a">
         <name>.text</name>
         <load_address>0x3dd22d</load_address>
         <run_address>0x3dd22d</run_address>
         <size>0xdd</size>
         <input_file_ref idref="fl-16"/>
      </object_component>
      <object_component id="oc-2ba">
         <name>.text</name>
         <load_address>0x3dd30a</load_address>
         <run_address>0x3dd30a</run_address>
         <size>0xae</size>
         <input_file_ref idref="fl-4f"/>
      </object_component>
      <object_component id="oc-1be">
         <name>.text</name>
         <load_address>0x3dd3b8</load_address>
         <run_address>0x3dd3b8</run_address>
         <size>0x9c</size>
         <input_file_ref idref="fl-43"/>
      </object_component>
      <object_component id="oc-1aa">
         <name>.text</name>
         <load_address>0x3dd454</load_address>
         <run_address>0x3dd454</run_address>
         <size>0x8b</size>
         <input_file_ref idref="fl-3f"/>
      </object_component>
      <object_component id="oc-141">
         <name>.text</name>
         <load_address>0x3dd4df</load_address>
         <run_address>0x3dd4df</run_address>
         <size>0x88</size>
         <input_file_ref idref="fl-2c"/>
      </object_component>
      <object_component id="oc-1af">
         <name>.text</name>
         <load_address>0x3dd567</load_address>
         <run_address>0x3dd567</run_address>
         <size>0x83</size>
         <input_file_ref idref="fl-40"/>
      </object_component>
      <object_component id="oc-28f">
         <name>.text</name>
         <load_address>0x3dd5ea</load_address>
         <run_address>0x3dd5ea</run_address>
         <size>0x77</size>
         <input_file_ref idref="fl-13"/>
      </object_component>
      <object_component id="oc-28d">
         <name>.text</name>
         <load_address>0x3dd661</load_address>
         <run_address>0x3dd661</run_address>
         <size>0x76</size>
         <input_file_ref idref="fl-7"/>
      </object_component>
      <object_component id="oc-27d">
         <name>.text</name>
         <load_address>0x3dd6d7</load_address>
         <run_address>0x3dd6d7</run_address>
         <size>0x63</size>
         <input_file_ref idref="fl-34"/>
      </object_component>
      <object_component id="oc-2b9">
         <name>.text</name>
         <load_address>0x3dd73a</load_address>
         <run_address>0x3dd73a</run_address>
         <size>0x5a</size>
         <input_file_ref idref="fl-4e"/>
      </object_component>
      <object_component id="oc-287">
         <name>.text</name>
         <load_address>0x3dd794</load_address>
         <run_address>0x3dd794</run_address>
         <size>0x5a</size>
         <input_file_ref idref="fl-3c"/>
      </object_component>
      <object_component id="oc-26d">
         <name>.text</name>
         <load_address>0x3dd7ee</load_address>
         <run_address>0x3dd7ee</run_address>
         <size>0x59</size>
         <input_file_ref idref="fl-37"/>
      </object_component>
      <object_component id="oc-27c">
         <name>.text</name>
         <load_address>0x3dd847</load_address>
         <run_address>0x3dd847</run_address>
         <size>0x59</size>
         <input_file_ref idref="fl-3b"/>
      </object_component>
      <object_component id="oc-2c1">
         <name>.text</name>
         <load_address>0x3dd8a0</load_address>
         <run_address>0x3dd8a0</run_address>
         <size>0x58</size>
         <input_file_ref idref="fl-5b"/>
      </object_component>
      <object_component id="oc-150">
         <name>.text</name>
         <load_address>0x3dd8f8</load_address>
         <run_address>0x3dd8f8</run_address>
         <size>0x56</size>
         <input_file_ref idref="fl-2f"/>
      </object_component>
      <object_component id="oc-298">
         <name>.text</name>
         <load_address>0x3dd94e</load_address>
         <run_address>0x3dd94e</run_address>
         <size>0x48</size>
         <input_file_ref idref="fl-1b"/>
      </object_component>
      <object_component id="oc-2b6">
         <name>.text</name>
         <load_address>0x3dd996</load_address>
         <run_address>0x3dd996</run_address>
         <size>0x31</size>
         <input_file_ref idref="fl-4c"/>
      </object_component>
      <object_component id="oc-2b8">
         <name>.text</name>
         <load_address>0x3dd9c7</load_address>
         <run_address>0x3dd9c7</run_address>
         <size>0x30</size>
         <input_file_ref idref="fl-52"/>
      </object_component>
      <object_component id="oc-1a5">
         <name>.text</name>
         <load_address>0x3dd9f7</load_address>
         <run_address>0x3dd9f7</run_address>
         <size>0x2a</size>
         <input_file_ref idref="fl-3e"/>
      </object_component>
      <object_component id="oc-20c">
         <name>.text</name>
         <load_address>0x3dda21</load_address>
         <run_address>0x3dda21</run_address>
         <size>0x2a</size>
         <input_file_ref idref="fl-53"/>
      </object_component>
      <object_component id="oc-262">
         <name>.text</name>
         <load_address>0x3dda4b</load_address>
         <run_address>0x3dda4b</run_address>
         <size>0x29</size>
         <input_file_ref idref="fl-35"/>
      </object_component>
      <object_component id="oc-28b">
         <name>.text</name>
         <load_address>0x3dda74</load_address>
         <run_address>0x3dda74</run_address>
         <size>0x28</size>
         <input_file_ref idref="fl-a"/>
      </object_component>
      <object_component id="oc-285">
         <name>.text</name>
         <load_address>0x3dda9c</load_address>
         <run_address>0x3dda9c</run_address>
         <size>0x27</size>
         <input_file_ref idref="fl-55"/>
      </object_component>
      <object_component id="oc-28c">
         <name>.text</name>
         <load_address>0x3ddac3</load_address>
         <run_address>0x3ddac3</run_address>
         <size>0x26</size>
         <input_file_ref idref="fl-b"/>
      </object_component>
      <object_component id="oc-2c2">
         <name>.text</name>
         <load_address>0x3ddae9</load_address>
         <run_address>0x3ddae9</run_address>
         <size>0x25</size>
         <input_file_ref idref="fl-50"/>
      </object_component>
      <object_component id="oc-25f">
         <name>.text</name>
         <load_address>0x3ddb0e</load_address>
         <run_address>0x3ddb0e</run_address>
         <size>0x24</size>
         <input_file_ref idref="fl-33"/>
      </object_component>
      <object_component id="oc-146">
         <name>.text</name>
         <load_address>0x3ddb32</load_address>
         <run_address>0x3ddb32</run_address>
         <size>0x22</size>
         <input_file_ref idref="fl-2d"/>
      </object_component>
      <object_component id="oc-1c3">
         <name>.text</name>
         <load_address>0x3ddb54</load_address>
         <run_address>0x3ddb54</run_address>
         <size>0x21</size>
         <input_file_ref idref="fl-44"/>
      </object_component>
      <object_component id="oc-256">
         <name>.text</name>
         <load_address>0x3ddb75</load_address>
         <run_address>0x3ddb75</run_address>
         <size>0x21</size>
         <input_file_ref idref="fl-1e"/>
      </object_component>
      <object_component id="oc-1c8">
         <name>.text</name>
         <load_address>0x3ddb96</load_address>
         <run_address>0x3ddb96</run_address>
         <size>0x1f</size>
         <input_file_ref idref="fl-45"/>
      </object_component>
      <object_component id="oc-1e1">
         <name>.text</name>
         <load_address>0x3ddbb5</load_address>
         <run_address>0x3ddbb5</run_address>
         <size>0x1e</size>
         <input_file_ref idref="fl-4a"/>
      </object_component>
      <object_component id="oc-1d2">
         <name>.text</name>
         <load_address>0x3ddbd3</load_address>
         <run_address>0x3ddbd3</run_address>
         <size>0x1d</size>
         <input_file_ref idref="fl-47"/>
      </object_component>
      <object_component id="oc-271">
         <name>.text</name>
         <load_address>0x3ddbf0</load_address>
         <run_address>0x3ddbf0</run_address>
         <size>0x1d</size>
         <input_file_ref idref="fl-39"/>
      </object_component>
      <object_component id="oc-1cd">
         <name>.text</name>
         <load_address>0x3ddc0d</load_address>
         <run_address>0x3ddc0d</run_address>
         <size>0x1c</size>
         <input_file_ref idref="fl-46"/>
      </object_component>
      <object_component id="oc-1d7">
         <name>.text</name>
         <load_address>0x3ddc29</load_address>
         <run_address>0x3ddc29</run_address>
         <size>0x1c</size>
         <input_file_ref idref="fl-48"/>
      </object_component>
      <object_component id="oc-263">
         <name>.text</name>
         <load_address>0x3ddc45</load_address>
         <run_address>0x3ddc45</run_address>
         <size>0x1b</size>
         <input_file_ref idref="fl-1c"/>
      </object_component>
      <object_component id="oc-261">
         <name>.text</name>
         <load_address>0x3ddc60</load_address>
         <run_address>0x3ddc60</run_address>
         <size>0x19</size>
         <input_file_ref idref="fl-30"/>
      </object_component>
      <object_component id="oc-1dc">
         <name>.text</name>
         <load_address>0x3ddc79</load_address>
         <run_address>0x3ddc79</run_address>
         <size>0x18</size>
         <input_file_ref idref="fl-49"/>
      </object_component>
      <object_component id="oc-27a">
         <name>.text</name>
         <load_address>0x3ddc91</load_address>
         <run_address>0x3ddc91</run_address>
         <size>0x15</size>
         <input_file_ref idref="fl-59"/>
      </object_component>
      <object_component id="oc-fc">
         <name>.text:retain</name>
         <load_address>0x3ddca6</load_address>
         <run_address>0x3ddca6</run_address>
         <size>0x14</size>
         <input_file_ref idref="fl-19"/>
      </object_component>
      <object_component id="oc-2c3">
         <name>.text</name>
         <load_address>0x3ddcba</load_address>
         <run_address>0x3ddcba</run_address>
         <size>0x11</size>
         <input_file_ref idref="fl-5c"/>
      </object_component>
      <object_component id="oc-1b9">
         <name>.text</name>
         <load_address>0x3ddccb</load_address>
         <run_address>0x3ddccb</run_address>
         <size>0xe</size>
         <input_file_ref idref="fl-42"/>
      </object_component>
      <object_component id="oc-2bc">
         <name>.text</name>
         <load_address>0x3ddcd9</load_address>
         <run_address>0x3ddcd9</run_address>
         <size>0xd</size>
         <input_file_ref idref="fl-54"/>
      </object_component>
      <object_component id="oc-2bb">
         <name>.text</name>
         <load_address>0x3ddce6</load_address>
         <run_address>0x3ddce6</run_address>
         <size>0xc</size>
         <input_file_ref idref="fl-56"/>
      </object_component>
      <object_component id="oc-292">
         <name>.text</name>
         <load_address>0x3ddcf2</load_address>
         <run_address>0x3ddcf2</run_address>
         <size>0x9</size>
         <input_file_ref idref="fl-36"/>
      </object_component>
      <object_component id="oc-1b4">
         <name>.text</name>
         <load_address>0x3ddcfb</load_address>
         <run_address>0x3ddcfb</run_address>
         <size>0x9</size>
         <input_file_ref idref="fl-41"/>
      </object_component>
      <object_component id="oc-2bd">
         <name>.text</name>
         <load_address>0x3ddd04</load_address>
         <run_address>0x3ddd04</run_address>
         <size>0x9</size>
         <input_file_ref idref="fl-5d"/>
      </object_component>
      <object_component id="oc-57">
         <name>.text</name>
         <load_address>0x3ddd0d</load_address>
         <run_address>0x3ddd0d</run_address>
         <size>0x8</size>
         <input_file_ref idref="fl-6"/>
      </object_component>
      <object_component id="oc-2b7">
         <name>.text</name>
         <load_address>0x3ddd15</load_address>
         <run_address>0x3ddd15</run_address>
         <size>0x8</size>
         <input_file_ref idref="fl-58"/>
      </object_component>
      <object_component id="oc-2b5">
         <name>.text</name>
         <load_address>0x3ddd1d</load_address>
         <run_address>0x3ddd1d</run_address>
         <size>0x7</size>
         <input_file_ref idref="fl-3a"/>
      </object_component>
      <object_component id="oc-2b0">
         <name>.text</name>
         <load_address>0x3ddd24</load_address>
         <run_address>0x3ddd24</run_address>
         <size>0x5</size>
         <input_file_ref idref="fl-57"/>
      </object_component>
      <object_component id="oc-296">
         <name>.text</name>
         <load_address>0x3ddd29</load_address>
         <run_address>0x3ddd29</run_address>
         <size>0x4</size>
         <input_file_ref idref="fl-2e"/>
      </object_component>
      <object_component id="oc-25e">
         <name>.text</name>
         <load_address>0x3ddd2d</load_address>
         <run_address>0x3ddd2d</run_address>
         <size>0x2</size>
         <input_file_ref idref="fl-32"/>
      </object_component>
      <object_component id="oc-260">
         <name>.text</name>
         <load_address>0x3ddd2f</load_address>
         <run_address>0x3ddd2f</run_address>
         <size>0x1</size>
         <input_file_ref idref="fl-31"/>
      </object_component>
      <object_component id="oc-4f">
         <name>codestart</name>
         <load_address>0x3f7ff6</load_address>
         <run_address>0x3f7ff6</run_address>
         <size>0x2</size>
         <input_file_ref idref="fl-6"/>
      </object_component>
      <object_component id="oc-28a">
         <name>ramfuncs</name>
         <load_address>0x3f0000</load_address>
         <run_address>0x8000</run_address>
         <size>0x1b</size>
         <input_file_ref idref="fl-c"/>
      </object_component>
      <object_component id="oc-b2">
         <name>ramfuncs</name>
         <load_address>0x3f001b</load_address>
         <run_address>0x801b</run_address>
         <size>0x4</size>
         <input_file_ref idref="fl-d"/>
      </object_component>
      <object_component id="oc-55">
         <name>csmpasswds</name>
         <load_address>0x3f7ff8</load_address>
         <run_address>0x3f7ff8</run_address>
         <size>0x8</size>
         <input_file_ref idref="fl-5"/>
      </object_component>
      <object_component id="oc-56">
         <name>csm_rsvd</name>
         <load_address>0x3f7f80</load_address>
         <run_address>0x3f7f80</run_address>
         <size>0x76</size>
         <input_file_ref idref="fl-5"/>
      </object_component>
      <object_component id="oc-151">
         <name>.stack</name>
         <uninitialized>true</uninitialized>
         <run_address>0x9000</run_address>
         <size>0x0</size>
         <input_file_ref idref="fl-2f"/>
      </object_component>
      <object_component id="oc-31a">
         <name>.stack</name>
         <uninitialized>true</uninitialized>
         <run_address>0x9000</run_address>
         <size>0x0</size>
      </object_component>
      <object_component id="oc-5d">
         <name>.ebss</name>
         <uninitialized>true</uninitialized>
         <run_address>0xb4c0</run_address>
         <size>0x18</size>
         <input_file_ref idref="fl-7"/>
      </object_component>
      <object_component id="oc-bf">
         <name>.ebss</name>
         <uninitialized>true</uninitialized>
         <run_address>0xa97e</run_address>
         <size>0x2</size>
         <input_file_ref idref="fl-f"/>
      </object_component>
      <object_component id="oc-cb">
         <name>.ebss</name>
         <uninitialized>true</uninitialized>
         <run_address>0xb47c</run_address>
         <size>0x4</size>
         <input_file_ref idref="fl-11"/>
      </object_component>
      <object_component id="oc-e4">
         <name>.ebss</name>
         <uninitialized>true</uninitialized>
         <run_address>0xb580</run_address>
         <size>0x2</size>
         <input_file_ref idref="fl-15"/>
      </object_component>
      <object_component id="oc-fb">
         <name>.ebss</name>
         <uninitialized>true</uninitialized>
         <run_address>0xb180</run_address>
         <size>0x2b4</size>
         <input_file_ref idref="fl-19"/>
      </object_component>
      <object_component id="oc-259">
         <name>.ebss:_DutyCount</name>
         <uninitialized>true</uninitialized>
         <run_address>0xb17d</run_address>
         <size>0x3</size>
         <input_file_ref idref="fl-19"/>
      </object_component>
      <object_component id="oc-27e">
         <name>.ebss:_Is_dq</name>
         <uninitialized>true</uninitialized>
         <run_address>0xb544</run_address>
         <size>0x4</size>
         <input_file_ref idref="fl-19"/>
      </object_component>
      <object_component id="oc-2ab">
         <name>.ebss:_Is_dq_ref</name>
         <uninitialized>true</uninitialized>
         <run_address>0xb54c</run_address>
         <size>0x4</size>
         <input_file_ref idref="fl-19"/>
      </object_component>
      <object_component id="oc-2ad">
         <name>.ebss:_Is_dq_ErrInt</name>
         <uninitialized>true</uninitialized>
         <run_address>0xb548</run_address>
         <size>0x4</size>
         <input_file_ref idref="fl-19"/>
      </object_component>
      <object_component id="oc-27f">
         <name>.ebss:_Is_DQ</name>
         <uninitialized>true</uninitialized>
         <run_address>0xb534</run_address>
         <size>0x4</size>
         <input_file_ref idref="fl-19"/>
      </object_component>
      <object_component id="oc-29b">
         <name>.ebss:_Is_DQ_ref</name>
         <uninitialized>true</uninitialized>
         <run_address>0xb540</run_address>
         <size>0x4</size>
         <input_file_ref idref="fl-19"/>
      </object_component>
      <object_component id="oc-299">
         <name>.ebss:_Is_DQ_max</name>
         <uninitialized>true</uninitialized>
         <run_address>0xb53c</run_address>
         <size>0x4</size>
         <input_file_ref idref="fl-19"/>
      </object_component>
      <object_component id="oc-29d">
         <name>.ebss:_Is_DQ_ErrInt</name>
         <uninitialized>true</uninitialized>
         <run_address>0xb538</run_address>
         <size>0x4</size>
         <input_file_ref idref="fl-19"/>
      </object_component>
      <object_component id="oc-26b">
         <name>.ebss:_Vs_dq</name>
         <uninitialized>true</uninitialized>
         <run_address>0xb56c</run_address>
         <size>0x4</size>
         <input_file_ref idref="fl-19"/>
      </object_component>
      <object_component id="oc-257">
         <name>.ebss:_Vs_dq_ref</name>
         <uninitialized>true</uninitialized>
         <run_address>0xb570</run_address>
         <size>0x4</size>
         <input_file_ref idref="fl-19"/>
      </object_component>
      <object_component id="oc-283">
         <name>.ebss:_Us_dq</name>
         <uninitialized>true</uninitialized>
         <run_address>0xb550</run_address>
         <size>0x4</size>
         <input_file_ref idref="fl-19"/>
      </object_component>
      <object_component id="oc-281">
         <name>.ebss:_Vs_DQ</name>
         <uninitialized>true</uninitialized>
         <run_address>0xb554</run_address>
         <size>0x4</size>
         <input_file_ref idref="fl-19"/>
      </object_component>
      <object_component id="oc-29f">
         <name>.ebss:_Vs_DQ_max</name>
         <uninitialized>true</uninitialized>
         <run_address>0xb55c</run_address>
         <size>0x4</size>
         <input_file_ref idref="fl-19"/>
      </object_component>
      <object_component id="oc-2a1">
         <name>.ebss:_Vs_DQ_ref</name>
         <uninitialized>true</uninitialized>
         <run_address>0xb560</run_address>
         <size>0x4</size>
         <input_file_ref idref="fl-19"/>
      </object_component>
      <object_component id="oc-2a3">
         <name>.ebss:_Vs_DQ_comp</name>
         <uninitialized>true</uninitialized>
         <run_address>0xb558</run_address>
         <size>0x4</size>
         <input_file_ref idref="fl-19"/>
      </object_component>
      <object_component id="oc-2a5">
         <name>.ebss:_Vs_DQ_ref_P</name>
         <uninitialized>true</uninitialized>
         <run_address>0xb564</run_address>
         <size>0x4</size>
         <input_file_ref idref="fl-19"/>
      </object_component>
      <object_component id="oc-2a7">
         <name>.ebss:_Vs_DQ_ref_PI</name>
         <uninitialized>true</uninitialized>
         <run_address>0xb568</run_address>
         <size>0x4</size>
         <input_file_ref idref="fl-19"/>
      </object_component>
      <object_component id="oc-2a9">
         <name>.ebss:_Fs_dq</name>
         <uninitialized>true</uninitialized>
         <run_address>0xb530</run_address>
         <size>0x4</size>
         <input_file_ref idref="fl-19"/>
      </object_component>
      <object_component id="oc-264">
         <name>.ebss:_DutyRatio</name>
         <uninitialized>true</uninitialized>
         <run_address>0xb4ba</run_address>
         <size>0x6</size>
         <input_file_ref idref="fl-19"/>
      </object_component>
      <object_component id="oc-265">
         <name>.ebss:_sgn_Is</name>
         <uninitialized>true</uninitialized>
         <run_address>0xb51e</run_address>
         <size>0x6</size>
         <input_file_ref idref="fl-19"/>
      </object_component>
      <object_component id="oc-24d">
         <name>.ebss:_Is_abc</name>
         <uninitialized>true</uninitialized>
         <run_address>0xb4e0</run_address>
         <size>0x6</size>
         <input_file_ref idref="fl-19"/>
      </object_component>
      <object_component id="oc-269">
         <name>.ebss:_Vs_abc</name>
         <uninitialized>true</uninitialized>
         <run_address>0xb4e6</run_address>
         <size>0x6</size>
         <input_file_ref idref="fl-19"/>
      </object_component>
      <object_component id="oc-267">
         <name>.ebss:_Vs_abc_ref</name>
         <uninitialized>true</uninitialized>
         <run_address>0xb4ec</run_address>
         <size>0x6</size>
         <input_file_ref idref="fl-19"/>
      </object_component>
      <object_component id="oc-244">
         <name>.ebss:_adc_result</name>
         <uninitialized>true</uninitialized>
         <run_address>0xb4f2</run_address>
         <size>0x6</size>
         <input_file_ref idref="fl-19"/>
      </object_component>
      <object_component id="oc-24a">
         <name>.ebss:_lpfIaIn</name>
         <uninitialized>true</uninitialized>
         <run_address>0xb4f8</run_address>
         <size>0x6</size>
         <input_file_ref idref="fl-19"/>
      </object_component>
      <object_component id="oc-24c">
         <name>.ebss:_lpfIaOut</name>
         <uninitialized>true</uninitialized>
         <run_address>0xb500</run_address>
         <size>0x6</size>
         <input_file_ref idref="fl-19"/>
      </object_component>
      <object_component id="oc-24e">
         <name>.ebss:_lpfIbIn</name>
         <uninitialized>true</uninitialized>
         <run_address>0xb506</run_address>
         <size>0x6</size>
         <input_file_ref idref="fl-19"/>
      </object_component>
      <object_component id="oc-24f">
         <name>.ebss:_lpfIbOut</name>
         <uninitialized>true</uninitialized>
         <run_address>0xb50c</run_address>
         <size>0x6</size>
         <input_file_ref idref="fl-19"/>
      </object_component>
      <object_component id="oc-246">
         <name>.ebss:_lpfVdcIn</name>
         <uninitialized>true</uninitialized>
         <run_address>0xb512</run_address>
         <size>0x6</size>
         <input_file_ref idref="fl-19"/>
      </object_component>
      <object_component id="oc-248">
         <name>.ebss:_lpfVdcOut</name>
         <uninitialized>true</uninitialized>
         <run_address>0xb518</run_address>
         <size>0x6</size>
         <input_file_ref idref="fl-19"/>
      </object_component>
      <object_component id="oc-24b">
         <name>.ebss:_lpfIrmsK</name>
         <uninitialized>true</uninitialized>
         <run_address>0xb4b2</run_address>
         <size>0x8</size>
         <input_file_ref idref="fl-19"/>
      </object_component>
      <object_component id="oc-247">
         <name>.ebss:_lpfVdcK</name>
         <uninitialized>true</uninitialized>
         <run_address>0xb4d8</run_address>
         <size>0x8</size>
         <input_file_ref idref="fl-19"/>
      </object_component>
      <object_component id="oc-278">
         <name>.ebss:_MonitorMsg</name>
         <uninitialized>true</uninitialized>
         <run_address>0xb150</run_address>
         <size>0x19</size>
         <input_file_ref idref="fl-19"/>
      </object_component>
      <object_component id="oc-290">
         <name>.ebss:_gStr1</name>
         <uninitialized>true</uninitialized>
         <run_address>0xb480</run_address>
         <size>0x32</size>
         <input_file_ref idref="fl-19"/>
      </object_component>
      <object_component id="oc-25b">
         <name>.ebss:_scopePoint</name>
         <uninitialized>true</uninitialized>
         <run_address>0xb440</run_address>
         <size>0x3c</size>
         <input_file_ref idref="fl-19"/>
      </object_component>
      <object_component id="oc-25c">
         <name>.ebss:_scopeData</name>
         <uninitialized>true</uninitialized>
         <run_address>0xa000</run_address>
         <size>0x960</size>
         <input_file_ref idref="fl-19"/>
      </object_component>
      <object_component id="oc-104">
         <name>.ebss</name>
         <uninitialized>true</uninitialized>
         <run_address>0xb434</run_address>
         <size>0xa</size>
         <input_file_ref idref="fl-1a"/>
      </object_component>
      <object_component id="oc-253">
         <name>.ebss:_msg_box</name>
         <uninitialized>true</uninitialized>
         <run_address>0xb169</run_address>
         <size>0x14</size>
         <input_file_ref idref="fl-1a"/>
      </object_component>
      <object_component id="oc-294">
         <name>.ebss:_scia_rx_msg_box</name>
         <uninitialized>true</uninitialized>
         <run_address>0xa960</run_address>
         <size>0x1e</size>
         <input_file_ref idref="fl-1a"/>
      </object_component>
      <object_component id="oc-251">
         <name>.ebss:_scia_tx_msg_box</name>
         <uninitialized>true</uninitialized>
         <run_address>0xa980</run_address>
         <size>0x7d0</size>
         <input_file_ref idref="fl-1a"/>
      </object_component>
      <object_component id="oc-116">
         <name>.ebss</name>
         <uninitialized>true</uninitialized>
         <run_address>0xb52a</run_address>
         <size>0x6</size>
         <input_file_ref idref="fl-1d"/>
      </object_component>
      <object_component id="oc-11d">
         <name>.ebss</name>
         <uninitialized>true</uninitialized>
         <run_address>0xb582</run_address>
         <size>0x1</size>
         <input_file_ref idref="fl-1e"/>
      </object_component>
      <object_component id="oc-125">
         <name>.ebss</name>
         <uninitialized>true</uninitialized>
         <run_address>0xb57c</run_address>
         <size>0x3</size>
         <input_file_ref idref="fl-1f"/>
      </object_component>
      <object_component id="oc-12d">
         <name>.ebss</name>
         <uninitialized>true</uninitialized>
         <run_address>0xb583</run_address>
         <size>0x1</size>
         <input_file_ref idref="fl-20"/>
      </object_component>
      <object_component id="oc-13b">
         <name>.ebss</name>
         <uninitialized>true</uninitialized>
         <run_address>0xb578</run_address>
         <size>0x4</size>
         <input_file_ref idref="fl-22"/>
      </object_component>
      <object_component id="oc-172">
         <name>.ebss</name>
         <uninitialized>true</uninitialized>
         <run_address>0xb524</run_address>
         <size>0x6</size>
         <input_file_ref idref="fl-35"/>
      </object_component>
      <object_component id="oc-273">
         <name>.ebss:__lock</name>
         <uninitialized>true</uninitialized>
         <run_address>0xb43e</run_address>
         <size>0x2</size>
         <input_file_ref idref="fl-36"/>
      </object_component>
      <object_component id="oc-2b3">
         <name>.ebss:__unlock</name>
         <uninitialized>true</uninitialized>
         <run_address>0xb4fe</run_address>
         <size>0x2</size>
         <input_file_ref idref="fl-36"/>
      </object_component>
      <object_component id="oc-184">
         <name>.ebss</name>
         <uninitialized>true</uninitialized>
         <run_address>0xb574</run_address>
         <size>0x4</size>
         <input_file_ref idref="fl-38"/>
      </object_component>
      <object_component id="oc-205">
         <name>.ebss</name>
         <uninitialized>true</uninitialized>
         <run_address>0xb57f</run_address>
         <size>0x1</size>
         <input_file_ref idref="fl-51"/>
      </object_component>
      <object_component id="oc-185">
         <name>.esysmem</name>
         <uninitialized>true</uninitialized>
         <run_address>0xc000</run_address>
         <size>0x4</size>
         <input_file_ref idref="fl-38"/>
      </object_component>
      <object_component id="oc-31b">
         <name>.esysmem</name>
         <uninitialized>true</uninitialized>
         <run_address>0xc000</run_address>
         <size>0x0</size>
      </object_component>
      <object_component id="oc-dd">
         <name>.econst:.string</name>
         <load_address>0x3f4000</load_address>
         <run_address>0x3f4000</run_address>
         <size>0x456</size>
         <input_file_ref idref="fl-14"/>
      </object_component>
      <object_component id="oc-106">
         <name>.econst:.string</name>
         <load_address>0x3f4456</load_address>
         <run_address>0x3f4456</run_address>
         <size>0x26f</size>
         <input_file_ref idref="fl-1a"/>
      </object_component>
      <object_component id="oc-126">
         <name>.econst:.string</name>
         <load_address>0x3f46c6</load_address>
         <run_address>0x3f46c6</run_address>
         <size>0x13c</size>
         <input_file_ref idref="fl-1f"/>
      </object_component>
      <object_component id="oc-2be">
         <name>.econst:.string:__ctypes_</name>
         <load_address>0x3f4802</load_address>
         <run_address>0x3f4802</run_address>
         <size>0x101</size>
         <input_file_ref idref="fl-4d"/>
      </object_component>
      <object_component id="oc-2b2">
         <name>.econst:_PieVectTableInit</name>
         <load_address>0x3f4904</load_address>
         <run_address>0x3f4904</run_address>
         <size>0x100</size>
         <input_file_ref idref="fl-b"/>
      </object_component>
      <object_component id="oc-d1">
         <name>.econst:.string</name>
         <load_address>0x3f4a04</load_address>
         <run_address>0x3f4a04</run_address>
         <size>0x35</size>
         <input_file_ref idref="fl-12"/>
      </object_component>
      <object_component id="oc-13c">
         <name>.econst:.string</name>
         <load_address>0x3f4a3a</load_address>
         <run_address>0x3f4a3a</run_address>
         <size>0x32</size>
         <input_file_ref idref="fl-22"/>
      </object_component>
      <object_component id="oc-b8">
         <name>.econst:.string</name>
         <load_address>0x3f4a6c</load_address>
         <run_address>0x3f4a6c</run_address>
         <size>0x26</size>
         <input_file_ref idref="fl-e"/>
      </object_component>
      <object_component id="oc-1a0">
         <name>.econst:.string</name>
         <load_address>0x3f4a92</load_address>
         <run_address>0x3f4a92</run_address>
         <size>0x26</size>
         <input_file_ref idref="fl-3d"/>
      </object_component>
      <object_component id="oc-2bf">
         <name>.econst:_digits</name>
         <load_address>0x3f4ab8</load_address>
         <run_address>0x3f4ab8</run_address>
         <size>0x20</size>
         <input_file_ref idref="fl-5a"/>
      </object_component>
      <object_component id="oc-134">
         <name>.econst:.string</name>
         <load_address>0x3f4ad8</load_address>
         <run_address>0x3f4ad8</run_address>
         <size>0x1c</size>
         <input_file_ref idref="fl-21"/>
      </object_component>
      <object_component id="oc-19f">
         <name>.econst</name>
         <load_address>0x3f4af4</load_address>
         <run_address>0x3f4af4</run_address>
         <size>0x1c</size>
         <input_file_ref idref="fl-3d"/>
      </object_component>
      <object_component id="oc-1f9">
         <name>.econst</name>
         <load_address>0x3f4b10</load_address>
         <run_address>0x3f4b10</run_address>
         <size>0x1c</size>
         <input_file_ref idref="fl-4f"/>
      </object_component>
      <object_component id="oc-fd">
         <name>.econst:.string</name>
         <load_address>0x3f4b2c</load_address>
         <run_address>0x3f4b2c</run_address>
         <size>0x19</size>
         <input_file_ref idref="fl-19"/>
      </object_component>
      <object_component id="oc-ea">
         <name>.econst:.string</name>
         <load_address>0x3f4b46</load_address>
         <run_address>0x3f4b46</run_address>
         <size>0x10</size>
         <input_file_ref idref="fl-16"/>
      </object_component>
      <object_component id="oc-2c0">
         <name>.econst:_powerof10</name>
         <load_address>0x3f4b56</load_address>
         <run_address>0x3f4b56</run_address>
         <size>0xc</size>
         <input_file_ref idref="fl-5a"/>
      </object_component>
      <object_component id="oc-1f3">
         <name>.econst</name>
         <load_address>0x3f4b62</load_address>
         <run_address>0x3f4b62</run_address>
         <size>0x8</size>
         <input_file_ref idref="fl-4e"/>
      </object_component>
      <object_component id="oc-235">
         <name>.econst</name>
         <load_address>0x3f4b6a</load_address>
         <run_address>0x3f4b6a</run_address>
         <size>0x6</size>
         <input_file_ref idref="fl-5b"/>
      </object_component>
      <object_component id="oc-c0">
         <name>.econst:.string</name>
         <load_address>0x3f4b70</load_address>
         <run_address>0x3f4b70</run_address>
         <size>0x5</size>
         <input_file_ref idref="fl-f"/>
      </object_component>
      <object_component id="oc-17d">
         <name>.econst</name>
         <load_address>0x3f4b76</load_address>
         <run_address>0x3f4b76</run_address>
         <size>0x2</size>
         <input_file_ref idref="fl-37"/>
      </object_component>
      <object_component id="oc-2af">
         <name>.switch:_get_code_information</name>
         <load_address>0x3f4eb8</load_address>
         <run_address>0x3f4eb8</run_address>
         <size>0x7e</size>
         <input_file_ref idref="fl-14"/>
      </object_component>
      <object_component id="oc-152">
         <name>.reset</name>
         <load_address>0x3fffc0</load_address>
         <run_address>0x3fffc0</run_address>
         <size>0x2</size>
         <input_file_ref idref="fl-2f"/>
      </object_component>
      <object_component id="oc-a0">
         <name>PieVectTableFile</name>
         <uninitialized>true</uninitialized>
         <run_address>0xd00</run_address>
         <size>0x100</size>
         <input_file_ref idref="fl-9"/>
      </object_component>
      <object_component id="oc-6a">
         <name>EmuKeyVar</name>
         <uninitialized>true</uninitialized>
         <run_address>0xd00</run_address>
         <size>0x1</size>
         <input_file_ref idref="fl-9"/>
      </object_component>
      <object_component id="oc-6b">
         <name>EmuBModeVar</name>
         <uninitialized>true</uninitialized>
         <run_address>0xd01</run_address>
         <size>0x1</size>
         <input_file_ref idref="fl-9"/>
      </object_component>
      <object_component id="oc-6d">
         <name>FlashCallbackVar</name>
         <uninitialized>true</uninitialized>
         <run_address>0xd02</run_address>
         <size>0x2</size>
         <input_file_ref idref="fl-9"/>
      </object_component>
      <object_component id="oc-6c">
         <name>FlashScalingVar</name>
         <uninitialized>true</uninitialized>
         <run_address>0xd04</run_address>
         <size>0x2</size>
         <input_file_ref idref="fl-9"/>
      </object_component>
      <object_component id="oc-6f">
         <name>DevEmuRegsFile</name>
         <uninitialized>true</uninitialized>
         <run_address>0x880</run_address>
         <size>0x4</size>
         <input_file_ref idref="fl-9"/>
      </object_component>
      <object_component id="oc-6e">
         <name>SysPwrCtrlRegsFile</name>
         <uninitialized>true</uninitialized>
         <run_address>0x985</run_address>
         <size>0x3</size>
         <input_file_ref idref="fl-9"/>
      </object_component>
      <object_component id="oc-74">
         <name>FlashRegsFile</name>
         <uninitialized>true</uninitialized>
         <run_address>0xa80</run_address>
         <size>0x8</size>
         <input_file_ref idref="fl-9"/>
      </object_component>
      <object_component id="oc-76">
         <name>CsmRegsFile</name>
         <uninitialized>true</uninitialized>
         <run_address>0xae0</run_address>
         <size>0x10</size>
         <input_file_ref idref="fl-9"/>
      </object_component>
      <object_component id="oc-75">
         <name>AdcResultFile</name>
         <uninitialized>true</uninitialized>
         <run_address>0xb00</run_address>
         <size>0x10</size>
         <input_file_ref idref="fl-9"/>
      </object_component>
      <object_component id="oc-70">
         <name>CpuTimer0RegsFile</name>
         <uninitialized>true</uninitialized>
         <run_address>0xc00</run_address>
         <size>0x8</size>
         <input_file_ref idref="fl-9"/>
      </object_component>
      <object_component id="oc-71">
         <name>CpuTimer1RegsFile</name>
         <uninitialized>true</uninitialized>
         <run_address>0xc08</run_address>
         <size>0x8</size>
         <input_file_ref idref="fl-9"/>
      </object_component>
      <object_component id="oc-72">
         <name>CpuTimer2RegsFile</name>
         <uninitialized>true</uninitialized>
         <run_address>0xc10</run_address>
         <size>0x8</size>
         <input_file_ref idref="fl-9"/>
      </object_component>
      <object_component id="oc-80">
         <name>PieCtrlRegsFile</name>
         <uninitialized>true</uninitialized>
         <run_address>0xce0</run_address>
         <size>0x1a</size>
         <input_file_ref idref="fl-9"/>
      </object_component>
      <object_component id="oc-90">
         <name>Cla1RegsFile</name>
         <uninitialized>true</uninitialized>
         <run_address>0x1400</run_address>
         <size>0x40</size>
         <input_file_ref idref="fl-9"/>
      </object_component>
      <object_component id="oc-9e">
         <name>DmaRegsFile</name>
         <uninitialized>true</uninitialized>
         <run_address>0x1000</run_address>
         <size>0xe0</size>
         <input_file_ref idref="fl-9"/>
      </object_component>
      <object_component id="oc-8f">
         <name>ECanaRegsFile</name>
         <uninitialized>true</uninitialized>
         <run_address>0x6000</run_address>
         <size>0x34</size>
         <input_file_ref idref="fl-9"/>
      </object_component>
      <object_component id="oc-91">
         <name>ECanaLAMRegsFile</name>
         <uninitialized>true</uninitialized>
         <run_address>0x6040</run_address>
         <size>0x40</size>
         <input_file_ref idref="fl-9"/>
      </object_component>
      <object_component id="oc-9f">
         <name>ECanaMboxesFile</name>
         <uninitialized>true</uninitialized>
         <run_address>0x6100</run_address>
         <size>0x100</size>
         <input_file_ref idref="fl-9"/>
      </object_component>
      <object_component id="oc-92">
         <name>ECanaMOTSRegsFile</name>
         <uninitialized>true</uninitialized>
         <run_address>0x6080</run_address>
         <size>0x40</size>
         <input_file_ref idref="fl-9"/>
      </object_component>
      <object_component id="oc-93">
         <name>ECanaMOTORegsFile</name>
         <uninitialized>true</uninitialized>
         <run_address>0x60c0</run_address>
         <size>0x40</size>
         <input_file_ref idref="fl-9"/>
      </object_component>
      <object_component id="oc-81">
         <name>ECap1RegsFile</name>
         <uninitialized>true</uninitialized>
         <run_address>0x6a00</run_address>
         <size>0x20</size>
         <input_file_ref idref="fl-9"/>
      </object_component>
      <object_component id="oc-82">
         <name>ECap2RegsFile</name>
         <uninitialized>true</uninitialized>
         <run_address>0x6a20</run_address>
         <size>0x20</size>
         <input_file_ref idref="fl-9"/>
      </object_component>
      <object_component id="oc-83">
         <name>ECap3RegsFile</name>
         <uninitialized>true</uninitialized>
         <run_address>0x6a40</run_address>
         <size>0x20</size>
         <input_file_ref idref="fl-9"/>
      </object_component>
      <object_component id="oc-8a">
         <name>EQep1RegsFile</name>
         <uninitialized>true</uninitialized>
         <run_address>0x6b00</run_address>
         <size>0x22</size>
         <input_file_ref idref="fl-9"/>
      </object_component>
      <object_component id="oc-8b">
         <name>EQep2RegsFile</name>
         <uninitialized>true</uninitialized>
         <run_address>0x6b40</run_address>
         <size>0x22</size>
         <input_file_ref idref="fl-9"/>
      </object_component>
      <object_component id="oc-9c">
         <name>GpioCtrlRegsFile</name>
         <uninitialized>true</uninitialized>
         <run_address>0x6f80</run_address>
         <size>0x40</size>
         <input_file_ref idref="fl-9"/>
      </object_component>
      <object_component id="oc-84">
         <name>GpioDataRegsFile</name>
         <uninitialized>true</uninitialized>
         <run_address>0x6fc0</run_address>
         <size>0x20</size>
         <input_file_ref idref="fl-9"/>
      </object_component>
      <object_component id="oc-85">
         <name>GpioIntRegsFile</name>
         <uninitialized>true</uninitialized>
         <run_address>0x6fe0</run_address>
         <size>0x20</size>
         <input_file_ref idref="fl-9"/>
      </object_component>
      <object_component id="oc-86">
         <name>HRCap1RegsFile</name>
         <uninitialized>true</uninitialized>
         <run_address>0x6ac0</run_address>
         <size>0x20</size>
         <input_file_ref idref="fl-9"/>
      </object_component>
      <object_component id="oc-87">
         <name>HRCap2RegsFile</name>
         <uninitialized>true</uninitialized>
         <run_address>0x6ae0</run_address>
         <size>0x20</size>
         <input_file_ref idref="fl-9"/>
      </object_component>
      <object_component id="oc-88">
         <name>HRCap3RegsFile</name>
         <uninitialized>true</uninitialized>
         <run_address>0x6c80</run_address>
         <size>0x20</size>
         <input_file_ref idref="fl-9"/>
      </object_component>
      <object_component id="oc-89">
         <name>HRCap4RegsFile</name>
         <uninitialized>true</uninitialized>
         <run_address>0x6ca0</run_address>
         <size>0x20</size>
         <input_file_ref idref="fl-9"/>
      </object_component>
      <object_component id="oc-8e">
         <name>SysCtrlRegsFile</name>
         <uninitialized>true</uninitialized>
         <run_address>0x7010</run_address>
         <size>0x30</size>
         <input_file_ref idref="fl-9"/>
      </object_component>
      <object_component id="oc-7a">
         <name>SpiaRegsFile</name>
         <uninitialized>true</uninitialized>
         <run_address>0x7040</run_address>
         <size>0x10</size>
         <input_file_ref idref="fl-9"/>
      </object_component>
      <object_component id="oc-7b">
         <name>SpibRegsFile</name>
         <uninitialized>true</uninitialized>
         <run_address>0x7740</run_address>
         <size>0x10</size>
         <input_file_ref idref="fl-9"/>
      </object_component>
      <object_component id="oc-78">
         <name>SciaRegsFile</name>
         <uninitialized>true</uninitialized>
         <run_address>0x7050</run_address>
         <size>0x10</size>
         <input_file_ref idref="fl-9"/>
      </object_component>
      <object_component id="oc-79">
         <name>ScibRegsFile</name>
         <uninitialized>true</uninitialized>
         <run_address>0x7750</run_address>
         <size>0x10</size>
         <input_file_ref idref="fl-9"/>
      </object_component>
      <object_component id="oc-77">
[...]
         <name>_sciaMonitor</name>
         <value>0x3d96b1</value>
         <object_component_ref idref="oc-275"/>
      </symbol>
      <symbol id="sm-749">
         <name>_scia_cmd_proc</name>
         <value>0x3d9a63</value>
         <object_component_ref idref="oc-275"/>
      </symbol>
      <symbol id="sm-74a">
         <name>_sciRxPoint</name>
         <value>0xb436</value>
         <object_component_ref idref="oc-104"/>
      </symbol>
      <symbol id="sm-74b">
         <name>_scia_rx_end_addr</name>
         <value>0xb435</value>
         <object_component_ref idref="oc-104"/>
      </symbol>
      <symbol id="sm-74c">
         <name>_sciaTxFifoIsr</name>
         <value>0x3dd057</value>
         <object_component_ref idref="oc-105"/>
      </symbol>
      <symbol id="sm-74d">
         <name>_scia_fifo_init</name>
         <value>0x3d9683</value>
         <object_component_ref idref="oc-275"/>
      </symbol>
      <symbol id="sm-74e">
         <name>_scia_rx_start_addr</name>
         <value>0xb434</value>
         <object_component_ref idref="oc-104"/>
      </symbol>
      <symbol id="sm-74f">
         <name>_loadSciaTxBufAdc</name>
         <value>0x3d99d9</value>
         <object_component_ref idref="oc-275"/>
      </symbol>
      <symbol id="sm-75b">
         <name>_setScopePoint</name>
         <value>0x3dd94e</value>
         <object_component_ref idref="oc-298"/>
      </symbol>
      <symbol id="sm-769">
         <name>_serial_com_proc</name>
         <value>0x3ddc4b</value>
         <object_component_ref idref="oc-263"/>
      </symbol>
      <symbol id="sm-76a">
         <name>_load_sci_tx_mail_box</name>
         <value>0x3ddc45</value>
         <object_component_ref idref="oc-263"/>
      </symbol>
      <symbol id="sm-79b">
         <name>_VoltageEstimation</name>
         <value>0x3db325</value>
         <object_component_ref idref="oc-255"/>
      </symbol>
      <symbol id="sm-79c">
         <name>_SpaceVectorModulation</name>
         <value>0x3db0bb</value>
         <object_component_ref idref="oc-255"/>
      </symbol>
      <symbol id="sm-79d">
         <name>_Dd</name>
         <value>0xb52a</value>
         <object_component_ref idref="oc-116"/>
      </symbol>
      <symbol id="sm-79e">
         <name>_delta_Tc</name>
         <value>0xb52e</value>
         <object_component_ref idref="oc-116"/>
      </symbol>
      <symbol id="sm-79f">
         <name>_T_d</name>
         <value>0xb52c</value>
         <object_component_ref idref="oc-116"/>
      </symbol>
      <symbol id="sm-7c3">
         <name>_MotorControlProc</name>
         <value>0x3ddb75</value>
         <object_component_ref idref="oc-256"/>
      </symbol>
      <symbol id="sm-7c4">
         <name>_MainPWM</name>
         <value>0x3dc66e</value>
         <object_component_ref idref="oc-11e"/>
      </symbol>
      <symbol id="sm-825">
         <name>_tripProc</name>
         <value>0x3da7df</value>
         <object_component_ref idref="oc-270"/>
      </symbol>
      <symbol id="sm-826">
         <name>_GetTripInfo</name>
         <value>0x3da5d4</value>
         <object_component_ref idref="oc-270"/>
      </symbol>
      <symbol id="sm-827">
         <name>_CheckUndeVolt</name>
         <value>0x3da567</value>
         <object_component_ref idref="oc-270"/>
      </symbol>
      <symbol id="sm-828">
         <name>_WriteTripString</name>
         <value>0x3da6a4</value>
         <object_component_ref idref="oc-270"/>
      </symbol>
      <symbol id="sm-829">
         <name>_CheckOverVolt</name>
         <value>0x3da542</value>
         <object_component_ref idref="oc-270"/>
      </symbol>
      <symbol id="sm-82a">
         <name>_ClearTripDataToEeprom</name>
         <value>0x3da771</value>
         <object_component_ref idref="oc-270"/>
      </symbol>
      <symbol id="sm-82b">
         <name>_CheckIGBTFault</name>
         <value>0x3da58c</value>
         <object_component_ref idref="oc-270"/>
      </symbol>
      <symbol id="sm-82c">
         <name>_CheckOverCurrent</name>
         <value>0x3da4d6</value>
         <object_component_ref idref="oc-270"/>
      </symbol>
      <symbol id="sm-82d">
         <name>_ReadTripString</name>
         <value>0x3da6da</value>
         <object_component_ref idref="oc-270"/>
      </symbol>
      <symbol id="sm-82e">
         <name>_SaveTripDataToEeprom</name>
         <value>0x3da701</value>
         <object_component_ref idref="oc-270"/>
      </symbol>
      <symbol id="sm-82f">
         <name>_trip_recording</name>
         <value>0x3da49a</value>
         <object_component_ref idref="oc-270"/>
      </symbol>
      <symbol id="sm-830">
         <name>_trip_check</name>
         <value>0x3da5bc</value>
         <object_component_ref idref="oc-270"/>
      </symbol>
      <symbol id="sm-831">
         <name>_CheckOverHeat</name>
         <value>0x3da59c</value>
         <object_component_ref idref="oc-270"/>
      </symbol>
      <symbol id="sm-871">
         <name>_cpu_timer0_isr</name>
         <value>0x3dcb36</value>
         <object_component_ref idref="oc-12e"/>
      </symbol>
      <symbol id="sm-8a8">
         <name>_slip_comp_scalar_ctrl</name>
         <value>0x3da092</value>
         <object_component_ref idref="oc-26e"/>
      </symbol>
      <symbol id="sm-8a9">
         <name>_vf_loop_control</name>
         <value>0x3d9e56</value>
         <object_component_ref idref="oc-26e"/>
      </symbol>
      <symbol id="sm-8aa">
         <name>_vf_simple_control</name>
         <value>0x3d9f8f</value>
         <object_component_ref idref="oc-26e"/>
      </symbol>
      <symbol id="sm-8da">
         <name>_windPowerCtrl</name>
         <value>0x3db689</value>
         <object_component_ref idref="oc-26f"/>
      </symbol>
      <symbol id="sm-8db">
         <name>_windPowerLoop</name>
         <value>0x3db445</value>
         <object_component_ref idref="oc-26f"/>
      </symbol>
      <symbol id="sm-8ec">
         <name>FS$$DIV</name>
         <value>0x3dd4df</value>
         <object_component_ref idref="oc-141"/>
      </symbol>
      <symbol id="sm-8fa">
         <name>I$$MOD</name>
         <value>0x3ddb43</value>
         <object_component_ref idref="oc-146"/>
      </symbol>
      <symbol id="sm-8fb">
         <name>I$$DIV</name>
         <value>0x3ddb32</value>
         <object_component_ref idref="oc-146"/>
      </symbol>
      <symbol id="sm-907">
         <name>_atof</name>
         <value>0x3ddd29</value>
         <object_component_ref idref="oc-296"/>
      </symbol>
      <symbol id="sm-922">
         <name>_c_int00</name>
         <value>0x3dd8f8</value>
         <object_component_ref idref="oc-150"/>
      </symbol>
      <symbol id="sm-923">
         <name>__stack</name>
         <value>0x9000</value>
         <object_component_ref idref="oc-151"/>
      </symbol>
      <symbol id="sm-932">
         <name>__args_main</name>
         <value>0x3ddc60</value>
         <object_component_ref idref="oc-261"/>
      </symbol>
      <symbol id="sm-93f">
         <name>__system_post_cinit</name>
         <value>0x3ddd2f</value>
         <object_component_ref idref="oc-260"/>
      </symbol>
      <symbol id="sm-94b">
         <name>__system_pre_init</name>
         <value>0x3ddd2d</value>
         <object_component_ref idref="oc-25e"/>
      </symbol>
      <symbol id="sm-95a">
         <name>_copy_in</name>
         <value>0x3ddb0e</value>
         <object_component_ref idref="oc-25f"/>
      </symbol>
      <symbol id="sm-968">
         <name>_cos</name>
         <value>0x3dd6d7</value>
         <object_component_ref idref="oc-27d"/>
      </symbol>
      <symbol id="sm-969">
         <name>_cosf</name>
         <value>0x3dd6d7</value>
         <object_component_ref idref="oc-27d"/>
      </symbol>
      <symbol id="sm-97d">
         <name>C$$EXIT</name>
         <value>0x3dda4b</value>
         <object_component_ref idref="oc-262"/>
      </symbol>
      <symbol id="sm-97e">
         <name>_exit</name>
         <value>0x3dda4d</value>
         <object_component_ref idref="oc-262"/>
      </symbol>
      <symbol id="sm-97f">
         <name>___TI_cleanup_ptr</name>
         <value>0xb526</value>
         <object_component_ref idref="oc-172"/>
      </symbol>
      <symbol id="sm-980">
         <name>___TI_enable_exit_profile_output</name>
         <value>0xb524</value>
         <object_component_ref idref="oc-172"/>
      </symbol>
      <symbol id="sm-981">
         <name>_abort</name>
         <value>0x3dda4b</value>
         <object_component_ref idref="oc-262"/>
      </symbol>
      <symbol id="sm-982">
         <name>___TI_dtors_ptr</name>
         <value>0xb528</value>
         <object_component_ref idref="oc-172"/>
      </symbol>
      <symbol id="sm-996">
         <name>__unlock</name>
         <value>0xb4fe</value>
         <object_component_ref idref="oc-2b3"/>
      </symbol>
      <symbol id="sm-997">
         <name>__lock</name>
         <value>0xb43e</value>
         <object_component_ref idref="oc-273"/>
      </symbol>
      <symbol id="sm-998">
         <name>__register_lock</name>
         <value>0x3ddcf6</value>
         <object_component_ref idref="oc-292"/>
      </symbol>
      <symbol id="sm-999">
         <name>__nop</name>
         <value>0x3ddcfa</value>
         <object_component_ref idref="oc-292"/>
      </symbol>
      <symbol id="sm-99a">
         <name>__register_unlock</name>
         <value>0x3ddcf2</value>
         <object_component_ref idref="oc-292"/>
      </symbol>
      <symbol id="sm-9b0">
         <name>_floorf</name>
         <value>0x3dd7ee</value>
         <object_component_ref idref="oc-26d"/>
      </symbol>
      <symbol id="sm-9b1">
         <name>_floor</name>
         <value>0x3dd7ee</value>
         <object_component_ref idref="oc-26d"/>
      </symbol>
      <symbol id="sm-a02">
         <name>__sys_memory</name>
         <value>0xc000</value>
         <object_component_ref idref="oc-185"/>
      </symbol>
      <symbol id="sm-a03">
         <name>___TI_heap_total_available</name>
         <value>0x3dbc41</value>
         <object_component_ref idref="oc-297"/>
      </symbol>
      <symbol id="sm-a04">
         <name>_realloc</name>
         <value>0x3dbb09</value>
         <object_component_ref idref="oc-297"/>
      </symbol>
      <symbol id="sm-a05">
         <name>___TI_heap_check</name>
         <value>0x3dbc7b</value>
         <object_component_ref idref="oc-297"/>
      </symbol>
      <symbol id="sm-a06">
         <name>_free</name>
         <value>0x3dba42</value>
         <object_component_ref idref="oc-297"/>
      </symbol>
      <symbol id="sm-a07">
         <name>_memalign</name>
         <value>0x3dbbac</value>
         <object_component_ref idref="oc-297"/>
      </symbol>
      <symbol id="sm-a08">
         <name>_calloc</name>
         <value>0x3dbb85</value>
         <object_component_ref idref="oc-297"/>
      </symbol>
      <symbol id="sm-a09">
         <name>_malloc</name>
         <value>0x3dba17</value>
         <object_component_ref idref="oc-297"/>
      </symbol>
      <symbol id="sm-a0a">
         <name>_aligned_alloc</name>
         <value>0x3dbbac</value>
         <object_component_ref idref="oc-297"/>
      </symbol>
      <symbol id="sm-a0b">
         <name>_minit</name>
         <value>0x3dbb81</value>
         <object_component_ref idref="oc-297"/>
      </symbol>
      <symbol id="sm-a0c">
         <name>___TI_heap_largest_available</name>
         <value>0x3dbc5e</value>
         <object_component_ref idref="oc-297"/>
      </symbol>
      <symbol id="sm-a1d">
         <name>_memcpy</name>
         <value>0x3ddbf0</value>
         <object_component_ref idref="oc-271"/>
      </symbol>
      <symbol id="sm-a2b">
         <name>_memset</name>
         <value>0x3ddd1d</value>
         <object_component_ref idref="oc-2b5"/>
      </symbol>
      <symbol id="sm-a38">
         <name>_sin</name>
         <value>0x3dd847</value>
         <object_component_ref idref="oc-27c"/>
      </symbol>
      <symbol id="sm-a39">
         <name>_sinf</name>
         <value>0x3dd847</value>
         <object_component_ref idref="oc-27c"/>
      </symbol>
      <symbol id="sm-a4d">
         <name>_snprintf</name>
         <value>0x3dd794</value>
         <object_component_ref idref="oc-287"/>
      </symbol>
      <symbol id="sm-bad">
         <name>___TI_printfi</name>
         <value>0x3d8b52</value>
         <object_component_ref idref="oc-2b1"/>
      </symbol>
      <symbol id="sm-bbd">
         <name>FD$$CMP</name>
         <value>0x3dd9f7</value>
         <object_component_ref idref="oc-1a5"/>
      </symbol>
      <symbol id="sm-bd4">
         <name>FD$$DIV</name>
         <value>0x3dd454</value>
         <object_component_ref idref="oc-1aa"/>
      </symbol>
      <symbol id="sm-be6">
         <name>FD$$MPY</name>
         <value>0x3dd567</value>
         <object_component_ref idref="oc-1af"/>
      </symbol>
      <symbol id="sm-bf3">
         <name>FD$$NEG</name>
         <value>0x3ddcfb</value>
         <object_component_ref idref="oc-1b4"/>
      </symbol>
      <symbol id="sm-bff">
         <name>FD$$SUB</name>
         <value>0x3ddccb</value>
         <object_component_ref idref="oc-1b9"/>
      </symbol>
      <symbol id="sm-c1a">
         <name>FD$$ADD</name>
         <value>0x3dd3b8</value>
         <object_component_ref idref="oc-1be"/>
      </symbol>
      <symbol id="sm-c29">
         <name>FD$$TOI</name>
         <value>0x3ddb54</value>
         <object_component_ref idref="oc-1c3"/>
      </symbol>
      <symbol id="sm-c38">
         <name>FD$$TOL</name>
         <value>0x3ddb96</value>
         <object_component_ref idref="oc-1c8"/>
      </symbol>
      <symbol id="sm-c48">
         <name>FS$$TOFD</name>
         <value>0x3ddc0d</value>
         <object_component_ref idref="oc-1cd"/>
      </symbol>
      <symbol id="sm-c58">
         <name>I$$TOFD</name>
         <value>0x3ddbd3</value>
         <object_component_ref idref="oc-1d2"/>
      </symbol>
      <symbol id="sm-c68">
         <name>L$$TOFD</name>
         <value>0x3ddc29</value>
         <object_component_ref idref="oc-1d7"/>
      </symbol>
      <symbol id="sm-c74">
         <name>LL$$AND</name>
         <value>0x3ddc79</value>
         <object_component_ref idref="oc-1dc"/>
      </symbol>
      <symbol id="sm-c75">
         <name>LL$$OR</name>
         <value>0x3ddc81</value>
         <object_component_ref idref="oc-1dc"/>
      </symbol>
      <symbol id="sm-c76">
         <name>LL$$XOR</name>
         <value>0x3ddc89</value>
         <object_component_ref idref="oc-1dc"/>
      </symbol>
      <symbol id="sm-c84">
         <name>ULL$$CMP</name>
         <value>0x3ddbc7</value>
         <object_component_ref idref="oc-1e1"/>
      </symbol>
      <symbol id="sm-c85">
         <name>LL$$CMP</name>
         <value>0x3ddbb5</value>
         <object_component_ref idref="oc-1e1"/>
      </symbol>
      <symbol id="sm-cb1">
         <name>ULL$$MOD</name>
         <value>0x3dcff5</value>
         <object_component_ref idref="oc-1e6"/>
      </symbol>
      <symbol id="sm-cb2">
         <name>ULL$$DIV</name>
         <value>0x3dcfc6</value>
         <object_component_ref idref="oc-1e6"/>
      </symbol>
      <symbol id="sm-cb3">
         <name>LL$$MOD</name>
         <value>0x3dcf8c</value>
         <object_component_ref idref="oc-1e6"/>
      </symbol>
      <symbol id="sm-cb4">
         <name>LL$$DIV</name>
         <value>0x3dcf50</value>
         <object_component_ref idref="oc-1e6"/>
      </symbol>
      <symbol id="sm-cc8">
         <name>_atoi</name>
         <value>0x3dd996</value>
         <object_component_ref idref="oc-2b6"/>
      </symbol>
      <symbol id="sm-cd0">
         <name>__ctypes_</name>
         <value>0x3f4802</value>
         <object_component_ref idref="oc-2be"/>
      </symbol>
      <symbol id="sm-ce3">
         <name>_frexpl</name>
         <value>0x3dd73a</value>
         <object_component_ref idref="oc-2b9"/>
      </symbol>
      <symbol id="sm-d01">
         <name>_scalbnl</name>
         <value>0x3dd30a</value>
         <object_component_ref idref="oc-2ba"/>
      </symbol>
      <symbol id="sm-d02">
         <name>_ldexpl</name>
         <value>0x3dd30a</value>
         <object_component_ref idref="oc-2ba"/>
      </symbol>
      <symbol id="sm-d0f">
         <name>_copysignl</name>
         <value>0x3ddae9</value>
         <object_component_ref idref="oc-2c2"/>
      </symbol>
      <symbol id="sm-d19">
         <name>_errno</name>
         <value>0xb57f</value>
         <object_component_ref idref="oc-205"/>
      </symbol>
      <symbol id="sm-d27">
         <name>_ltoa</name>
         <value>0x3dd9c7</value>
         <object_component_ref idref="oc-2b8"/>
      </symbol>
      <symbol id="sm-d33">
         <name>UL$$MOD</name>
         <value>0x3dda45</value>
         <object_component_ref idref="oc-20c"/>
      </symbol>
      <symbol id="sm-d34">
         <name>L$$MOD</name>
         <value>0x3dda30</value>
         <object_component_ref idref="oc-20c"/>
      </symbol>
      <symbol id="sm-d35">
         <name>L$$DIV</name>
         <value>0x3dda21</value>
         <object_component_ref idref="oc-20c"/>
      </symbol>
      <symbol id="sm-d36">
         <name>UL$$DIV</name>
         <value>0x3dda3e</value>
         <object_component_ref idref="oc-20c"/>
      </symbol>
      <symbol id="sm-d45">
         <name>_memccpy</name>
         <value>0x3ddcd9</value>
         <object_component_ref idref="oc-2bc"/>
      </symbol>
      <symbol id="sm-d55">
         <name>_sqrtf</name>
         <value>0x3dda9c</value>
         <object_component_ref idref="oc-285"/>
      </symbol>
      <symbol id="sm-d56">
         <name>_sqrt</name>
         <value>0x3dda9c</value>
         <object_component_ref idref="oc-285"/>
      </symbol>
      <symbol id="sm-d65">
         <name>_strchr</name>
         <value>0x3ddce6</value>
         <object_component_ref idref="oc-2bb"/>
      </symbol>
      <symbol id="sm-d72">
         <name>_strcpy</name>
         <value>0x3ddd24</value>
         <object_component_ref idref="oc-2b0"/>
      </symbol>
      <symbol id="sm-d7f">
         <name>_strlen</name>
         <value>0x3ddd15</value>
         <object_component_ref idref="oc-2b7"/>
      </symbol>
      <symbol id="sm-d8f">
         <name>_strncpy</name>
         <value>0x3ddc91</value>
         <object_component_ref idref="oc-27a"/>
      </symbol>
      <symbol id="sm-deb">
         <name>_strtod</name>
         <value>0x3dc10f</value>
         <object_component_ref idref="oc-2b4"/>
      </symbol>
      <symbol id="sm-dec">
         <name>_strtof</name>
         <value>0x3dc10f</value>
         <object_component_ref idref="oc-2b4"/>
      </symbol>
      <symbol id="sm-e04">
         <name>_scalbn</name>
         <value>0x3dd8a0</value>
         <object_component_ref idref="oc-2c1"/>
      </symbol>
      <symbol id="sm-e05">
         <name>_ldexp</name>
         <value>0x3dd8a0</value>
         <object_component_ref idref="oc-2c1"/>
      </symbol>
      <symbol id="sm-e06">
         <name>_scalbnf</name>
         <value>0x3dd8a0</value>
         <object_component_ref idref="oc-2c1"/>
      </symbol>
      <symbol id="sm-e07">
         <name>_ldexpf</name>
         <value>0x3dd8a0</value>
         <object_component_ref idref="oc-2c1"/>
      </symbol>
      <symbol id="sm-e13">
         <name>_copysignf</name>
         <value>0x3ddcba</value>
         <object_component_ref idref="oc-2c3"/>
      </symbol>
      <symbol id="sm-e14">
         <name>_copysign</name>
         <value>0x3ddcba</value>
         <object_component_ref idref="oc-2c3"/>
      </symbol>
      <symbol id="sm-e22">
         <name>_wcslen</name>
         <value>0x3ddd04</value>
         <object_component_ref idref="oc-2bd"/>
      </symbol>
   </symbol_table>
   <title>Link successful</title>
</link_info>
