<?xml version="1.0" encoding="ISO-8859-1" ?>
<link_info>
   <banner>TMS320C2000 Linker Unix v18.12.2.LTS</banner>
   <copyright>Copyright (c) 1996-2018 Texas Instruments Incorporated</copyright>
   <link_time>0x5d6d19b0</link_time>
   <link_errors>0x0</link_errors>
   <output_file>servo.out</output_file>
   <entry_point>
      <name>code_start</name>
      <address>0x3f7ff6</address>
   </entry_point>
   <input_file_list>
      <input_file id="fl-4">
         <path>./</path>
         <kind>object</kind>
         <file>F2806x_Adc.obj</file>
         <name>F2806x_Adc.obj</name>
      </input_file>
      <input_file id="fl-5">
         <path>./</path>
         <kind>object</kind>
         <file>F2806x_CSMPasswords.obj</file>
         <name>F2806x_CSMPasswords.obj</name>
      </input_file>
      <input_file id="fl-6">
         <path>./</path>
         <kind>object</kind>
         <file>F2806x_CodeStartBranch.obj</file>
         <name>F2806x_CodeStartBranch.obj</name>
      </input_file>
      <input_file id="fl-7">
         <path>./</path>
         <kind>object</kind>
         <file>F2806x_CpuTimers.obj</file>
         <name>F2806x_CpuTimers.obj</name>
      </input_file>
      <input_file id="fl-8">
         <path>./</path>
         <kind>object</kind>
         <file>F2806x_DefaultIsr.obj</file>
         <name>F2806x_DefaultIsr.obj</name>
      </input_file>
      <input_file id="fl-9">
         <path>./</path>
         <kind>object</kind>
         <file>F2806x_GlobalVariableDefs.obj</file>
         <name>F2806x_GlobalVariableDefs.obj</name>
      </input_file>
      <input_file id="fl-a">
         <path>./</path>
         <kind>object</kind>
         <file>F2806x_PieCtrl.obj</file>
         <name>F2806x_PieCtrl.obj</name>
      </input_file>
      <input_file id="fl-b">
         <path>./</path>
         <kind>object</kind>
         <file>F2806x_PieVect.obj</file>
         <name>F2806x_PieVect.obj</name>
      </input_file>
      <input_file id="fl-c">
         <path>./</path>
         <kind>object</kind>
         <file>F2806x_SysCtrl.obj</file>
         <name>F2806x_SysCtrl.obj</name>
      </input_file>
      <input_file id="fl-d">
         <path>./</path>
         <kind>object</kind>
         <file>F2806x_usDelay.obj</file>
         <name>F2806x_usDelay.obj</name>
      </input_file>
      <input_file id="fl-e">
         <path>./</path>
         <kind>object</kind>
         <file>I2C_eeprom.obj</file>
         <name>I2C_eeprom.obj</name>
      </input_file>
      <input_file id="fl-f">
         <path>./</path>
         <kind>object</kind>
         <file>MonitorProc.obj</file>
         <name>MonitorProc.obj</name>
      </input_file>
      <input_file id="fl-10">
         <path>./</path>
         <kind>object</kind>
         <file>ParameterSet.obj</file>
         <name>ParameterSet.obj</name>
      </input_file>
      <input_file id="fl-11">
         <path>./</path>
         <kind>object</kind>
         <file>RefFunc.obj</file>
         <name>RefFunc.obj</name>
      </input_file>
      <input_file id="fl-12">
         <path>./</path>
         <kind>object</kind>
         <file>Set_Par.obj</file>
         <name>Set_Par.obj</name>
      </input_file>
      <input_file id="fl-13">
         <path>./</path>
         <kind>object</kind>
         <file>analog.obj</file>
         <name>analog.obj</name>
      </input_file>
      <input_file id="fl-14">
         <path>./</path>
         <kind>object</kind>
         <file>code_proc.obj</file>
         <name>code_proc.obj</name>
      </input_file>
      <input_file id="fl-15">
         <path>./</path>
         <kind>object</kind>
         <file>common_module.obj</file>
         <name>common_module.obj</name>
      </input_file>
      <input_file id="fl-16">
         <path>./</path>
         <kind>object</kind>
         <file>digital_inout.obj</file>
         <name>digital_inout.obj</name>
      </input_file>
      <input_file id="fl-17">
         <path>./</path>
         <kind>object</kind>
         <file>eQep.obj</file>
         <name>eQep.obj</name>
      </input_file>
      <input_file id="fl-18">
         <path>./</path>
         <kind>object</kind>
         <file>f28069GpioSetup.obj</file>
         <name>f28069GpioSetup.obj</name>
      </input_file>
      <input_file id="fl-19">
         <path>./</path>
         <kind>object</kind>
         <file>low_pass_filter.obj</file>
         <name>low_pass_filter.obj</name>
      </input_file>
      <input_file id="fl-1a">
         <path>./</path>
         <kind>object</kind>
         <file>main.obj</file>
         <name>main.obj</name>
      </input_file>
      <input_file id="fl-1b">
         <path>./</path>
         <kind>object</kind>
         <file>pmsmCtrl.obj</file>
         <name>pmsmCtrl.obj</name>
      </input_file>
      <input_file id="fl-1c">
         <path>./</path>
         <kind>object</kind>
         <file>scia.obj</file>
         <name>scia.obj</name>
      </input_file>
      <input_file id="fl-1d">
         <path>./</path>
         <kind>object</kind>
         <file>scopePoint.obj</file>
         <name>scopePoint.obj</name>
      </input_file>
      <input_file id="fl-1e">
         <path>./</path>
         <kind>object</kind>
         <file>serial_com.obj</file>
         <name>serial_com.obj</name>
      </input_file>
      <input_file id="fl-1f">
         <path>./</path>
         <kind>object</kind>
         <file>svm.obj</file>
         <name>svm.obj</name>
      </input_file>
      <input_file id="fl-20">
         <path>./</path>
         <kind>object</kind>
         <file>switching_irq.obj</file>
         <name>switching_irq.obj</name>
      </input_file>
      <input_file id="fl-21">
         <path>./</path>
         <kind>object</kind>
         <file>trip_proc.obj</file>
         <name>trip_proc.obj</name>
      </input_file>
      <input_file id="fl-22">
         <path>./</path>
         <kind>object</kind>
         <file>udd_timer_irq.obj</file>
         <name>udd_timer_irq.obj</name>
      </input_file>
      <input_file id="fl-23">
         <path>./</path>
         <kind>object</kind>
         <file>vf_contol.obj</file>
         <name>vf_contol.obj</name>
      </input_file>
      <input_file id="fl-29">
         <kind>object</kind>
         <file>&lt;internal&gt;</file>
         <name>&lt;internal&gt;</name>
      </input_file>
      <input_file id="fl-2d">
         <path>/home/eunwho/ti/ccs910/ccs/tools/compiler/ti-cgt-c2000_18.12.2.LTS/lib/</path>
         <kind>archive</kind>
         <file>rts2800_fpu32.lib</file>
         <name>fs_div28.asm.obj</name>
      </input_file>
      <input_file id="fl-2e">
         <path>/home/eunwho/ti/ccs910/ccs/tools/compiler/ti-cgt-c2000_18.12.2.LTS/lib/</path>
         <kind>archive</kind>
         <file>rts2800_fpu32.lib</file>
         <name>i_div28.asm.obj</name>
      </input_file>
      <input_file id="fl-2f">
         <path>/home/eunwho/ti/ccs910/ccs/tools/compiler/ti-cgt-c2000_18.12.2.LTS/lib/</path>
         <kind>archive</kind>
         <file>rts2800_fpu32.lib</file>
         <name>atof.c.obj</name>
      </input_file>
      <input_file id="fl-30">
         <path>/home/eunwho/ti/ccs910/ccs/tools/compiler/ti-cgt-c2000_18.12.2.LTS/lib/</path>
         <kind>archive</kind>
         <file>rts2800_fpu32.lib</file>
         <name>boot28.asm.obj</name>
      </input_file>
      <input_file id="fl-31">
         <path>/home/eunwho/ti/ccs910/ccs/tools/compiler/ti-cgt-c2000_18.12.2.LTS/lib/</path>
         <kind>archive</kind>
         <file>rts2800_fpu32.lib</file>
         <name>args_main.c.obj</name>
      </input_file>
      <input_file id="fl-32">
         <path>/home/eunwho/ti/ccs910/ccs/tools/compiler/ti-cgt-c2000_18.12.2.LTS/lib/</path>
         <kind>archive</kind>
         <file>rts2800_fpu32.lib</file>
         <name>startup.c.obj</name>
      </input_file>
      <input_file id="fl-33">
         <path>/home/eunwho/ti/ccs910/ccs/tools/compiler/ti-cgt-c2000_18.12.2.LTS/lib/</path>
         <kind>archive</kind>
         <file>rts2800_fpu32.lib</file>
         <name>pre_init.c.obj</name>
      </input_file>
      <input_file id="fl-34">
         <path>/home/eunwho/ti/ccs910/ccs/tools/compiler/ti-cgt-c2000_18.12.2.LTS/lib/</path>
         <kind>archive</kind>
         <file>rts2800_fpu32.lib</file>
         <name>cpy_tbl.c.obj</name>
      </input_file>
      <input_file id="fl-35">
         <path>/home/eunwho/ti/ccs910/ccs/tools/compiler/ti-cgt-c2000_18.12.2.LTS/lib/</path>
         <kind>archive</kind>
         <file>rts2800_fpu32.lib</file>
         <name>s_cosf.c.obj</name>
      </input_file>
      <input_file id="fl-36">
         <path>/home/eunwho/ti/ccs910/ccs/tools/compiler/ti-cgt-c2000_18.12.2.LTS/lib/</path>
         <kind>archive</kind>
         <file>rts2800_fpu32.lib</file>
         <name>exit.c.obj</name>
      </input_file>
      <input_file id="fl-37">
         <path>/home/eunwho/ti/ccs910/ccs/tools/compiler/ti-cgt-c2000_18.12.2.LTS/lib/</path>
         <kind>archive</kind>
         <file>rts2800_fpu32.lib</file>
         <name>_lock.c.obj</name>
      </input_file>
      <input_file id="fl-38">
         <path>/home/eunwho/ti/ccs910/ccs/tools/compiler/ti-cgt-c2000_18.12.2.LTS/lib/</path>
         <kind>archive</kind>
         <file>rts2800_fpu32.lib</file>
         <name>s_floorf.c.obj</name>
      </input_file>
      <input_file id="fl-39">
         <path>/home/eunwho/ti/ccs910/ccs/tools/compiler/ti-cgt-c2000_18.12.2.LTS/lib/</path>
         <kind>archive</kind>
         <file>rts2800_fpu32.lib</file>
         <name>memory.c.obj</name>
      </input_file>
      <input_file id="fl-3a">
         <path>/home/eunwho/ti/ccs910/ccs/tools/compiler/ti-cgt-c2000_18.12.2.LTS/lib/</path>
         <kind>archive</kind>
         <file>rts2800_fpu32.lib</file>
         <name>memcpy.c.obj</name>
      </input_file>
      <input_file id="fl-3b">
         <path>/home/eunwho/ti/ccs910/ccs/tools/compiler/ti-cgt-c2000_18.12.2.LTS/lib/</path>
         <kind>archive</kind>
         <file>rts2800_fpu32.lib</file>
         <name>memset.c.obj</name>
      </input_file>
      <input_file id="fl-3c">
         <path>/home/eunwho/ti/ccs910/ccs/tools/compiler/ti-cgt-c2000_18.12.2.LTS/lib/</path>
         <kind>archive</kind>
         <file>rts2800_fpu32.lib</file>
         <name>s_sinf.c.obj</name>
      </input_file>
      <input_file id="fl-3d">
         <path>/home/eunwho/ti/ccs910/ccs/tools/compiler/ti-cgt-c2000_18.12.2.LTS/lib/</path>
         <kind>archive</kind>
         <file>rts2800_fpu32.lib</file>
         <name>snprintf.c.obj</name>
      </input_file>
      <input_file id="fl-3e">
         <path>/home/eunwho/ti/ccs910/ccs/tools/compiler/ti-cgt-c2000_18.12.2.LTS/lib/</path>
         <kind>archive</kind>
         <file>rts2800_fpu32.lib</file>
         <name>_printfi.c.obj</name>
      </input_file>
      <input_file id="fl-3f">
         <path>/home/eunwho/ti/ccs910/ccs/tools/compiler/ti-cgt-c2000_18.12.2.LTS/lib/</path>
         <kind>archive</kind>
         <file>rts2800_fpu32.lib</file>
         <name>fd_cmp28.asm.obj</name>
      </input_file>
      <input_file id="fl-40">
         <path>/home/eunwho/ti/ccs910/ccs/tools/compiler/ti-cgt-c2000_18.12.2.LTS/lib/</path>
         <kind>archive</kind>
         <file>rts2800_fpu32.lib</file>
         <name>fd_div28.asm.obj</name>
      </input_file>
      <input_file id="fl-41">
         <path>/home/eunwho/ti/ccs910/ccs/tools/compiler/ti-cgt-c2000_18.12.2.LTS/lib/</path>
         <kind>archive</kind>
         <file>rts2800_fpu32.lib</file>
         <name>fd_mpy28.asm.obj</name>
      </input_file>
      <input_file id="fl-42">
         <path>/home/eunwho/ti/ccs910/ccs/tools/compiler/ti-cgt-c2000_18.12.2.LTS/lib/</path>
         <kind>archive</kind>
         <file>rts2800_fpu32.lib</file>
         <name>fd_neg28.asm.obj</name>
      </input_file>
      <input_file id="fl-43">
         <path>/home/eunwho/ti/ccs910/ccs/tools/compiler/ti-cgt-c2000_18.12.2.LTS/lib/</path>
         <kind>archive</kind>
         <file>rts2800_fpu32.lib</file>
         <name>fd_sub28.asm.obj</name>
      </input_file>
      <input_file id="fl-44">
         <path>/home/eunwho/ti/ccs910/ccs/tools/compiler/ti-cgt-c2000_18.12.2.LTS/lib/</path>
         <kind>archive</kind>
         <file>rts2800_fpu32.lib</file>
         <name>fd_add28.asm.obj</name>
      </input_file>
      <input_file id="fl-45">
         <path>/home/eunwho/ti/ccs910/ccs/tools/compiler/ti-cgt-c2000_18.12.2.LTS/lib/</path>
         <kind>archive</kind>
         <file>rts2800_fpu32.lib</file>
         <name>fd_toi28.asm.obj</name>
      </input_file>
      <input_file id="fl-46">
         <path>/home/eunwho/ti/ccs910/ccs/tools/compiler/ti-cgt-c2000_18.12.2.LTS/lib/</path>
         <kind>archive</kind>
         <file>rts2800_fpu32.lib</file>
         <name>fd_tol28.asm.obj</name>
      </input_file>
      <input_file id="fl-47">
         <path>/home/eunwho/ti/ccs910/ccs/tools/compiler/ti-cgt-c2000_18.12.2.LTS/lib/</path>
         <kind>archive</kind>
         <file>rts2800_fpu32.lib</file>
         <name>fs_tofdfpu32.asm.obj</name>
      </input_file>
      <input_file id="fl-48">
         <path>/home/eunwho/ti/ccs910/ccs/tools/compiler/ti-cgt-c2000_18.12.2.LTS/lib/</path>
         <kind>archive</kind>
         <file>rts2800_fpu32.lib</file>
         <name>i_tofd28.asm.obj</name>
      </input_file>
      <input_file id="fl-49">
         <path>/home/eunwho/ti/ccs910/ccs/tools/compiler/ti-cgt-c2000_18.12.2.LTS/lib/</path>
         <kind>archive</kind>
         <file>rts2800_fpu32.lib</file>
         <name>l_tofd28.asm.obj</name>
      </input_file>
      <input_file id="fl-4a">
         <path>/home/eunwho/ti/ccs910/ccs/tools/compiler/ti-cgt-c2000_18.12.2.LTS/lib/</path>
         <kind>archive</kind>
         <file>rts2800_fpu32.lib</file>
         <name>ll_aox28.asm.obj</name>
      </input_file>
      <input_file id="fl-4b">
         <path>/home/eunwho/ti/ccs910/ccs/tools/compiler/ti-cgt-c2000_18.12.2.LTS/lib/</path>
         <kind>archive</kind>
         <file>rts2800_fpu32.lib</file>
         <name>ll_cmp28.asm.obj</name>
      </input_file>
      <input_file id="fl-4c">
         <path>/home/eunwho/ti/ccs910/ccs/tools/compiler/ti-cgt-c2000_18.12.2.LTS/lib/</path>
         <kind>archive</kind>
         <file>rts2800_fpu32.lib</file>
         <name>ll_div28.asm.obj</name>
      </input_file>
      <input_file id="fl-4d">
         <path>/home/eunwho/ti/ccs910/ccs/tools/compiler/ti-cgt-c2000_18.12.2.LTS/lib/</path>
         <kind>archive</kind>
         <file>rts2800_fpu32.lib</file>
         <name>atoi.c.obj</name>
      </input_file>
      <input_file id="fl-4e">
         <path>/home/eunwho/ti/ccs910/ccs/tools/compiler/ti-cgt-c2000_18.12.2.LTS/lib/</path>
         <kind>archive</kind>
         <file>rts2800_fpu32.lib</file>
         <name>ctype.c.obj</name>
      </input_file>
      <input_file id="fl-4f">
         <path>/home/eunwho/ti/ccs910/ccs/tools/compiler/ti-cgt-c2000_18.12.2.LTS/lib/</path>
         <kind>archive</kind>
         <file>rts2800_fpu32.lib</file>
         <name>s_frexp.c.obj</name>
      </input_file>
      <input_file id="fl-50">
         <path>/home/eunwho/ti/ccs910/ccs/tools/compiler/ti-cgt-c2000_18.12.2.LTS/lib/</path>
         <kind>archive</kind>
         <file>rts2800_fpu32.lib</file>
         <name>s_scalbn.c.obj</name>
      </input_file>
      <input_file id="fl-51">
         <path>/home/eunwho/ti/ccs910/ccs/tools/compiler/ti-cgt-c2000_18.12.2.LTS/lib/</path>
         <kind>archive</kind>
         <file>rts2800_fpu32.lib</file>
         <name>s_copysign.c.obj</name>
      </input_file>
      <input_file id="fl-52">
         <path>/home/eunwho/ti/ccs910/ccs/tools/compiler/ti-cgt-c2000_18.12.2.LTS/lib/</path>
         <kind>archive</kind>
         <file>rts2800_fpu32.lib</file>
         <name>errno.c.obj</name>
      </input_file>
      <input_file id="fl-53">
         <path>/home/eunwho/ti/ccs910/ccs/tools/compiler/ti-cgt-c2000_18.12.2.LTS/lib/</path>
         <kind>archive</kind>
         <file>rts2800_fpu32.lib</file>
         <name>ltoa.c.obj</name>
      </input_file>
      <input_file id="fl-54">
         <path>/home/eunwho/ti/ccs910/ccs/tools/compiler/ti-cgt-c2000_18.12.2.LTS/lib/</path>
         <kind>archive</kind>
         <file>rts2800_fpu32.lib</file>
         <name>l_div28.asm.obj</name>
      </input_file>
      <input_file id="fl-55">
         <path>/home/eunwho/ti/ccs910/ccs/tools/compiler/ti-cgt-c2000_18.12.2.LTS/lib/</path>
         <kind>archive</kind>
         <file>rts2800_fpu32.lib</file>
         <name>memccpy.c.obj</name>
      </input_file>
      <input_file id="fl-56">
         <path>/home/eunwho/ti/ccs910/ccs/tools/compiler/ti-cgt-c2000_18.12.2.LTS/lib/</path>
         <kind>archive</kind>
         <file>rts2800_fpu32.lib</file>
         <name>e_sqrtf.c.obj</name>
      </input_file>
      <input_file id="fl-57">
         <path>/home/eunwho/ti/ccs910/ccs/tools/compiler/ti-cgt-c2000_18.12.2.LTS/lib/</path>
         <kind>archive</kind>
         <file>rts2800_fpu32.lib</file>
         <name>strchr.c.obj</name>
      </input_file>
      <input_file id="fl-58">
         <path>/home/eunwho/ti/ccs910/ccs/tools/compiler/ti-cgt-c2000_18.12.2.LTS/lib/</path>
         <kind>archive</kind>
         <file>rts2800_fpu32.lib</file>
         <name>strcpy.c.obj</name>
      </input_file>
      <input_file id="fl-59">
         <path>/home/eunwho/ti/ccs910/ccs/tools/compiler/ti-cgt-c2000_18.12.2.LTS/lib/</path>
         <kind>archive</kind>
         <file>rts2800_fpu32.lib</file>
         <name>strlen.c.obj</name>
      </input_file>
      <input_file id="fl-5a">
         <path>/home/eunwho/ti/ccs910/ccs/tools/compiler/ti-cgt-c2000_18.12.2.LTS/lib/</path>
         <kind>archive</kind>
         <file>rts2800_fpu32.lib</file>
         <name>strncpy.c.obj</name>
      </input_file>
      <input_file id="fl-5b">
         <path>/home/eunwho/ti/ccs910/ccs/tools/compiler/ti-cgt-c2000_18.12.2.LTS/lib/</path>
         <kind>archive</kind>
         <file>rts2800_fpu32.lib</file>
         <name>strtod.c.obj</name>
      </input_file>
      <input_file id="fl-5c">
         <path>/home/eunwho/ti/ccs910/ccs/tools/compiler/ti-cgt-c2000_18.12.2.LTS/lib/</path>
         <kind>archive</kind>
         <file>rts2800_fpu32.lib</file>
         <name>s_scalbnf.c.obj</name>
      </input_file>
      <input_file id="fl-5d">
         <path>/home/eunwho/ti/ccs910/ccs/tools/compiler/ti-cgt-c2000_18.12.2.LTS/lib/</path>
         <kind>archive</kind>
         <file>rts2800_fpu32.lib</file>
         <name>s_copysignf.c.obj</name>
      </input_file>
      <input_file id="fl-5e">
         <path>/home/eunwho/ti/ccs910/ccs/tools/compiler/ti-cgt-c2000_18.12.2.LTS/lib/</path>
         <kind>archive</kind>
         <file>rts2800_fpu32.lib</file>
         <name>wcslen.c.obj</name>
      </input_file>
   </input_file_list>
   <object_component_list>
      <object_component id="oc-100">
         <name>.cinit</name>
         <load_address>0x3f4b5a</load_address>
         <run_address>0x3f4b5a</run_address>
         <size>0x239</size>
         <input_file_ref idref="fl-1a"/>
      </object_component>
      <object_component id="oc-111">
         <name>.cinit</name>
         <load_address>0x3f4d93</load_address>
         <run_address>0x3f4d93</run_address>
         <size>0x19</size>
         <input_file_ref idref="fl-1c"/>
      </object_component>
      <object_component id="oc-177">
         <name>.cinit</name>
         <load_address>0x3f4dac</load_address>
         <run_address>0x3f4dac</run_address>
         <size>0xe</size>
         <input_file_ref idref="fl-36"/>
      </object_component>
      <object_component id="oc-132">
         <name>.cinit</name>
         <load_address>0x3f4dba</load_address>
         <run_address>0x3f4dba</run_address>
         <size>0xc</size>
         <input_file_ref idref="fl-21"/>
      </object_component>
      <object_component id="oc-272">
         <name>.cinit:_Vs_abc</name>
         <load_address>0x3f4dc6</load_address>
         <run_address>0x3f4dc6</run_address>
         <size>0x9</size>
         <input_file_ref idref="fl-1a"/>
      </object_component>
      <object_component id="oc-270">
         <name>.cinit:_Vs_abc_ref</name>
         <load_address>0x3f4dcf</load_address>
         <run_address>0x3f4dcf</run_address>
         <size>0x9</size>
         <input_file_ref idref="fl-1a"/>
      </object_component>
      <object_component id="oc-26e">
         <name>.cinit:_sgn_Is</name>
         <load_address>0x3f4dd8</load_address>
         <run_address>0x3f4dd8</run_address>
         <size>0x9</size>
         <input_file_ref idref="fl-1a"/>
      </object_component>
      <object_component id="oc-2b1">
         <name>.cinit:_Fs_dq</name>
         <load_address>0x3f4de1</load_address>
         <run_address>0x3f4de1</run_address>
         <size>0x7</size>
         <input_file_ref idref="fl-1a"/>
      </object_component>
      <object_component id="oc-287">
         <name>.cinit:_Is_DQ</name>
         <load_address>0x3f4de8</load_address>
         <run_address>0x3f4de8</run_address>
         <size>0x7</size>
         <input_file_ref idref="fl-1a"/>
      </object_component>
      <object_component id="oc-2a9">
         <name>.cinit:_Is_DQ_ErrInt</name>
         <load_address>0x3f4def</load_address>
         <run_address>0x3f4def</run_address>
         <size>0x7</size>
         <input_file_ref idref="fl-1a"/>
      </object_component>
      <object_component id="oc-292">
         <name>.cinit:_Is_DQ_max</name>
         <load_address>0x3f4df6</load_address>
         <run_address>0x3f4df6</run_address>
         <size>0x7</size>
         <input_file_ref idref="fl-1a"/>
      </object_component>
      <object_component id="oc-290">
         <name>.cinit:_Is_DQ_ref</name>
         <load_address>0x3f4dfd</load_address>
         <run_address>0x3f4dfd</run_address>
         <size>0x7</size>
         <input_file_ref idref="fl-1a"/>
      </object_component>
      <object_component id="oc-2b5">
         <name>.cinit:_Is_dq_ErrInt</name>
         <load_address>0x3f4e04</load_address>
         <run_address>0x3f4e04</run_address>
         <size>0x7</size>
         <input_file_ref idref="fl-1a"/>
      </object_component>
      <object_component id="oc-2b3">
         <name>.cinit:_Is_dq_ref</name>
         <load_address>0x3f4e0b</load_address>
         <run_address>0x3f4e0b</run_address>
         <size>0x7</size>
         <input_file_ref idref="fl-1a"/>
      </object_component>
      <object_component id="oc-28b">
         <name>.cinit:_Us_dq</name>
         <load_address>0x3f4e12</load_address>
         <run_address>0x3f4e12</run_address>
         <size>0x7</size>
         <input_file_ref idref="fl-1a"/>
      </object_component>
      <object_component id="oc-289">
         <name>.cinit:_Vs_DQ</name>
         <load_address>0x3f4e19</load_address>
         <run_address>0x3f4e19</run_address>
         <size>0x7</size>
         <input_file_ref idref="fl-1a"/>
      </object_component>
      <object_component id="oc-2ab">
         <name>.cinit:_Vs_DQ_comp</name>
         <load_address>0x3f4e20</load_address>
         <run_address>0x3f4e20</run_address>
         <size>0x7</size>
         <input_file_ref idref="fl-1a"/>
      </object_component>
      <object_component id="oc-28d">
         <name>.cinit:_Vs_DQ_max</name>
         <load_address>0x3f4e27</load_address>
         <run_address>0x3f4e27</run_address>
         <size>0x7</size>
         <input_file_ref idref="fl-1a"/>
      </object_component>
      <object_component id="oc-294">
         <name>.cinit:_Vs_DQ_ref</name>
         <load_address>0x3f4e2e</load_address>
         <run_address>0x3f4e2e</run_address>
         <size>0x7</size>
         <input_file_ref idref="fl-1a"/>
      </object_component>
      <object_component id="oc-2ad">
         <name>.cinit:_Vs_DQ_ref_P</name>
         <load_address>0x3f4e35</load_address>
         <run_address>0x3f4e35</run_address>
         <size>0x7</size>
         <input_file_ref idref="fl-1a"/>
      </object_component>
      <object_component id="oc-2af">
         <name>.cinit:_Vs_DQ_ref_PI</name>
         <load_address>0x3f4e3c</load_address>
         <run_address>0x3f4e3c</run_address>
         <size>0x7</size>
         <input_file_ref idref="fl-1a"/>
      </object_component>
      <object_component id="oc-274">
         <name>.cinit:_Vs_dq</name>
         <load_address>0x3f4e43</load_address>
         <run_address>0x3f4e43</run_address>
         <size>0x7</size>
         <input_file_ref idref="fl-1a"/>
      </object_component>
      <object_component id="oc-260">
         <name>.cinit:_Vs_dq_ref</name>
         <load_address>0x3f4e4a</load_address>
         <run_address>0x3f4e4a</run_address>
         <size>0x7</size>
         <input_file_ref idref="fl-1a"/>
      </object_component>
      <object_component id="oc-be">
         <name>.cinit</name>
         <load_address>0x3f4e51</load_address>
         <run_address>0x3f4e51</run_address>
         <size>0x5</size>
         <input_file_ref idref="fl-f"/>
      </object_component>
      <object_component id="oc-27c">
         <name>.cinit:__lock</name>
         <load_address>0x3f4e56</load_address>
         <run_address>0x3f4e56</run_address>
         <size>0x5</size>
         <input_file_ref idref="fl-37"/>
      </object_component>
      <object_component id="oc-2a2">
         <name>.cinit:__unlock</name>
         <load_address>0x3f4e5b</load_address>
         <run_address>0x3f4e5b</run_address>
         <size>0x5</size>
         <input_file_ref idref="fl-37"/>
      </object_component>
      <object_component id="oc-e3">
         <name>.cinit</name>
         <load_address>0x3f4e60</load_address>
         <run_address>0x3f4e60</run_address>
         <size>0x5</size>
         <input_file_ref idref="fl-15"/>
      </object_component>
      <object_component id="oc-109">
         <name>.cinit</name>
         <load_address>0x3f4e65</load_address>
         <run_address>0x3f4e65</run_address>
         <size>0x5</size>
         <input_file_ref idref="fl-1b"/>
      </object_component>
      <object_component id="oc-281">
         <name>.cinit:_MonitorMsg</name>
         <load_address>0x3f4e6a</load_address>
         <run_address>0x3f4e6a</run_address>
         <size>0x4</size>
         <input_file_ref idref="fl-1a"/>
      </object_component>
      <object_component id="oc-24b">
         <name>.cinit:_adc_result</name>
         <load_address>0x3f4e6e</load_address>
         <run_address>0x3f4e6e</run_address>
         <size>0x4</size>
         <input_file_ref idref="fl-1a"/>
      </object_component>
      <object_component id="oc-2a0">
         <name>.cinit:_gStr1</name>
         <load_address>0x3f4e72</load_address>
         <run_address>0x3f4e72</run_address>
         <size>0x4</size>
         <input_file_ref idref="fl-1a"/>
      </object_component>
      <object_component id="oc-25c">
         <name>.cinit:_msg_box</name>
         <load_address>0x3f4e76</load_address>
         <run_address>0x3f4e76</run_address>
         <size>0x4</size>
         <input_file_ref idref="fl-1c"/>
      </object_component>
      <object_component id="oc-2a4">
         <name>.cinit:_scia_rx_msg_box</name>
         <load_address>0x3f4e7a</load_address>
         <run_address>0x3f4e7a</run_address>
         <size>0x4</size>
         <input_file_ref idref="fl-1c"/>
      </object_component>
      <object_component id="oc-25a">
         <name>.cinit:_scia_tx_msg_box</name>
         <load_address>0x3f4e7e</load_address>
         <run_address>0x3f4e7e</run_address>
         <size>0x4</size>
         <input_file_ref idref="fl-1c"/>
      </object_component>
      <object_component id="oc-20a">
         <name>.cinit</name>
         <load_address>0x3f4e82</load_address>
         <run_address>0x3f4e82</run_address>
         <size>0x4</size>
         <input_file_ref idref="fl-52"/>
      </object_component>
      <object_component id="oc-189">
         <name>.cinit</name>
         <load_address>0x3f4e86</load_address>
         <run_address>0x3f4e86</run_address>
         <size>0x4</size>
         <input_file_ref idref="fl-39"/>
      </object_component>
      <object_component id="oc-12a">
         <name>.cinit</name>
         <load_address>0x3f4e8a</load_address>
         <run_address>0x3f4e8a</run_address>
         <size>0x4</size>
         <input_file_ref idref="fl-20"/>
      </object_component>
      <object_component id="oc-13a">
         <name>.cinit</name>
         <load_address>0x3f4e8e</load_address>
         <run_address>0x3f4e8e</run_address>
         <size>0x4</size>
         <input_file_ref idref="fl-22"/>
      </object_component>
      <object_component id="oc-2b6">
         <name>.text</name>
         <load_address>0x3d8000</load_address>
         <run_address>0x3d8000</run_address>
         <size>0xce3</size>
         <input_file_ref idref="fl-3e"/>
      </object_component>
      <object_component id="oc-277">
         <name>.text</name>
         <load_address>0x3d8ce3</load_address>
         <run_address>0x3d8ce3</run_address>
         <size>0x9f9</size>
         <input_file_ref idref="fl-1b"/>
      </object_component>
      <object_component id="oc-298">
         <name>.text</name>
         <load_address>0x3d96dc</load_address>
         <run_address>0x3d96dc</run_address>
         <size>0x97c</size>
         <input_file_ref idref="fl-14"/>
      </object_component>
      <object_component id="oc-27d">
         <name>.text</name>
         <load_address>0x3da058</load_address>
         <run_address>0x3da058</run_address>
         <size>0x7db</size>
         <input_file_ref idref="fl-1c"/>
      </object_component>
      <object_component id="oc-276">
         <name>.text</name>
         <load_address>0x3da833</load_address>
         <run_address>0x3da833</run_address>
         <size>0x65b</size>
         <input_file_ref idref="fl-23"/>
      </object_component>
      <object_component id="oc-278">
         <name>.text</name>
         <load_address>0x3dae8e</load_address>
         <run_address>0x3dae8e</run_address>
         <size>0x454</size>
         <input_file_ref idref="fl-21"/>
      </object_component>
      <object_component id="oc-27e">
         <name>.text</name>
         <load_address>0x3db2e2</load_address>
         <run_address>0x3db2e2</run_address>
         <size>0x448</size>
         <input_file_ref idref="fl-10"/>
      </object_component>
      <object_component id="oc-63">
         <name>.text:retain</name>
         <load_address>0x3db72a</load_address>
         <run_address>0x3db72a</run_address>
         <size>0x39b</size>
         <input_file_ref idref="fl-8"/>
      </object_component>
      <object_component id="oc-25d">
         <name>.text</name>
         <load_address>0x3dbac5</load_address>
         <run_address>0x3dbac5</run_address>
         <size>0x38a</size>
         <input_file_ref idref="fl-1f"/>
      </object_component>
      <object_component id="oc-27a">
         <name>.text</name>
         <load_address>0x3dbe4f</load_address>
         <run_address>0x3dbe4f</run_address>
         <size>0x2ae</size>
         <input_file_ref idref="fl-1a"/>
      </object_component>
      <object_component id="oc-2a6">
         <name>.text</name>
         <load_address>0x3dc0fd</load_address>
         <run_address>0x3dc0fd</run_address>
         <size>0x266</size>
         <input_file_ref idref="fl-39"/>
      </object_component>
      <object_component id="oc-296">
         <name>.text</name>
         <load_address>0x3dc363</load_address>
         <run_address>0x3dc363</run_address>
         <size>0x258</size>
         <input_file_ref idref="fl-18"/>
      </object_component>
      <object_component id="oc-29d">
         <name>.text</name>
         <load_address>0x3dc5bb</load_address>
         <run_address>0x3dc5bb</run_address>
         <size>0x23a</size>
         <input_file_ref idref="fl-4"/>
      </object_component>
      <object_component id="oc-2bb">
         <name>.text</name>
         <load_address>0x3dc7f5</load_address>
         <run_address>0x3dc7f5</run_address>
         <size>0x1ff</size>
         <input_file_ref idref="fl-5b"/>
      </object_component>
      <object_component id="oc-295">
         <name>.text</name>
         <load_address>0x3dc9f4</load_address>
         <run_address>0x3dc9f4</run_address>
         <size>0x1b4</size>
         <input_file_ref idref="fl-e"/>
      </object_component>
      <object_component id="oc-d7">
         <name>.text:retain</name>
         <load_address>0x3dcba8</load_address>
         <run_address>0x3dcba8</run_address>
         <size>0x1af</size>
         <input_file_ref idref="fl-13"/>
      </object_component>
      <object_component id="oc-27f">
         <name>.text</name>
         <load_address>0x3dcd57</load_address>
         <run_address>0x3dcd57</run_address>
         <size>0x1ac</size>
         <input_file_ref idref="fl-12"/>
      </object_component>
      <object_component id="oc-265">
         <name>.text</name>
         <load_address>0x3dcf03</load_address>
         <run_address>0x3dcf03</run_address>
         <size>0x192</size>
         <input_file_ref idref="fl-c"/>
      </object_component>
      <object_component id="oc-12c">
         <name>.text:retain</name>
         <load_address>0x3dd095</load_address>
         <run_address>0x3dd095</run_address>
         <size>0x181</size>
         <input_file_ref idref="fl-20"/>
      </object_component>
      <object_component id="oc-13c">
         <name>.text:retain</name>
         <load_address>0x3dd216</load_address>
         <run_address>0x3dd216</run_address>
         <size>0x170</size>
         <input_file_ref idref="fl-22"/>
      </object_component>
      <object_component id="oc-283">
         <name>.text</name>
         <load_address>0x3dd386</load_address>
         <run_address>0x3dd386</run_address>
         <size>0x16a</size>
         <input_file_ref idref="fl-11"/>
      </object_component>
      <object_component id="oc-258">
         <name>.text</name>
         <load_address>0x3dd4f0</load_address>
         <run_address>0x3dd4f0</run_address>
         <size>0x150</size>
         <input_file_ref idref="fl-15"/>
      </object_component>
      <object_component id="oc-1ec">
         <name>.text</name>
         <load_address>0x3dd640</load_address>
         <run_address>0x3dd640</run_address>
         <size>0x107</size>
         <input_file_ref idref="fl-4c"/>
      </object_component>
      <object_component id="oc-113">
         <name>.text:retain</name>
         <load_address>0x3dd747</load_address>
         <run_address>0x3dd747</run_address>
         <size>0xef</size>
         <input_file_ref idref="fl-1c"/>
      </object_component>
      <object_component id="oc-24f">
         <name>.text</name>
         <load_address>0x3dd836</load_address>
         <run_address>0x3dd836</run_address>
         <size>0xe7</size>
         <input_file_ref idref="fl-19"/>
      </object_component>
      <object_component id="oc-262">
         <name>.text</name>
         <load_address>0x3dd91d</load_address>
         <run_address>0x3dd91d</run_address>
         <size>0xdd</size>
         <input_file_ref idref="fl-16"/>
      </object_component>
      <object_component id="oc-2c1">
         <name>.text</name>
         <load_address>0x3dd9fa</load_address>
         <run_address>0x3dd9fa</run_address>
         <size>0xae</size>
         <input_file_ref idref="fl-50"/>
      </object_component>
      <object_component id="oc-1c4">
         <name>.text</name>
         <load_address>0x3ddaa8</load_address>
         <run_address>0x3ddaa8</run_address>
         <size>0x9c</size>
         <input_file_ref idref="fl-44"/>
      </object_component>
      <object_component id="oc-1b0">
         <name>.text</name>
         <load_address>0x3ddb44</load_address>
         <run_address>0x3ddb44</run_address>
         <size>0x8b</size>
         <input_file_ref idref="fl-40"/>
      </object_component>
      <object_component id="oc-147">
         <name>.text</name>
         <load_address>0x3ddbcf</load_address>
         <run_address>0x3ddbcf</run_address>
         <size>0x88</size>
         <input_file_ref idref="fl-2d"/>
      </object_component>
      <object_component id="oc-1b5">
         <name>.text</name>
         <load_address>0x3ddc57</load_address>
         <run_address>0x3ddc57</run_address>
         <size>0x83</size>
         <input_file_ref idref="fl-41"/>
      </object_component>
      <object_component id="oc-f0">
         <name>.text:retain</name>
         <load_address>0x3ddcda</load_address>
         <run_address>0x3ddcda</run_address>
         <size>0x82</size>
         <input_file_ref idref="fl-17"/>
      </object_component>
      <object_component id="oc-28e">
         <name>.text</name>
         <load_address>0x3ddd5c</load_address>
         <run_address>0x3ddd5c</run_address>
         <size>0x78</size>
         <input_file_ref idref="fl-17"/>
      </object_component>
      <object_component id="oc-29e">
         <name>.text</name>
         <load_address>0x3dddd4</load_address>
         <run_address>0x3dddd4</run_address>
         <size>0x77</size>
         <input_file_ref idref="fl-13"/>
      </object_component>
      <object_component id="oc-29c">
         <name>.text</name>
         <load_address>0x3dde4b</load_address>
         <run_address>0x3dde4b</run_address>
         <size>0x76</size>
         <input_file_ref idref="fl-7"/>
      </object_component>
      <object_component id="oc-285">
         <name>.text</name>
         <load_address>0x3ddec1</load_address>
         <run_address>0x3ddec1</run_address>
         <size>0x63</size>
         <input_file_ref idref="fl-35"/>
      </object_component>
      <object_component id="oc-2a7">
         <name>.text</name>
         <load_address>0x3ddf24</load_address>
         <run_address>0x3ddf24</run_address>
         <size>0x5f</size>
         <input_file_ref idref="fl-1d"/>
      </object_component>
      <object_component id="oc-2c0">
         <name>.text</name>
         <load_address>0x3ddf83</load_address>
         <run_address>0x3ddf83</run_address>
         <size>0x5a</size>
         <input_file_ref idref="fl-4f"/>
      </object_component>
      <object_component id="oc-297">
         <name>.text</name>
         <load_address>0x3ddfdd</load_address>
         <run_address>0x3ddfdd</run_address>
         <size>0x5a</size>
         <input_file_ref idref="fl-3d"/>
      </object_component>
      <object_component id="oc-275">
         <name>.text</name>
         <load_address>0x3de037</load_address>
         <run_address>0x3de037</run_address>
         <size>0x59</size>
         <input_file_ref idref="fl-38"/>
      </object_component>
      <object_component id="oc-284">
         <name>.text</name>
         <load_address>0x3de090</load_address>
         <run_address>0x3de090</run_address>
         <size>0x59</size>
         <input_file_ref idref="fl-3c"/>
      </object_component>
      <object_component id="oc-2c8">
         <name>.text</name>
         <load_address>0x3de0e9</load_address>
         <run_address>0x3de0e9</run_address>
         <size>0x58</size>
         <input_file_ref idref="fl-5c"/>
      </object_component>
      <object_component id="oc-156">
         <name>.text</name>
         <load_address>0x3de141</load_address>
         <run_address>0x3de141</run_address>
         <size>0x56</size>
         <input_file_ref idref="fl-30"/>
      </object_component>
      <object_component id="oc-2bd">
         <name>.text</name>
         <load_address>0x3de197</load_address>
         <run_address>0x3de197</run_address>
         <size>0x31</size>
         <input_file_ref idref="fl-4d"/>
      </object_component>
      <object_component id="oc-2bf">
         <name>.text</name>
         <load_address>0x3de1c8</load_address>
         <run_address>0x3de1c8</run_address>
         <size>0x30</size>
         <input_file_ref idref="fl-53"/>
      </object_component>
      <object_component id="oc-1ab">
         <name>.text</name>
         <load_address>0x3de1f8</load_address>
         <run_address>0x3de1f8</run_address>
         <size>0x2a</size>
         <input_file_ref idref="fl-3f"/>
      </object_component>
      <object_component id="oc-212">
         <name>.text</name>
         <load_address>0x3de222</load_address>
         <run_address>0x3de222</run_address>
         <size>0x2a</size>
         <input_file_ref idref="fl-54"/>
      </object_component>
      <object_component id="oc-26a">
         <name>.text</name>
         <load_address>0x3de24c</load_address>
         <run_address>0x3de24c</run_address>
         <size>0x29</size>
         <input_file_ref idref="fl-36"/>
      </object_component>
      <object_component id="oc-29a">
         <name>.text</name>
         <load_address>0x3de275</load_address>
         <run_address>0x3de275</run_address>
         <size>0x28</size>
         <input_file_ref idref="fl-a"/>
      </object_component>
      <object_component id="oc-268">
         <name>.text</name>
         <load_address>0x3de29d</load_address>
         <run_address>0x3de29d</run_address>
         <size>0x1</size>
         <input_file_ref idref="fl-32"/>
      </object_component>
      <object_component id="oc-257">
         <name>.text</name>
         <load_address>0x3de29e</load_address>
         <run_address>0x3de29e</run_address>
         <size>0x27</size>
         <input_file_ref idref="fl-56"/>
      </object_component>
      <object_component id="oc-29b">
         <name>.text</name>
         <load_address>0x3de2c5</load_address>
         <run_address>0x3de2c5</run_address>
         <size>0x26</size>
         <input_file_ref idref="fl-b"/>
      </object_component>
      <object_component id="oc-25e">
         <name>.text</name>
         <load_address>0x3de2eb</load_address>
         <run_address>0x3de2eb</run_address>
         <size>0x26</size>
         <input_file_ref idref="fl-20"/>
      </object_component>
      <object_component id="oc-2c9">
         <name>.text</name>
         <load_address>0x3de311</load_address>
         <run_address>0x3de311</run_address>
         <size>0x25</size>
         <input_file_ref idref="fl-51"/>
      </object_component>
      <object_component id="oc-267">
         <name>.text</name>
         <load_address>0x3de336</load_address>
         <run_address>0x3de336</run_address>
         <size>0x24</size>
         <input_file_ref idref="fl-34"/>
      </object_component>
      <object_component id="oc-14c">
         <name>.text</name>
         <load_address>0x3de35a</load_address>
         <run_address>0x3de35a</run_address>
         <size>0x22</size>
         <input_file_ref idref="fl-2e"/>
      </object_component>
      <object_component id="oc-1c9">
         <name>.text</name>
         <load_address>0x3de37c</load_address>
         <run_address>0x3de37c</run_address>
         <size>0x21</size>
         <input_file_ref idref="fl-45"/>
      </object_component>
      <object_component id="oc-1ce">
         <name>.text</name>
         <load_address>0x3de39d</load_address>
         <run_address>0x3de39d</run_address>
         <size>0x1f</size>
         <input_file_ref idref="fl-46"/>
      </object_component>
      <object_component id="oc-1e7">
         <name>.text</name>
         <load_address>0x3de3bc</load_address>
         <run_address>0x3de3bc</run_address>
         <size>0x1e</size>
         <input_file_ref idref="fl-4b"/>
      </object_component>
      <object_component id="oc-1d8">
         <name>.text</name>
         <load_address>0x3de3da</load_address>
         <run_address>0x3de3da</run_address>
         <size>0x1d</size>
         <input_file_ref idref="fl-48"/>
      </object_component>
      <object_component id="oc-279">
         <name>.text</name>
         <load_address>0x3de3f7</load_address>
         <run_address>0x3de3f7</run_address>
         <size>0x1d</size>
         <input_file_ref idref="fl-3a"/>
      </object_component>
      <object_component id="oc-1d3">
         <name>.text</name>
         <load_address>0x3de414</load_address>
         <run_address>0x3de414</run_address>
         <size>0x1c</size>
         <input_file_ref idref="fl-47"/>
      </object_component>
      <object_component id="oc-1dd">
         <name>.text</name>
         <load_address>0x3de430</load_address>
         <run_address>0x3de430</run_address>
         <size>0x1c</size>
         <input_file_ref idref="fl-49"/>
      </object_component>
      <object_component id="oc-26b">
         <name>.text</name>
         <load_address>0x3de44c</load_address>
         <run_address>0x3de44c</run_address>
         <size>0x1b</size>
         <input_file_ref idref="fl-1e"/>
      </object_component>
      <object_component id="oc-269">
         <name>.text</name>
         <load_address>0x3de467</load_address>
         <run_address>0x3de467</run_address>
         <size>0x19</size>
         <input_file_ref idref="fl-31"/>
      </object_component>
      <object_component id="oc-1e2">
         <name>.text</name>
         <load_address>0x3de480</load_address>
         <run_address>0x3de480</run_address>
         <size>0x18</size>
         <input_file_ref idref="fl-4a"/>
      </object_component>
      <object_component id="oc-282">
         <name>.text</name>
         <load_address>0x3de498</load_address>
         <run_address>0x3de498</run_address>
         <size>0x15</size>
         <input_file_ref idref="fl-5a"/>
      </object_component>
      <object_component id="oc-102">
         <name>.text:retain</name>
         <load_address>0x3de4ad</load_address>
         <run_address>0x3de4ad</run_address>
         <size>0x14</size>
         <input_file_ref idref="fl-1a"/>
      </object_component>
      <object_component id="oc-2ca">
         <name>.text</name>
         <load_address>0x3de4c1</load_address>
         <run_address>0x3de4c1</run_address>
         <size>0x11</size>
         <input_file_ref idref="fl-5d"/>
      </object_component>
      <object_component id="oc-1bf">
         <name>.text</name>
         <load_address>0x3de4d2</load_address>
         <run_address>0x3de4d2</run_address>
         <size>0xe</size>
         <input_file_ref idref="fl-43"/>
      </object_component>
      <object_component id="oc-2c3">
         <name>.text</name>
         <load_address>0x3de4e0</load_address>
         <run_address>0x3de4e0</run_address>
         <size>0xd</size>
         <input_file_ref idref="fl-55"/>
      </object_component>
      <object_component id="oc-2c2">
         <name>.text</name>
         <load_address>0x3de4ed</load_address>
         <run_address>0x3de4ed</run_address>
         <size>0xc</size>
         <input_file_ref idref="fl-57"/>
      </object_component>
      <object_component id="oc-2a1">
         <name>.text</name>
         <load_address>0x3de4f9</load_address>
         <run_address>0x3de4f9</run_address>
         <size>0x9</size>
         <input_file_ref idref="fl-37"/>
      </object_component>
      <object_component id="oc-1ba">
         <name>.text</name>
         <load_address>0x3de502</load_address>
         <run_address>0x3de502</run_address>
         <size>0x9</size>
         <input_file_ref idref="fl-42"/>
      </object_component>
      <object_component id="oc-2c4">
         <name>.text</name>
         <load_address>0x3de50b</load_address>
         <run_address>0x3de50b</run_address>
         <size>0x9</size>
         <input_file_ref idref="fl-5e"/>
      </object_component>
      <object_component id="oc-57">
         <name>.text</name>
         <load_address>0x3de514</load_address>
         <run_address>0x3de514</run_address>
         <size>0x8</size>
         <input_file_ref idref="fl-6"/>
      </object_component>
      <object_component id="oc-2be">
         <name>.text</name>
         <load_address>0x3de51c</load_address>
         <run_address>0x3de51c</run_address>
         <size>0x8</size>
         <input_file_ref idref="fl-59"/>
      </object_component>
      <object_component id="oc-2bc">
         <name>.text</name>
         <load_address>0x3de524</load_address>
         <run_address>0x3de524</run_address>
         <size>0x7</size>
         <input_file_ref idref="fl-3b"/>
      </object_component>
      <object_component id="oc-2b8">
         <name>.text</name>
         <load_address>0x3de52b</load_address>
         <run_address>0x3de52b</run_address>
         <size>0x5</size>
         <input_file_ref idref="fl-58"/>
      </object_component>
      <object_component id="oc-2a5">
         <name>.text</name>
         <load_address>0x3de530</load_address>
         <run_address>0x3de530</run_address>
         <size>0x4</size>
         <input_file_ref idref="fl-2f"/>
      </object_component>
      <object_component id="oc-266">
         <name>.text</name>
         <load_address>0x3de534</load_address>
         <run_address>0x3de534</run_address>
         <size>0x2</size>
         <input_file_ref idref="fl-33"/>
      </object_component>
      <object_component id="oc-4f">
         <name>codestart</name>
         <load_address>0x3f7ff6</load_address>
         <run_address>0x3f7ff6</run_address>
         <size>0x2</size>
         <input_file_ref idref="fl-6"/>
      </object_component>
      <object_component id="oc-299">
         <name>ramfuncs</name>
         <load_address>0x3f0000</load_address>
         <run_address>0x8000</run_address>
         <size>0x1b</size>
         <input_file_ref idref="fl-c"/>
      </object_component>
      <object_component id="oc-b2">
         <name>ramfuncs</name>
         <load_address>0x3f001b</load_address>
         <run_address>0x801b</run_address>
         <size>0x4</size>
         <input_file_ref idref="fl-d"/>
      </object_component>
      <object_component id="oc-55">
         <name>csmpasswds</name>
         <load_address>0x3f7ff8</load_address>
         <run_address>0x3f7ff8</run_address>
         <size>0x8</size>
         <input_file_ref idref="fl-5"/>
      </object_component>
      <object_component id="oc-56">
         <name>csm_rsvd</name>
         <load_address>0x3f7f80</load_address>
         <run_address>0x3f7f80</run_address>
         <size>0x76</size>
         <input_file_ref idref="fl-5"/>
      </object_component>
      <object_component id="oc-157">
         <name>.stack</name>
         <uninitialized>true</uninitialized>
         <run_address>0x9000</run_address>
         <size>0x0</size>
         <input_file_ref idref="fl-30"/>
      </object_component>
      <object_component id="oc-321">
         <name>.stack</name>
         <uninitialized>true</uninitialized>
         <run_address>0x9000</run_address>
         <size>0x0</size>
      </object_component>
      <object_component id="oc-5d">
         <name>.ebss</name>
         <uninitialized>true</uninitialized>
         <run_address>0xb524</run_address>
         <size>0x18</size>
         <input_file_ref idref="fl-7"/>
      </object_component>
      <object_component id="oc-bf">
         <name>.ebss</name>
         <uninitialized>true</uninitialized>
         <run_address>0xa97e</run_address>
         <size>0x2</size>
         <input_file_ref idref="fl-f"/>
      </object_component>
      <object_component id="oc-cb">
         <name>.ebss</name>
         <uninitialized>true</uninitialized>
         <run_address>0xb53c</run_address>
         <size>0x4</size>
         <input_file_ref idref="fl-11"/>
      </object_component>
      <object_component id="oc-e4">
         <name>.ebss</name>
         <uninitialized>true</uninitialized>
         <run_address>0xb626</run_address>
         <size>0x2</size>
         <input_file_ref idref="fl-15"/>
      </object_component>
      <object_component id="oc-101">
         <name>.ebss</name>
         <uninitialized>true</uninitialized>
         <run_address>0xb180</run_address>
         <size>0x334</size>
         <input_file_ref idref="fl-1a"/>
      </object_component>
      <object_component id="oc-261">
         <name>.ebss:_DutyCount</name>
         <uninitialized>true</uninitialized>
         <run_address>0xb17d</run_address>
         <size>0x3</size>
         <input_file_ref idref="fl-1a"/>
      </object_component>
      <object_component id="oc-256">
         <name>.ebss:_Is_dq</name>
         <uninitialized>true</uninitialized>
         <run_address>0xb5ec</run_address>
         <size>0x4</size>
         <input_file_ref idref="fl-1a"/>
      </object_component>
      <object_component id="oc-2b2">
         <name>.ebss:_Is_dq_ref</name>
         <uninitialized>true</uninitialized>
         <run_address>0xb5f4</run_address>
         <size>0x4</size>
         <input_file_ref idref="fl-1a"/>
      </object_component>
      <object_component id="oc-2b4">
         <name>.ebss:_Is_dq_ErrInt</name>
         <uninitialized>true</uninitialized>
         <run_address>0xb5f0</run_address>
         <size>0x4</size>
         <input_file_ref idref="fl-1a"/>
      </object_component>
      <object_component id="oc-286">
         <name>.ebss:_Is_DQ</name>
         <uninitialized>true</uninitialized>
         <run_address>0xb5dc</run_address>
         <size>0x4</size>
         <input_file_ref idref="fl-1a"/>
      </object_component>
      <object_component id="oc-28f">
         <name>.ebss:_Is_DQ_ref</name>
         <uninitialized>true</uninitialized>
         <run_address>0xb5e8</run_address>
         <size>0x4</size>
         <input_file_ref idref="fl-1a"/>
      </object_component>
      <object_component id="oc-291">
         <name>.ebss:_Is_DQ_max</name>
         <uninitialized>true</uninitialized>
         <run_address>0xb5e4</run_address>
         <size>0x4</size>
         <input_file_ref idref="fl-1a"/>
      </object_component>
      <object_component id="oc-2a8">
         <name>.ebss:_Is_DQ_ErrInt</name>
         <uninitialized>true</uninitialized>
         <run_address>0xb5e0</run_address>
         <size>0x4</size>
         <input_file_ref idref="fl-1a"/>
      </object_component>
      <object_component id="oc-273">
         <name>.ebss:_Vs_dq</name>
         <uninitialized>true</uninitialized>
         <run_address>0xb614</run_address>
         <size>0x4</size>
         <input_file_ref idref="fl-1a"/>
      </object_component>
      <object_component id="oc-25f">
         <name>.ebss:_Vs_dq_ref</name>
         <uninitialized>true</uninitialized>
         <run_address>0xb618</run_address>
         <size>0x4</size>
         <input_file_ref idref="fl-1a"/>
      </object_component>
      <object_component id="oc-28a">
         <name>.ebss:_Us_dq</name>
         <uninitialized>true</uninitialized>
         <run_address>0xb5f8</run_address>
         <size>0x4</size>
         <input_file_ref idref="fl-1a"/>
      </object_component>
      <object_component id="oc-288">
         <name>.ebss:_Vs_DQ</name>
         <uninitialized>true</uninitialized>
         <run_address>0xb5fc</run_address>
         <size>0x4</size>
         <input_file_ref idref="fl-1a"/>
      </object_component>
      <object_component id="oc-28c">
         <name>.ebss:_Vs_DQ_max</name>
         <uninitialized>true</uninitialized>
         <run_address>0xb604</run_address>
         <size>0x4</size>
         <input_file_ref idref="fl-1a"/>
      </object_component>
      <object_component id="oc-293">
         <name>.ebss:_Vs_DQ_ref</name>
         <uninitialized>true</uninitialized>
         <run_address>0xb608</run_address>
         <size>0x4</size>
         <input_file_ref idref="fl-1a"/>
      </object_component>
      <object_component id="oc-2aa">
         <name>.ebss:_Vs_DQ_comp</name>
         <uninitialized>true</uninitialized>
         <run_address>0xb600</run_address>
         <size>0x4</size>
         <input_file_ref idref="fl-1a"/>
      </object_component>
      <object_component id="oc-2ac">
         <name>.ebss:_Vs_DQ_ref_P</name>
         <uninitialized>true</uninitialized>
         <run_address>0xb60c</run_address>
         <size>0x4</size>
         <input_file_ref idref="fl-1a"/>
      </object_component>
      <object_component id="oc-2ae">
         <name>.ebss:_Vs_DQ_ref_PI</name>
         <uninitialized>true</uninitialized>
         <run_address>0xb610</run_address>
         <size>0x4</size>
         <input_file_ref idref="fl-1a"/>
      </object_component>
      <object_component id="oc-2b0">
         <name>.ebss:_Fs_dq</name>
         <uninitialized>true</uninitialized>
         <run_address>0xb5d8</run_address>
         <size>0x4</size>
         <input_file_ref idref="fl-1a"/>
      </object_component>
      <object_component id="oc-26c">
         <name>.ebss:_DutyRatio</name>
         <uninitialized>true</uninitialized>
         <run_address>0xb57a</run_address>
         <size>0x6</size>
         <input_file_ref idref="fl-1a"/>
      </object_component>
      <object_component id="oc-26d">
         <name>.ebss:_sgn_Is</name>
         <uninitialized>true</uninitialized>
         <run_address>0xb5c6</run_address>
         <size>0x6</size>
         <input_file_ref idref="fl-1a"/>
      </object_component>
      <object_component id="oc-253">
         <name>.ebss:_Is_abc</name>
         <uninitialized>true</uninitialized>
         <run_address>0xb588</run_address>
         <size>0x6</size>
         <input_file_ref idref="fl-1a"/>
      </object_component>
      <object_component id="oc-271">
         <name>.ebss:_Vs_abc</name>
         <uninitialized>true</uninitialized>
         <run_address>0xb58e</run_address>
         <size>0x6</size>
         <input_file_ref idref="fl-1a"/>
      </object_component>
      <object_component id="oc-26f">
         <name>.ebss:_Vs_abc_ref</name>
         <uninitialized>true</uninitialized>
         <run_address>0xb594</run_address>
         <size>0x6</size>
         <input_file_ref idref="fl-1a"/>
      </object_component>
      <object_component id="oc-24a">
         <name>.ebss:_adc_result</name>
         <uninitialized>true</uninitialized>
         <run_address>0xb59a</run_address>
         <size>0x6</size>
         <input_file_ref idref="fl-1a"/>
      </object_component>
      <object_component id="oc-250">
         <name>.ebss:_lpfIaIn</name>
         <uninitialized>true</uninitialized>
         <run_address>0xb5a0</run_address>
         <size>0x6</size>
         <input_file_ref idref="fl-1a"/>
      </object_component>
      <object_component id="oc-252">
         <name>.ebss:_lpfIaOut</name>
         <uninitialized>true</uninitialized>
         <run_address>0xb5a6</run_address>
         <size>0x6</size>
         <input_file_ref idref="fl-1a"/>
      </object_component>
      <object_component id="oc-254">
         <name>.ebss:_lpfIbIn</name>
         <uninitialized>true</uninitialized>
         <run_address>0xb5ac</run_address>
         <size>0x6</size>
         <input_file_ref idref="fl-1a"/>
      </object_component>
      <object_component id="oc-255">
         <name>.ebss:_lpfIbOut</name>
         <uninitialized>true</uninitialized>
         <run_address>0xb5b2</run_address>
         <size>0x6</size>
         <input_file_ref idref="fl-1a"/>
      </object_component>
      <object_component id="oc-24c">
         <name>.ebss:_lpfVdcIn</name>
         <uninitialized>true</uninitialized>
         <run_address>0xb5b8</run_address>
         <size>0x6</size>
         <input_file_ref idref="fl-1a"/>
      </object_component>
      <object_component id="oc-24e">
         <name>.ebss:_lpfVdcOut</name>
         <uninitialized>true</uninitialized>
         <run_address>0xb5c0</run_address>
         <size>0x6</size>
         <input_file_ref idref="fl-1a"/>
      </object_component>
      <object_component id="oc-251">
         <name>.ebss:_lpfIrmsK</name>
         <uninitialized>true</uninitialized>
         <run_address>0xb572</run_address>
         <size>0x8</size>
         <input_file_ref idref="fl-1a"/>
      </object_component>
      <object_component id="oc-24d">
         <name>.ebss:_lpfVdcK</name>
         <uninitialized>true</uninitialized>
         <run_address>0xb580</run_address>
         <size>0x8</size>
         <input_file_ref idref="fl-1a"/>
      </object_component>
      <object_component id="oc-280">
         <name>.ebss:_MonitorMsg</name>
         <uninitialized>true</uninitialized>
         <run_address>0xb150</run_address>
         <size>0x19</size>
         <input_file_ref idref="fl-1a"/>
      </object_component>
      <object_component id="oc-29f">
         <name>.ebss:_gStr1</name>
         <uninitialized>true</uninitialized>
         <run_address>0xb540</run_address>
         <size>0x32</size>
         <input_file_ref idref="fl-1a"/>
      </object_component>
      <object_component id="oc-263">
         <name>.ebss:_scopePoint</name>
         <uninitialized>true</uninitialized>
         <run_address>0xb4c0</run_address>
         <size>0x64</size>
         <input_file_ref idref="fl-1a"/>
      </object_component>
      <object_component id="oc-264">
         <name>.ebss:_scopeData</name>
         <uninitialized>true</uninitialized>
         <run_address>0xa000</run_address>
         <size>0x960</size>
         <input_file_ref idref="fl-1a"/>
      </object_component>
      <object_component id="oc-10a">
         <name>.ebss</name>
         <uninitialized>true</uninitialized>
         <run_address>0xb628</run_address>
         <size>0x2</size>
         <input_file_ref idref="fl-1b"/>
      </object_component>
      <object_component id="oc-112">
         <name>.ebss</name>
         <uninitialized>true</uninitialized>
         <run_address>0xb4b4</run_address>
         <size>0xc</size>
         <input_file_ref idref="fl-1c"/>
      </object_component>
      <object_component id="oc-25b">
         <name>.ebss:_msg_box</name>
         <uninitialized>true</uninitialized>
         <run_address>0xb169</run_address>
         <size>0x14</size>
         <input_file_ref idref="fl-1c"/>
      </object_component>
      <object_component id="oc-2a3">
         <name>.ebss:_scia_rx_msg_box</name>
         <uninitialized>true</uninitialized>
         <run_address>0xa960</run_address>
         <size>0x1e</size>
         <input_file_ref idref="fl-1c"/>
      </object_component>
      <object_component id="oc-259">
         <name>.ebss:_scia_tx_msg_box</name>
         <uninitialized>true</uninitialized>
         <run_address>0xa980</run_address>
         <size>0x7d0</size>
         <input_file_ref idref="fl-1c"/>
      </object_component>
      <object_component id="oc-124">
         <name>.ebss</name>
         <uninitialized>true</uninitialized>
         <run_address>0xb5d2</run_address>
         <size>0x6</size>
         <input_file_ref idref="fl-1f"/>
      </object_component>
      <object_component id="oc-12b">
         <name>.ebss</name>
         <uninitialized>true</uninitialized>
         <run_address>0xb62a</run_address>
         <size>0x1</size>
         <input_file_ref idref="fl-20"/>
      </object_component>
      <object_component id="oc-133">
         <name>.ebss</name>
         <uninitialized>true</uninitialized>
         <run_address>0xb620</run_address>
         <size>0x3</size>
         <input_file_ref idref="fl-21"/>
      </object_component>
      <object_component id="oc-13b">
         <name>.ebss</name>
         <uninitialized>true</uninitialized>
         <run_address>0xb62b</run_address>
         <size>0x1</size>
         <input_file_ref idref="fl-22"/>
      </object_component>
      <object_component id="oc-178">
         <name>.ebss</name>
         <uninitialized>true</uninitialized>
         <run_address>0xb5cc</run_address>
         <size>0x6</size>
         <input_file_ref idref="fl-36"/>
      </object_component>
      <object_component id="oc-27b">
         <name>.ebss:__lock</name>
         <uninitialized>true</uninitialized>
         <run_address>0xb5be</run_address>
         <size>0x2</size>
         <input_file_ref idref="fl-37"/>
      </object_component>
      <object_component id="oc-2ba">
         <name>.ebss:__unlock</name>
         <uninitialized>true</uninitialized>
         <run_address>0xb624</run_address>
         <size>0x2</size>
         <input_file_ref idref="fl-37"/>
      </object_component>
      <object_component id="oc-18a">
         <name>.ebss</name>
         <uninitialized>true</uninitialized>
         <run_address>0xb61c</run_address>
         <size>0x4</size>
         <input_file_ref idref="fl-39"/>
      </object_component>
      <object_component id="oc-20b">
         <name>.ebss</name>
         <uninitialized>true</uninitialized>
         <run_address>0xb623</run_address>
         <size>0x1</size>
         <input_file_ref idref="fl-52"/>
      </object_component>
      <object_component id="oc-18b">
         <name>.esysmem</name>
         <uninitialized>true</uninitialized>
         <run_address>0xc000</run_address>
         <size>0x4</size>
         <input_file_ref idref="fl-39"/>
      </object_component>
      <object_component id="oc-322">
         <name>.esysmem</name>
         <uninitialized>true</uninitialized>
         <run_address>0xc000</run_address>
         <size>0x0</size>
      </object_component>
      <object_component id="oc-dd">
         <name>.econst:.string</name>
         <load_address>0x3f4000</load_address>
         <run_address>0x3f4000</run_address>
         <size>0x446</size>
         <input_file_ref idref="fl-14"/>
      </object_component>
      <object_component id="oc-114">
         <name>.econst:.string</name>
         <load_address>0x3f4446</load_address>
         <run_address>0x3f4446</run_address>
         <size>0x277</size>
         <input_file_ref idref="fl-1c"/>
      </object_component>
      <object_component id="oc-134">
         <name>.econst:.string</name>
         <load_address>0x3f46be</load_address>
         <run_address>0x3f46be</run_address>
         <size>0x13c</size>
         <input_file_ref idref="fl-21"/>
      </object_component>
      <object_component id="oc-2c5">
         <name>.econst:.string:__ctypes_</name>
         <load_address>0x3f47fa</load_address>
         <run_address>0x3f47fa</run_address>
         <size>0x101</size>
         <input_file_ref idref="fl-4e"/>
      </object_component>
      <object_component id="oc-2b9">
         <name>.econst:_PieVectTableInit</name>
         <load_address>0x3f48fc</load_address>
         <run_address>0x3f48fc</run_address>
         <size>0x100</size>
         <input_file_ref idref="fl-b"/>
      </object_component>
      <object_component id="oc-d1">
         <name>.econst:.string</name>
         <load_address>0x3f49fc</load_address>
         <run_address>0x3f49fc</run_address>
         <size>0x35</size>
         <input_file_ref idref="fl-12"/>
      </object_component>
      <object_component id="oc-b8">
         <name>.econst:.string</name>
         <load_address>0x3f4a32</load_address>
         <run_address>0x3f4a32</run_address>
         <size>0x26</size>
         <input_file_ref idref="fl-e"/>
      </object_component>
      <object_component id="oc-1a6">
         <name>.econst:.string</name>
         <load_address>0x3f4a58</load_address>
         <run_address>0x3f4a58</run_address>
         <size>0x26</size>
         <input_file_ref idref="fl-3e"/>
      </object_component>
      <object_component id="oc-2c6">
         <name>.econst:_digits</name>
         <load_address>0x3f4a7e</load_address>
         <run_address>0x3f4a7e</run_address>
         <size>0x20</size>
         <input_file_ref idref="fl-5b"/>
      </object_component>
      <object_component id="oc-10b">
         <name>.econst:.string</name>
         <load_address>0x3f4a9e</load_address>
         <run_address>0x3f4a9e</run_address>
         <size>0x1c</size>
         <input_file_ref idref="fl-1b"/>
      </object_component>
      <object_component id="oc-142">
         <name>.econst:.string</name>
         <load_address>0x3f4aba</load_address>
         <run_address>0x3f4aba</run_address>
         <size>0x1c</size>
         <input_file_ref idref="fl-23"/>
      </object_component>
      <object_component id="oc-1a5">
         <name>.econst</name>
         <load_address>0x3f4ad6</load_address>
         <run_address>0x3f4ad6</run_address>
         <size>0x1c</size>
         <input_file_ref idref="fl-3e"/>
      </object_component>
      <object_component id="oc-1ff">
         <name>.econst</name>
         <load_address>0x3f4af2</load_address>
         <run_address>0x3f4af2</run_address>
         <size>0x1c</size>
         <input_file_ref idref="fl-50"/>
      </object_component>
      <object_component id="oc-103">
         <name>.econst:.string</name>
         <load_address>0x3f4b0e</load_address>
         <run_address>0x3f4b0e</run_address>
         <size>0x19</size>
         <input_file_ref idref="fl-1a"/>
      </object_component>
      <object_component id="oc-ea">
         <name>.econst:.string</name>
         <load_address>0x3f4b28</load_address>
         <run_address>0x3f4b28</run_address>
         <size>0x10</size>
         <input_file_ref idref="fl-16"/>
      </object_component>
      <object_component id="oc-2c7">
         <name>.econst:_powerof10</name>
         <load_address>0x3f4b38</load_address>
         <run_address>0x3f4b38</run_address>
         <size>0xc</size>
         <input_file_ref idref="fl-5b"/>
      </object_component>
      <object_component id="oc-1f9">
         <name>.econst</name>
         <load_address>0x3f4b44</load_address>
         <run_address>0x3f4b44</run_address>
         <size>0x8</size>
         <input_file_ref idref="fl-4f"/>
      </object_component>
      <object_component id="oc-23b">
         <name>.econst</name>
         <load_address>0x3f4b4c</load_address>
         <run_address>0x3f4b4c</run_address>
         <size>0x6</size>
         <input_file_ref idref="fl-5c"/>
      </object_component>
      <object_component id="oc-c0">
         <name>.econst:.string</name>
         <load_address>0x3f4b52</load_address>
         <run_address>0x3f4b52</run_address>
         <size>0x5</size>
         <input_file_ref idref="fl-f"/>
      </object_component>
      <object_component id="oc-183">
         <name>.econst</name>
         <load_address>0x3f4b58</load_address>
         <run_address>0x3f4b58</run_address>
         <size>0x2</size>
         <input_file_ref idref="fl-38"/>
      </object_component>
      <object_component id="oc-2b7">
         <name>.switch:_get_code_information</name>
         <load_address>0x3f4e94</load_address>
         <run_address>0x3f4e94</run_address>
         <size>0x7e</size>
         <input_file_ref idref="fl-14"/>
      </object_component>
      <object_component id="oc-158">
         <name>.reset</name>
         <load_address>0x3fffc0</load_address>
         <run_address>0x3fffc0</run_address>
         <size>0x2</size>
         <input_file_ref idref="fl-30"/>
      </object_component>
      <object_component id="oc-a0">
         <name>PieVectTableFile</name>
         <uninitialized>true</uninitialized>
         <run_address>0xd00</run_address>
         <size>0x100</size>
         <input_file_ref idref="fl-9"/>
      </object_component>
      <object_component id="oc-6a">
         <name>EmuKeyVar</name>
         <uninitialized>true</uninitialized>
         <run_address>0xd00</run_address>
         <size>0x1</size>
         <input_file_ref idref="fl-9"/>
      </object_component>
      <object_component id="oc-6b">
         <name>EmuBModeVar</name>
         <uninitialized>true</uninitialized>
         <run_address>0xd01</run_address>
         <size>0x1</size>
         <input_file_ref idref="fl-9"/>
      </object_component>
      <object_component id="oc-6d">
         <name>FlashCallbackVar</name>
         <uninitialized>true</uninitialized>
         <run_address>0xd02</run_address>
         <size>0x2</size>
         <input_file_ref idref="fl-9"/>
      </object_component>
      <object_component id="oc-6c">
         <name>FlashScalingVar</name>
         <uninitialized>true</uninitialized>
         <run_address>0xd04</run_address>
         <size>0x2</size>
         <input_file_ref idref="fl-9"/>
      </object_component>
      <object_component id="oc-6f">
         <name>DevEmuRegsFile</name>
         <uninitialized>true</uninitialized>
         <run_address>0x880</run_address>
         <size>0x4</size>
         <input_file_ref idref="fl-9"/>
      </object_component>
      <object_component id="oc-6e">
         <name>SysPwrCtrlRegsFile</name>
         <uninitialized>true</uninitialized>
         <run_address>0x985</run_address>
         <size>0x3</size>
         <input_file_ref idref="fl-9"/>
      </object_component>
      <object_component id="oc-74">
         <name>FlashRegsFile</name>
         <uninitialized>true</uninitialized>
         <run_address>0xa80</run_address>
         <size>0x8</size>
         <input_file_ref idref="fl-9"/>
      </object_component>
      <object_component id="oc-76">
         <name>CsmRegsFile</name>
         <uninitialized>true</uninitialized>
         <run_address>0xae0</run_address>
         <size>0x10</size>
         <input_file_ref idref="fl-9"/>
      </object_component>
      <object_component id="oc-75">
         <name>AdcResultFile</name>
         <uninitialized>true</uninitialized>
         <run_address>0xb00</run_address>
         <size>0x10</size>
         <input_file_ref idref="fl-9"/>
      </object_component>
      <object_component id="oc-70">
         <name>CpuTimer0RegsFile</name>
         <uninitialized>true</uninitialized>
         <run_address>0xc00</run_address>
         <size>0x8</size>
         <input_file_ref idref="fl-9"/>
      </object_component>
      <object_component id="oc-71">
         <name>CpuTimer1RegsFile</name>
         <uninitialized>true</uninitialized>
         <run_address>0xc08</run_address>
         <size>0x8</size>
         <input_file_ref idref="fl-9"/>
      </object_component>
      <object_component id="oc-72">
         <name>CpuTimer2RegsFile</name>
         <uninitialized>true</uninitialized>
         <run_address>0xc10</run_address>
         <size>0x8</size>
         <input_file_ref idref="fl-9"/>
      </object_component>
      <object_component id="oc-80">
         <name>PieCtrlRegsFile</name>
         <uninitialized>true</uninitialized>
         <run_address>0xce0</run_address>
         <size>0x1a</size>
         <input_file_ref idref="fl-9"/>
      </object_component>
      <object_component id="oc-90">
         <name>Cla1RegsFile</name>
         <uninitialized>true</uninitialized>
         <run_address>0x1400</run_address>
         <size>0x40</size>
         <input_file_ref idref="fl-9"/>
      </object_component>
      <object_component id="oc-9e">
         <name>DmaRegsFile</name>
         <uninitialized>true</uninitialized>
         <run_address>0x1000</run_address>
         <size>0xe0</size>
         <input_file_ref idref="fl-9"/>
      </object_component>
      <object_component id="oc-8f">
         <name>ECanaRegsFile</name>
         <uninitialized>true</uninitialized>
         <run_address>0x6000</run_address>
         <size>0x34</size>
         <input_file_ref idref="fl-9"/>
      </object_component>
      <object_component id="oc-91">
         <name>ECanaLAMRegsFile</name>
         <uninitialized>true</uninitialized>
         <run_address>0x6040</run_address>
         <size>0x40</size>
         <input_file_ref idref="fl-9"/>
      </object_component>
      <object_component id="oc-9f">
         <name>ECanaMboxesFile</name>
         <uninitialized>true</uninitialized>
         <run_address>0x6100</run_address>
         <size>0x100</size>
         <input_file_ref idref="fl-9"/>
      </object_component>
      <object_component id="oc-92">
         <name>ECanaMOTSRegsFile</name>
         <uninitialized>true</uninitialized>
         <run_address>0x6080</run_address>
         <size>0x40</size>
         <input_file_ref idref="fl-9"/>
      </object_component>
      <object_component id="oc-93">
         <name>ECanaMOTORegsFile</name>
         <uninitialized>true</uninitialized>
         <run_address>0x60c0</run_address>
         <size>0x40</size>
         <input_file_ref idref="fl-9"/>
      </object_component>
      <object_component id="oc-81">
         <name>ECap1RegsFile</name>
         <uninitialized>true</uninitialized>
         <run_address>0x6a00</run_address>
         <size>0x20</size>
         <input_file_ref idref="fl-9"/>
      </object_component>
      <object_component id="oc-82">
         <name>ECap2RegsFile</name>
         <uninitialized>true</uninitialized>
         <run_address>0x6a20</run_address>
         <size>0x20</size>
         <input_file_ref idref="fl-9"/>
      </object_component>
      <object_component id="oc-83">
         <name>ECap3RegsFile</name>
         <uninitialized>true</uninitialized>
         <run_address>0x6a40</run_address>
         <size>0x20</size>
         <input_file_ref idref="fl-9"/>
      </object_component>
      <object_component id="oc-8a">
         <name>EQep1RegsFile</name>
         <uninitialized>true</uninitialized>
         <run_address>0x6b00</run_address>
         <size>0x22</size>
         <input_file_ref idref="fl-9"/>
      </object_component>
      <object_component id="oc-8b">
         <name>EQep2RegsFile</name>
         <uninitialized>true</uninitialized>
         <run_address>0x6b40</run_address>
         <size>0x22</size>
         <input_file_ref idref="fl-9"/>
      </object_component>
      <object_component id="oc-9c">
         <name>GpioCtrlRegsFile</name>
         <uninitialized>true</uninitialized>
         <run_address>0x6f80</run_address>
         <size>0x40</size>
         <input_file_ref idref="fl-9"/>
      </object_component>
      <object_component id="oc-84">
         <name>GpioDataRegsFile</name>
         <uninitialized>true</uninitialized>
         <run_address>0x6fc0</run_address>
         <size>0x20</size>
         <input_file_ref idref="fl-9"/>
      </object_component>
      <object_component id="oc-85">
         <name>GpioIntRegsFile</name>
         <uninitialized>true</uninitialized>
         <run_address>0x6fe0</run_address>
         <size>0x20</size>
         <input_file_ref idref="fl-9"/>
      </object_component>
      <object_component id="oc-86">
         <name>HRCap1RegsFile</name>
         <uninitialized>true</uninitialized>
         <run_address>0x6ac0</run_address>
         <size>0x20</size>
         <input_file_ref idref="fl-9"/>
      </object_component>
      <object_component id="oc-87">
         <name>HRCap2RegsFile</name>
         <uninitialized>true</uninitialized>
         <run_address>0x6ae0</run_address>
         <size>0x20</size>
         <input_file_ref idref="fl-9"/>
      </object_component>
      <object_component id="oc-88">
         <name>HRCap3RegsFile</name>
         <uninitialized>true</uninitialized>
         <run_address>0x6c80</run_address>
         <size>0x20</size>
         <input_file_ref idref="fl-9"/>
      </object_component>
      <object_component id="oc-89">
         <name>HRCap4RegsFile</name>
         <uninitialized>true</uninitialized>
         <run_address>0x6ca0</run_address>
         <size>0x20</size>
         <input_file_ref idref="fl-9"/>
      </object_component>
      <object_component id="oc-8e">
         <name>SysCtrlRegsFile</name>
         <uninitialized>true</uninitialized>
         <run_address>0x7010</run_address>
         <size>0x30</size>
         <input_file_ref idref="fl-9"/>
      </object_component>
      <object_component id="oc-7a">
         <name>SpiaRegsFile</name>
         <uninitialized>true</uninitialized>
         <run_address>0x7040</run_address>
         <size>0x10</size>
         <input_file_ref idref="fl-9"/>
      </object_component>
      <object_component id="oc-7b">
         <name>SpibRegsFile</name>
         <uninitialized>true</uninitialized>
[...]
         <name>_sciaRxFifoIsr</name>
         <value>0x3dd7ba</value>
         <object_component_ref idref="oc-113"/>
      </symbol>
      <symbol id="sm-7ff">
         <name>_msg_box</name>
         <value>0xb169</value>
         <object_component_ref idref="oc-25b"/>
      </symbol>
      <symbol id="sm-800">
         <name>_sciaMonitor</name>
         <value>0x3da086</value>
         <object_component_ref idref="oc-27d"/>
      </symbol>
      <symbol id="sm-801">
         <name>_scia_cmd_proc</name>
         <value>0x3da43b</value>
         <object_component_ref idref="oc-27d"/>
      </symbol>
      <symbol id="sm-802">
         <name>_sciRxPoint</name>
         <value>0xb4b6</value>
         <object_component_ref idref="oc-112"/>
      </symbol>
      <symbol id="sm-803">
         <name>_scia_rx_end_addr</name>
         <value>0xb4b5</value>
         <object_component_ref idref="oc-112"/>
      </symbol>
      <symbol id="sm-804">
         <name>_sciaTxFifoIsr</name>
         <value>0x3dd747</value>
         <object_component_ref idref="oc-113"/>
      </symbol>
      <symbol id="sm-805">
         <name>_scia_fifo_init</name>
         <value>0x3da058</value>
         <object_component_ref idref="oc-27d"/>
      </symbol>
      <symbol id="sm-806">
         <name>_scia_rx_start_addr</name>
         <value>0xb4b4</value>
         <object_component_ref idref="oc-112"/>
      </symbol>
      <symbol id="sm-807">
         <name>_loadSciaTxBufAdc</name>
         <value>0x3da3ae</value>
         <object_component_ref idref="oc-27d"/>
      </symbol>
      <symbol id="sm-813">
         <name>_setScopePoint</name>
         <value>0x3ddf24</value>
         <object_component_ref idref="oc-2a7"/>
      </symbol>
      <symbol id="sm-821">
         <name>_serial_com_proc</name>
         <value>0x3de452</value>
         <object_component_ref idref="oc-26b"/>
      </symbol>
      <symbol id="sm-822">
         <name>_load_sci_tx_mail_box</name>
         <value>0x3de44c</value>
         <object_component_ref idref="oc-26b"/>
      </symbol>
      <symbol id="sm-853">
         <name>_VoltageEstimation</name>
         <value>0x3dbd2f</value>
         <object_component_ref idref="oc-25d"/>
      </symbol>
      <symbol id="sm-854">
         <name>_SpaceVectorModulation</name>
         <value>0x3dbac5</value>
         <object_component_ref idref="oc-25d"/>
      </symbol>
      <symbol id="sm-855">
         <name>_Dd</name>
         <value>0xb5d2</value>
         <object_component_ref idref="oc-124"/>
      </symbol>
      <symbol id="sm-856">
         <name>_delta_Tc</name>
         <value>0xb5d6</value>
         <object_component_ref idref="oc-124"/>
      </symbol>
      <symbol id="sm-857">
         <name>_T_d</name>
         <value>0xb5d4</value>
         <object_component_ref idref="oc-124"/>
      </symbol>
      <symbol id="sm-87b">
         <name>_MotorControlProc</name>
         <value>0x3de2eb</value>
         <object_component_ref idref="oc-25e"/>
      </symbol>
      <symbol id="sm-87c">
         <name>_MainPWM</name>
         <value>0x3dd095</value>
         <object_component_ref idref="oc-12c"/>
      </symbol>
      <symbol id="sm-8de">
         <name>_tripProc</name>
         <value>0x3db1e1</value>
         <object_component_ref idref="oc-278"/>
      </symbol>
      <symbol id="sm-8df">
         <name>_GetTripInfo</name>
         <value>0x3dafd6</value>
         <object_component_ref idref="oc-278"/>
      </symbol>
      <symbol id="sm-8e0">
         <name>_CheckUndeVolt</name>
         <value>0x3daf5b</value>
         <object_component_ref idref="oc-278"/>
      </symbol>
      <symbol id="sm-8e1">
         <name>_WriteTripString</name>
         <value>0x3db0a6</value>
         <object_component_ref idref="oc-278"/>
      </symbol>
      <symbol id="sm-8e2">
         <name>_CheckOverVolt</name>
         <value>0x3daf36</value>
         <object_component_ref idref="oc-278"/>
      </symbol>
      <symbol id="sm-8e3">
         <name>_ClearTripDataToEeprom</name>
         <value>0x3db173</value>
         <object_component_ref idref="oc-278"/>
      </symbol>
      <symbol id="sm-8e4">
         <name>_CheckIGBTFault</name>
         <value>0x3daf80</value>
         <object_component_ref idref="oc-278"/>
      </symbol>
      <symbol id="sm-8e5">
         <name>_CheckOverCurrent</name>
         <value>0x3daeca</value>
         <object_component_ref idref="oc-278"/>
      </symbol>
      <symbol id="sm-8e6">
         <name>_ReadTripString</name>
         <value>0x3db0dc</value>
         <object_component_ref idref="oc-278"/>
      </symbol>
      <symbol id="sm-8e7">
         <name>_SaveTripDataToEeprom</name>
         <value>0x3db103</value>
         <object_component_ref idref="oc-278"/>
      </symbol>
      <symbol id="sm-8e8">
         <name>_trip_recording</name>
         <value>0x3dae8e</value>
         <object_component_ref idref="oc-278"/>
      </symbol>
      <symbol id="sm-8e9">
         <name>_trip_check</name>
         <value>0x3dafb0</value>
         <object_component_ref idref="oc-278"/>
      </symbol>
      <symbol id="sm-8ea">
         <name>_CheckOverHeat</name>
         <value>0x3daf90</value>
         <object_component_ref idref="oc-278"/>
      </symbol>
      <symbol id="sm-92a">
         <name>_cpu_timer0_isr</name>
         <value>0x3dd216</value>
         <object_component_ref idref="oc-13c"/>
      </symbol>
      <symbol id="sm-961">
         <name>_slip_comp_scalar_ctrl</name>
         <value>0x3daa86</value>
         <object_component_ref idref="oc-276"/>
      </symbol>
      <symbol id="sm-962">
         <name>_vf_loop_control</name>
         <value>0x3da833</value>
         <object_component_ref idref="oc-276"/>
      </symbol>
      <symbol id="sm-963">
         <name>_vf_simple_control</name>
         <value>0x3da971</value>
         <object_component_ref idref="oc-276"/>
      </symbol>
      <symbol id="sm-974">
         <name>FS$$DIV</name>
         <value>0x3ddbcf</value>
         <object_component_ref idref="oc-147"/>
      </symbol>
      <symbol id="sm-982">
         <name>I$$MOD</name>
         <value>0x3de36b</value>
         <object_component_ref idref="oc-14c"/>
      </symbol>
      <symbol id="sm-983">
         <name>I$$DIV</name>
         <value>0x3de35a</value>
         <object_component_ref idref="oc-14c"/>
      </symbol>
      <symbol id="sm-98f">
         <name>_atof</name>
         <value>0x3de530</value>
         <object_component_ref idref="oc-2a5"/>
      </symbol>
      <symbol id="sm-9aa">
         <name>_c_int00</name>
         <value>0x3de141</value>
         <object_component_ref idref="oc-156"/>
      </symbol>
      <symbol id="sm-9ab">
         <name>__stack</name>
         <value>0x9000</value>
         <object_component_ref idref="oc-157"/>
      </symbol>
      <symbol id="sm-9ba">
         <name>__args_main</name>
         <value>0x3de467</value>
         <object_component_ref idref="oc-269"/>
      </symbol>
      <symbol id="sm-9c7">
         <name>__system_post_cinit</name>
         <value>0x3de29d</value>
         <object_component_ref idref="oc-268"/>
      </symbol>
      <symbol id="sm-9d3">
         <name>__system_pre_init</name>
         <value>0x3de534</value>
         <object_component_ref idref="oc-266"/>
      </symbol>
      <symbol id="sm-9e2">
         <name>_copy_in</name>
         <value>0x3de336</value>
         <object_component_ref idref="oc-267"/>
      </symbol>
      <symbol id="sm-9f0">
         <name>_cos</name>
         <value>0x3ddec1</value>
         <object_component_ref idref="oc-285"/>
      </symbol>
      <symbol id="sm-9f1">
         <name>_cosf</name>
         <value>0x3ddec1</value>
         <object_component_ref idref="oc-285"/>
      </symbol>
      <symbol id="sm-a05">
         <name>C$$EXIT</name>
         <value>0x3de24c</value>
         <object_component_ref idref="oc-26a"/>
      </symbol>
      <symbol id="sm-a06">
         <name>_exit</name>
         <value>0x3de24e</value>
         <object_component_ref idref="oc-26a"/>
      </symbol>
      <symbol id="sm-a07">
         <name>___TI_cleanup_ptr</name>
         <value>0xb5ce</value>
         <object_component_ref idref="oc-178"/>
      </symbol>
      <symbol id="sm-a08">
         <name>___TI_enable_exit_profile_output</name>
         <value>0xb5cc</value>
         <object_component_ref idref="oc-178"/>
      </symbol>
      <symbol id="sm-a09">
         <name>_abort</name>
         <value>0x3de24c</value>
         <object_component_ref idref="oc-26a"/>
      </symbol>
      <symbol id="sm-a0a">
         <name>___TI_dtors_ptr</name>
         <value>0xb5d0</value>
         <object_component_ref idref="oc-178"/>
      </symbol>
      <symbol id="sm-a1e">
         <name>__unlock</name>
         <value>0xb624</value>
         <object_component_ref idref="oc-2ba"/>
      </symbol>
      <symbol id="sm-a1f">
         <name>__lock</name>
         <value>0xb5be</value>
         <object_component_ref idref="oc-27b"/>
      </symbol>
      <symbol id="sm-a20">
         <name>__register_lock</name>
         <value>0x3de4fd</value>
         <object_component_ref idref="oc-2a1"/>
      </symbol>
      <symbol id="sm-a21">
         <name>__nop</name>
         <value>0x3de501</value>
         <object_component_ref idref="oc-2a1"/>
      </symbol>
      <symbol id="sm-a22">
         <name>__register_unlock</name>
         <value>0x3de4f9</value>
         <object_component_ref idref="oc-2a1"/>
      </symbol>
      <symbol id="sm-a38">
         <name>_floorf</name>
         <value>0x3de037</value>
         <object_component_ref idref="oc-275"/>
      </symbol>
      <symbol id="sm-a39">
         <name>_floor</name>
         <value>0x3de037</value>
         <object_component_ref idref="oc-275"/>
      </symbol>
      <symbol id="sm-a8a">
         <name>__sys_memory</name>
         <value>0xc000</value>
         <object_component_ref idref="oc-18b"/>
      </symbol>
      <symbol id="sm-a8b">
         <name>___TI_heap_total_available</name>
         <value>0x3dc327</value>
         <object_component_ref idref="oc-2a6"/>
      </symbol>
      <symbol id="sm-a8c">
         <name>_realloc</name>
         <value>0x3dc1ef</value>
         <object_component_ref idref="oc-2a6"/>
      </symbol>
      <symbol id="sm-a8d">
         <name>___TI_heap_check</name>
         <value>0x3dc361</value>
         <object_component_ref idref="oc-2a6"/>
      </symbol>
      <symbol id="sm-a8e">
         <name>_free</name>
         <value>0x3dc128</value>
         <object_component_ref idref="oc-2a6"/>
      </symbol>
      <symbol id="sm-a8f">
         <name>_memalign</name>
         <value>0x3dc292</value>
         <object_component_ref idref="oc-2a6"/>
      </symbol>
      <symbol id="sm-a90">
         <name>_calloc</name>
         <value>0x3dc26b</value>
         <object_component_ref idref="oc-2a6"/>
      </symbol>
      <symbol id="sm-a91">
         <name>_malloc</name>
         <value>0x3dc0fd</value>
         <object_component_ref idref="oc-2a6"/>
      </symbol>
      <symbol id="sm-a92">
         <name>_aligned_alloc</name>
         <value>0x3dc292</value>
         <object_component_ref idref="oc-2a6"/>
      </symbol>
      <symbol id="sm-a93">
         <name>_minit</name>
         <value>0x3dc267</value>
         <object_component_ref idref="oc-2a6"/>
      </symbol>
      <symbol id="sm-a94">
         <name>___TI_heap_largest_available</name>
         <value>0x3dc344</value>
         <object_component_ref idref="oc-2a6"/>
      </symbol>
      <symbol id="sm-aa5">
         <name>_memcpy</name>
         <value>0x3de3f7</value>
         <object_component_ref idref="oc-279"/>
      </symbol>
      <symbol id="sm-ab3">
         <name>_memset</name>
         <value>0x3de524</value>
         <object_component_ref idref="oc-2bc"/>
      </symbol>
      <symbol id="sm-ac0">
         <name>_sin</name>
         <value>0x3de090</value>
         <object_component_ref idref="oc-284"/>
      </symbol>
      <symbol id="sm-ac1">
         <name>_sinf</name>
         <value>0x3de090</value>
         <object_component_ref idref="oc-284"/>
      </symbol>
      <symbol id="sm-ad5">
         <name>_snprintf</name>
         <value>0x3ddfdd</value>
         <object_component_ref idref="oc-297"/>
      </symbol>
      <symbol id="sm-c35">
         <name>___TI_printfi</name>
         <value>0x3d8b52</value>
         <object_component_ref idref="oc-2b6"/>
      </symbol>
      <symbol id="sm-c45">
         <name>FD$$CMP</name>
         <value>0x3de1f8</value>
         <object_component_ref idref="oc-1ab"/>
      </symbol>
      <symbol id="sm-c5c">
         <name>FD$$DIV</name>
         <value>0x3ddb44</value>
         <object_component_ref idref="oc-1b0"/>
      </symbol>
      <symbol id="sm-c6e">
         <name>FD$$MPY</name>
         <value>0x3ddc57</value>
         <object_component_ref idref="oc-1b5"/>
      </symbol>
      <symbol id="sm-c7b">
         <name>FD$$NEG</name>
         <value>0x3de502</value>
         <object_component_ref idref="oc-1ba"/>
      </symbol>
      <symbol id="sm-c87">
         <name>FD$$SUB</name>
         <value>0x3de4d2</value>
         <object_component_ref idref="oc-1bf"/>
      </symbol>
      <symbol id="sm-ca2">
         <name>FD$$ADD</name>
         <value>0x3ddaa8</value>
         <object_component_ref idref="oc-1c4"/>
      </symbol>
      <symbol id="sm-cb1">
         <name>FD$$TOI</name>
         <value>0x3de37c</value>
         <object_component_ref idref="oc-1c9"/>
      </symbol>
      <symbol id="sm-cc0">
         <name>FD$$TOL</name>
         <value>0x3de39d</value>
         <object_component_ref idref="oc-1ce"/>
      </symbol>
      <symbol id="sm-cd0">
         <name>FS$$TOFD</name>
         <value>0x3de414</value>
         <object_component_ref idref="oc-1d3"/>
      </symbol>
      <symbol id="sm-ce0">
         <name>I$$TOFD</name>
         <value>0x3de3da</value>
         <object_component_ref idref="oc-1d8"/>
      </symbol>
      <symbol id="sm-cf0">
         <name>L$$TOFD</name>
         <value>0x3de430</value>
         <object_component_ref idref="oc-1dd"/>
      </symbol>
      <symbol id="sm-cfc">
         <name>LL$$AND</name>
         <value>0x3de480</value>
         <object_component_ref idref="oc-1e2"/>
      </symbol>
      <symbol id="sm-cfd">
         <name>LL$$OR</name>
         <value>0x3de488</value>
         <object_component_ref idref="oc-1e2"/>
      </symbol>
      <symbol id="sm-cfe">
         <name>LL$$XOR</name>
         <value>0x3de490</value>
         <object_component_ref idref="oc-1e2"/>
      </symbol>
      <symbol id="sm-d0c">
         <name>ULL$$CMP</name>
         <value>0x3de3ce</value>
         <object_component_ref idref="oc-1e7"/>
      </symbol>
      <symbol id="sm-d0d">
         <name>LL$$CMP</name>
         <value>0x3de3bc</value>
         <object_component_ref idref="oc-1e7"/>
      </symbol>
      <symbol id="sm-d39">
         <name>ULL$$MOD</name>
         <value>0x3dd6e5</value>
         <object_component_ref idref="oc-1ec"/>
      </symbol>
      <symbol id="sm-d3a">
         <name>ULL$$DIV</name>
         <value>0x3dd6b6</value>
         <object_component_ref idref="oc-1ec"/>
      </symbol>
      <symbol id="sm-d3b">
         <name>LL$$MOD</name>
         <value>0x3dd67c</value>
         <object_component_ref idref="oc-1ec"/>
      </symbol>
      <symbol id="sm-d3c">
         <name>LL$$DIV</name>
         <value>0x3dd640</value>
         <object_component_ref idref="oc-1ec"/>
      </symbol>
      <symbol id="sm-d50">
         <name>_atoi</name>
         <value>0x3de197</value>
         <object_component_ref idref="oc-2bd"/>
      </symbol>
      <symbol id="sm-d58">
         <name>__ctypes_</name>
         <value>0x3f47fa</value>
         <object_component_ref idref="oc-2c5"/>
      </symbol>
      <symbol id="sm-d6b">
         <name>_frexpl</name>
         <value>0x3ddf83</value>
         <object_component_ref idref="oc-2c0"/>
      </symbol>
      <symbol id="sm-d89">
         <name>_scalbnl</name>
         <value>0x3dd9fa</value>
         <object_component_ref idref="oc-2c1"/>
      </symbol>
      <symbol id="sm-d8a">
         <name>_ldexpl</name>
         <value>0x3dd9fa</value>
         <object_component_ref idref="oc-2c1"/>
      </symbol>
      <symbol id="sm-d97">
         <name>_copysignl</name>
         <value>0x3de311</value>
         <object_component_ref idref="oc-2c9"/>
      </symbol>
      <symbol id="sm-da1">
         <name>_errno</name>
         <value>0xb623</value>
         <object_component_ref idref="oc-20b"/>
      </symbol>
      <symbol id="sm-daf">
         <name>_ltoa</name>
         <value>0x3de1c8</value>
         <object_component_ref idref="oc-2bf"/>
      </symbol>
      <symbol id="sm-dbb">
         <name>UL$$MOD</name>
         <value>0x3de246</value>
         <object_component_ref idref="oc-212"/>
      </symbol>
      <symbol id="sm-dbc">
         <name>L$$MOD</name>
         <value>0x3de231</value>
         <object_component_ref idref="oc-212"/>
      </symbol>
      <symbol id="sm-dbd">
         <name>L$$DIV</name>
         <value>0x3de222</value>
         <object_component_ref idref="oc-212"/>
      </symbol>
      <symbol id="sm-dbe">
         <name>UL$$DIV</name>
         <value>0x3de23f</value>
         <object_component_ref idref="oc-212"/>
      </symbol>
      <symbol id="sm-dcd">
         <name>_memccpy</name>
         <value>0x3de4e0</value>
         <object_component_ref idref="oc-2c3"/>
      </symbol>
      <symbol id="sm-ddd">
         <name>_sqrtf</name>
         <value>0x3de29e</value>
         <object_component_ref idref="oc-257"/>
      </symbol>
      <symbol id="sm-dde">
         <name>_sqrt</name>
         <value>0x3de29e</value>
         <object_component_ref idref="oc-257"/>
      </symbol>
      <symbol id="sm-ded">
         <name>_strchr</name>
         <value>0x3de4ed</value>
         <object_component_ref idref="oc-2c2"/>
      </symbol>
      <symbol id="sm-dfa">
         <name>_strcpy</name>
         <value>0x3de52b</value>
         <object_component_ref idref="oc-2b8"/>
      </symbol>
      <symbol id="sm-e07">
         <name>_strlen</name>
         <value>0x3de51c</value>
         <object_component_ref idref="oc-2be"/>
      </symbol>
      <symbol id="sm-e17">
         <name>_strncpy</name>
         <value>0x3de498</value>
         <object_component_ref idref="oc-282"/>
      </symbol>
      <symbol id="sm-e73">
         <name>_strtod</name>
         <value>0x3dc7f5</value>
         <object_component_ref idref="oc-2bb"/>
      </symbol>
      <symbol id="sm-e74">
         <name>_strtof</name>
         <value>0x3dc7f5</value>
         <object_component_ref idref="oc-2bb"/>
      </symbol>
      <symbol id="sm-e8c">
         <name>_scalbn</name>
         <value>0x3de0e9</value>
         <object_component_ref idref="oc-2c8"/>
      </symbol>
      <symbol id="sm-e8d">
         <name>_ldexp</name>
         <value>0x3de0e9</value>
         <object_component_ref idref="oc-2c8"/>
      </symbol>
      <symbol id="sm-e8e">
         <name>_scalbnf</name>
         <value>0x3de0e9</value>
         <object_component_ref idref="oc-2c8"/>
      </symbol>
      <symbol id="sm-e8f">
         <name>_ldexpf</name>
         <value>0x3de0e9</value>
         <object_component_ref idref="oc-2c8"/>
      </symbol>
      <symbol id="sm-e9b">
         <name>_copysignf</name>
         <value>0x3de4c1</value>
         <object_component_ref idref="oc-2ca"/>
      </symbol>
      <symbol id="sm-e9c">
         <name>_copysign</name>
         <value>0x3de4c1</value>
         <object_component_ref idref="oc-2ca"/>
      </symbol>
      <symbol id="sm-eaa">
         <name>_wcslen</name>
         <value>0x3de50b</value>
         <object_component_ref idref="oc-2c4"/>
      </symbol>
   </symbol_table>
   <title>Link successful</title>
</link_info>
