******************************************************************************
             TMS320C2000 Linker Unix v18.12.2                  
******************************************************************************
>> Linked Tue Aug 27 21:21:21 2019

OUTPUT FILE NAME:   <servo.out>
ENTRY POINT SYMBOL: "code_start"  address: 003f7ff6


MEMORY CONFIGURATION

         name            origin    length      used     unused   attr    fill
----------------------  --------  ---------  --------  --------  ----  --------
PAGE 0:
  RAML0                 00008000   00000800  0000001f  000007e1  RWIX
  RAML1                 00008800   00000400  00000000  00000400  RWIX
  OTP                   003d7800   00000400  00000000  00000400  RWIX
  FLASHG                003d8000   00018000  00005d30  000122d0  RWIX
  FLASHB                003f0000   00004000  0000001f  00003fe1  RWIX
  FLASHA                003f4000   00003f80  00000f36  0000304a  RWIX
  CSM_RSVD              003f7f80   00000076  00000076  00000000  RWIX
  BEGIN                 003f7ff6   00000002  00000002  00000000  RWIX
  CSM_PWL_P0            003f7ff8   00000008  00000008  00000000  RWIX
  FPUTABLES             003fd860   000006a0  00000000  000006a0  RWIX
  IQTABLES              003fdf00   00000b50  00000000  00000b50  RWIX
  IQTABLES2             003fea50   0000008c  00000000  0000008c  RWIX
  IQTABLES3             003feadc   000000aa  00000000  000000aa  RWIX
  ROM                   003ff3b0   00000c10  00000000  00000c10  RWIX
  RESET                 003fffc0   00000002  00000000  00000002  RWIX
  VECTORS               003fffc2   0000003e  00000000  0000003e  RWIX

PAGE 1:
  BOOT_RSVD             00000000   00000050  00000000  00000050  RWIX
  RAMM0                 00000050   000003b0  00000000  000003b0  RWIX
  RAMM1                 00000400   00000400  00000000  00000400  RWIX
  DEV_EMU               00000880   00000105  00000004  00000101  RWIX
  SYS_PWR_CTL           00000985   00000003  00000003  00000000  RWIX
  FLASH_REGS            00000a80   00000060  00000008  00000058  RWIX
  CSM                   00000ae0   00000020  00000010  00000010  RWIX
  ADC_RESULT            00000b00   00000020  00000010  00000010  RWIX
  CPU_TIMER0            00000c00   00000008  00000008  00000000  RWIX
  CPU_TIMER1            00000c08   00000008  00000008  00000000  RWIX
  CPU_TIMER2            00000c10   00000008  00000008  00000000  RWIX
  PIE_CTRL              00000ce0   00000020  0000001a  00000006  RWIX
  PIE_VECT              00000d00   00000100  00000100  00000000  RWIX
  DMA                   00001000   00000200  000000e0  00000120  RWIX
  CLA1                  00001400   00000080  00000040  00000040  RWIX
  USB0                  00004000   00001000  00000454  00000bac  RWIX
  McBSPA                00005000   00000040  00000024  0000001c  RWIX
  ECANA                 00006000   00000040  00000034  0000000c  RWIX
  ECANA_LAM             00006040   00000040  00000040  00000000  RWIX
  ECANA_MOTS            00006080   00000040  00000040  00000000  RWIX
  ECANA_MOTO            000060c0   00000040  00000040  00000000  RWIX
  ECANA_MBOX            00006100   00000100  00000100  00000000  RWIX
  COMP1                 00006400   00000020  00000014  0000000c  RWIX
  COMP2                 00006420   00000020  00000014  0000000c  RWIX
  COMP3                 00006440   00000020  00000014  0000000c  RWIX
  EPWM1                 00006800   00000040  00000040  00000000  RWIX
  EPWM2                 00006840   00000040  00000040  00000000  RWIX
  EPWM3                 00006880   00000040  00000040  00000000  RWIX
  EPWM4                 000068c0   00000040  00000040  00000000  RWIX
  EPWM5                 00006900   00000040  00000040  00000000  RWIX
  EPWM6                 00006940   00000040  00000040  00000000  RWIX
  EPWM7                 00006980   00000040  00000040  00000000  RWIX
  EPWM8                 000069c0   00000040  00000040  00000000  RWIX
  ECAP1                 00006a00   00000020  00000020  00000000  RWIX
  ECAP2                 00006a20   00000020  00000020  00000000  RWIX
  ECAP3                 00006a40   00000020  00000020  00000000  RWIX
  HRCAP1                00006ac0   00000020  00000020  00000000  RWIX
  HRCAP2                00006ae0   00000020  00000020  00000000  RWIX
  EQEP1                 00006b00   00000040  00000022  0000001e  RWIX
  EQEP2                 00006b40   00000040  00000022  0000001e  RWIX
  HRCAP3                00006c80   00000020  00000020  00000000  RWIX
  HRCAP4                00006ca0   00000020  00000020  00000000  RWIX
  GPIOCTRL              00006f80   00000040  00000040  00000000  RWIX
  GPIODAT               00006fc0   00000020  00000020  00000000  RWIX
  GPIOINT               00006fe0   00000020  00000020  00000000  RWIX
  SYSTEM                00007010   00000030  00000030  00000000  RWIX
  SPIA                  00007040   00000010  00000010  00000000  RWIX
  SCIA                  00007050   00000010  00000010  00000000  RWIX
  NMIINTRUPT            00007060   00000010  00000010  00000000  RWIX
  XINTRUPT              00007070   00000010  00000010  00000000  RWIX
  ADC                   00007100   00000080  00000050  00000030  RWIX
  SPIB                  00007740   00000010  00000010  00000000  RWIX
  SCIB                  00007750   00000010  00000010  00000000  RWIX
  I2CA                  00007900   00000040  00000022  0000001e  RWIX
  RAML2                 00008c00   00000400  00000000  00000400  RWIX
  RAML3                 00009000   00001000  00000800  00000800  RWIX
  RAML4                 0000a000   00002000  00001584  00000a7c  RWIX
  RAML5_8               0000c000   00008000  00000400  00007c00  RWIX
  USB_RAM               00040000   00000800  00000000  00000800  RWIX
  PARTID                003d7e80   00000001  00000001  00000000  RWIX
  CSM_PWL               003f7ff8   00000008  00000008  00000000  RWIX


SECTION ALLOCATION MAP

 output                                  attributes/
section   page    origin      length       input sections
--------  ----  ----------  ----------   ----------------
.cinit     0    003f4b78    00000340     
                  003f4b78    00000235     main.obj (.cinit)
                  003f4dad    0000001e     scia.obj (.cinit)
                  003f4dcb    0000000e     rts2800_fpu32.lib : exit.c.obj (.cinit)
                  003f4dd9    0000000c     trip_proc.obj (.cinit)
                  003f4de5    0000000a     windPower.obj (.cinit)
                  003f4def    00000009     main.obj (.cinit:_Vs_abc)
                  003f4df8    00000009     main.obj (.cinit:_Vs_abc_ref)
                  003f4e01    00000009     main.obj (.cinit:_sgn_Is)
                  003f4e0a    00000007     main.obj (.cinit:_Fs_dq)
                  003f4e11    00000007     main.obj (.cinit:_Is_DQ)
                  003f4e18    00000007     main.obj (.cinit:_Is_DQ_ErrInt)
                  003f4e1f    00000007     main.obj (.cinit:_Is_DQ_max)
                  003f4e26    00000007     main.obj (.cinit:_Is_DQ_ref)
                  003f4e2d    00000007     main.obj (.cinit:_Is_dq_ErrInt)
                  003f4e34    00000007     main.obj (.cinit:_Is_dq_ref)
                  003f4e3b    00000007     main.obj (.cinit:_Us_dq)
                  003f4e42    00000007     main.obj (.cinit:_Vs_DQ)
                  003f4e49    00000007     main.obj (.cinit:_Vs_DQ_comp)
                  003f4e50    00000007     main.obj (.cinit:_Vs_DQ_max)
                  003f4e57    00000007     main.obj (.cinit:_Vs_DQ_ref)
                  003f4e5e    00000007     main.obj (.cinit:_Vs_DQ_ref_P)
                  003f4e65    00000007     main.obj (.cinit:_Vs_DQ_ref_PI)
                  003f4e6c    00000007     main.obj (.cinit:_Vs_dq)
                  003f4e73    00000007     main.obj (.cinit:_Vs_dq_ref)
                  003f4e7a    00000005     MonitorProc.obj (.cinit)
                  003f4e7f    00000005     rts2800_fpu32.lib : _lock.c.obj (.cinit:__lock)
                  003f4e84    00000005                       : _lock.c.obj (.cinit:__unlock)
                  003f4e89    00000005     common_module.obj (.cinit)
                  003f4e8e    00000004     main.obj (.cinit:_MonitorMsg)
                  003f4e92    00000004     main.obj (.cinit:_adc_result)
                  003f4e96    00000004     main.obj (.cinit:_gStr1)
                  003f4e9a    00000004     scia.obj (.cinit:_msg_box)
                  003f4e9e    00000004     scia.obj (.cinit:_scia_rx_msg_box)
                  003f4ea2    00000004     scia.obj (.cinit:_scia_tx_msg_box)
                  003f4ea6    00000004     rts2800_fpu32.lib : errno.c.obj (.cinit)
                  003f4eaa    00000004                       : memory.c.obj (.cinit)
                  003f4eae    00000004     switching_irq.obj (.cinit)
                  003f4eb2    00000004     udd_timer_irq.obj (.cinit)
                  003f4eb6    00000002     --HOLE-- [fill = 0]

.pinit     0    003f4000    00000000     UNINITIALIZED

.text      0    003d8000    00005d30     
                  003d8000    00000ce3     rts2800_fpu32.lib : _printfi.c.obj (.text)
                  003d8ce3    000009a0     code_proc.obj (.text)
                  003d9683    000007d3     scia.obj (.text)
                  003d9e56    00000644     vf_contol.obj (.text)
                  003da49a    00000446     trip_proc.obj (.text)
                  003da8e0    00000440     ParameterSet.obj (.text)
                  003dad20    0000039b     F2806x_DefaultIsr.obj (.text:retain)
                  003db0bb    0000038a     svm.obj (.text)
                  003db445    0000032d     windPower.obj (.text)
                  003db772    000002a5     main.obj (.text)
                  003dba17    00000266     rts2800_fpu32.lib : memory.c.obj (.text)
                  003dbc7d    00000258     f28069GpioSetup.obj (.text)
                  003dbed5    0000023a     F2806x_Adc.obj (.text)
                  003dc10f    000001ff     rts2800_fpu32.lib : strtod.c.obj (.text)
                  003dc30e    000001b4     I2C_eeprom.obj (.text)
                  003dc4c2    000001ac     Set_Par.obj (.text)
                  003dc66e    000001a3     switching_irq.obj (.text:retain)
                  003dc811    00000193     analog.obj (.text:retain)
                  003dc9a4    00000192     F2806x_SysCtrl.obj (.text)
                  003dcb36    00000170     udd_timer_irq.obj (.text:retain)
                  003dcca6    0000016a     RefFunc.obj (.text)
                  003dce10    00000140     common_module.obj (.text)
                  003dcf50    00000107     rts2800_fpu32.lib : ll_div28.asm.obj (.text)
                  003dd057    000000ef     scia.obj (.text:retain)
                  003dd146    000000e7     low_pass_filter.obj (.text)
                  003dd22d    000000dd     digital_inout.obj (.text)
                  003dd30a    000000ae     rts2800_fpu32.lib : s_scalbn.c.obj (.text)
                  003dd3b8    0000009c                       : fd_add28.asm.obj (.text)
                  003dd454    0000008b                       : fd_div28.asm.obj (.text)
                  003dd4df    00000088                       : fs_div28.asm.obj (.text)
                  003dd567    00000083                       : fd_mpy28.asm.obj (.text)
                  003dd5ea    00000077     analog.obj (.text)
                  003dd661    00000076     F2806x_CpuTimers.obj (.text)
                  003dd6d7    00000063     rts2800_fpu32.lib : s_cosf.c.obj (.text)
                  003dd73a    0000005a                       : s_frexp.c.obj (.text)
                  003dd794    0000005a                       : snprintf.c.obj (.text)
                  003dd7ee    00000059                       : s_floorf.c.obj (.text)
                  003dd847    00000059                       : s_sinf.c.obj (.text)
                  003dd8a0    00000058                       : s_scalbnf.c.obj (.text)
                  003dd8f8    00000056                       : boot28.asm.obj (.text)
                  003dd94e    00000048     scopePoint.obj (.text)
                  003dd996    00000031     rts2800_fpu32.lib : atoi.c.obj (.text)
                  003dd9c7    00000030                       : ltoa.c.obj (.text)
                  003dd9f7    0000002a                       : fd_cmp28.asm.obj (.text)
                  003dda21    0000002a                       : l_div28.asm.obj (.text)
                  003dda4b    00000029                       : exit.c.obj (.text)
                  003dda74    00000028     F2806x_PieCtrl.obj (.text)
                  003dda9c    00000027     rts2800_fpu32.lib : e_sqrtf.c.obj (.text)
                  003ddac3    00000026     F2806x_PieVect.obj (.text)
                  003ddae9    00000025     rts2800_fpu32.lib : s_copysign.c.obj (.text)
                  003ddb0e    00000024                       : cpy_tbl.c.obj (.text)
                  003ddb32    00000022                       : i_div28.asm.obj (.text)
                  003ddb54    00000021                       : fd_toi28.asm.obj (.text)
                  003ddb75    00000021     switching_irq.obj (.text)
                  003ddb96    0000001f     rts2800_fpu32.lib : fd_tol28.asm.obj (.text)
                  003ddbb5    0000001e                       : ll_cmp28.asm.obj (.text)
                  003ddbd3    0000001d                       : i_tofd28.asm.obj (.text)
                  003ddbf0    0000001d                       : memcpy.c.obj (.text)
                  003ddc0d    0000001c                       : fs_tofdfpu32.asm.obj (.text)
                  003ddc29    0000001c                       : l_tofd28.asm.obj (.text)
                  003ddc45    0000001b     serial_com.obj (.text)
                  003ddc60    00000019     rts2800_fpu32.lib : args_main.c.obj (.text)
                  003ddc79    00000018                       : ll_aox28.asm.obj (.text)
                  003ddc91    00000015                       : strncpy.c.obj (.text)
                  003ddca6    00000014     main.obj (.text:retain)
                  003ddcba    00000011     rts2800_fpu32.lib : s_copysignf.c.obj (.text)
                  003ddccb    0000000e                       : fd_sub28.asm.obj (.text)
                  003ddcd9    0000000d                       : memccpy.c.obj (.text)
                  003ddce6    0000000c                       : strchr.c.obj (.text)
                  003ddcf2    00000009                       : _lock.c.obj (.text)
                  003ddcfb    00000009                       : fd_neg28.asm.obj (.text)
                  003ddd04    00000009                       : wcslen.c.obj (.text)
                  003ddd0d    00000008     F2806x_CodeStartBranch.obj (.text)
                  003ddd15    00000008     rts2800_fpu32.lib : strlen.c.obj (.text)
                  003ddd1d    00000007                       : memset.c.obj (.text)
                  003ddd24    00000005                       : strcpy.c.obj (.text)
                  003ddd29    00000004                       : atof.c.obj (.text)
                  003ddd2d    00000002                       : pre_init.c.obj (.text)
                  003ddd2f    00000001                       : startup.c.obj (.text)

ramfuncs   0    003f0000    0000001f     RUN ADDR = 00008000
                  003f0000    0000001b     F2806x_SysCtrl.obj (ramfuncs)
                  003f001b    00000004     F2806x_usDelay.obj (ramfuncs)

.econst    0    003f4000    00000b78     
                  003f4000    00000456     code_proc.obj (.econst:.string)
                  003f4456    0000026f     scia.obj (.econst:.string)
                  003f46c5    00000001     --HOLE-- [fill = 0]
                  003f46c6    0000013c     trip_proc.obj (.econst:.string)
                  003f4802    00000101     rts2800_fpu32.lib : ctype.c.obj (.econst:.string:__ctypes_)
                  003f4903    00000001     --HOLE-- [fill = 0]
                  003f4904    00000100     F2806x_PieVect.obj (.econst:_PieVectTableInit)
                  003f4a04    00000035     Set_Par.obj (.econst:.string)
                  003f4a39    00000001     --HOLE-- [fill = 0]
                  003f4a3a    00000032     windPower.obj (.econst:.string)
                  003f4a6c    00000026     I2C_eeprom.obj (.econst:.string)
                  003f4a92    00000026     rts2800_fpu32.lib : _printfi.c.obj (.econst:.string)
                  003f4ab8    00000020                       : strtod.c.obj (.econst:_digits)
                  003f4ad8    0000001c     vf_contol.obj (.econst:.string)
                  003f4af4    0000001c     rts2800_fpu32.lib : _printfi.c.obj (.econst)
                  003f4b10    0000001c                       : s_scalbn.c.obj (.econst)
                  003f4b2c    00000019     main.obj (.econst:.string)
                  003f4b45    00000001     --HOLE-- [fill = 0]
                  003f4b46    00000010     digital_inout.obj (.econst:.string)
                  003f4b56    0000000c     rts2800_fpu32.lib : strtod.c.obj (.econst:_powerof10)
                  003f4b62    00000008                       : s_frexp.c.obj (.econst)
                  003f4b6a    00000006                       : s_scalbnf.c.obj (.econst)
                  003f4b70    00000005     MonitorProc.obj (.econst:.string)
                  003f4b75    00000001     --HOLE-- [fill = 0]
                  003f4b76    00000002     rts2800_fpu32.lib : s_floorf.c.obj (.econst)

.switch    0    003f4eb8    0000007e     
                  003f4eb8    0000007e     code_proc.obj (.switch:_get_code_information)

csm_rsvd   0    003f7f80    00000076     
                  003f7f80    00000076     F2806x_CSMPasswords.obj (csm_rsvd)

codestart 
*          0    003f7ff6    00000002     
                  003f7ff6    00000002     F2806x_CodeStartBranch.obj (codestart)

csmpasswds 
*          0    003f7ff8    00000008     
                  003f7ff8    00000008     F2806x_CSMPasswords.obj (csmpasswds)

DevEmuRegsFile 
*          1    00000880    00000004     UNINITIALIZED
                  00000880    00000004     F2806x_GlobalVariableDefs.obj (DevEmuRegsFile)

SysPwrCtrlRegsFile 
*          1    00000985    00000003     UNINITIALIZED
                  00000985    00000003     F2806x_GlobalVariableDefs.obj (SysPwrCtrlRegsFile)

FlashRegsFile 
*          1    00000a80    00000008     UNINITIALIZED
                  00000a80    00000008     F2806x_GlobalVariableDefs.obj (FlashRegsFile)

CsmRegsFile 
*          1    00000ae0    00000010     UNINITIALIZED
                  00000ae0    00000010     F2806x_GlobalVariableDefs.obj (CsmRegsFile)

AdcResultFile 
*          1    00000b00    00000010     UNINITIALIZED
                  00000b00    00000010     F2806x_GlobalVariableDefs.obj (AdcResultFile)

CpuTimer0RegsFile 
*          1    00000c00    00000008     UNINITIALIZED
                  00000c00    00000008     F2806x_GlobalVariableDefs.obj (CpuTimer0RegsFile)

CpuTimer1RegsFile 
*          1    00000c08    00000008     UNINITIALIZED
                  00000c08    00000008     F2806x_GlobalVariableDefs.obj (CpuTimer1RegsFile)

CpuTimer2RegsFile 
*          1    00000c10    00000008     UNINITIALIZED
                  00000c10    00000008     F2806x_GlobalVariableDefs.obj (CpuTimer2RegsFile)

PieCtrlRegsFile 
*          1    00000ce0    0000001a     UNINITIALIZED
                  00000ce0    0000001a     F2806x_GlobalVariableDefs.obj (PieCtrlRegsFile)

DmaRegsFile 
*          1    00001000    000000e0     UNINITIALIZED
                  00001000    000000e0     F2806x_GlobalVariableDefs.obj (DmaRegsFile)

Usb0RegsFile 
*          1    00004000    00000454     UNINITIALIZED
                  00004000    00000454     F2806x_GlobalVariableDefs.obj (Usb0RegsFile)

McbspaRegsFile 
*          1    00005000    00000024     UNINITIALIZED
                  00005000    00000024     F2806x_GlobalVariableDefs.obj (McbspaRegsFile)

ECanaMOTSRegsFile 
*          1    00006080    00000040     UNINITIALIZED
                  00006080    00000040     F2806x_GlobalVariableDefs.obj (ECanaMOTSRegsFile)

ECanaMOTORegsFile 
*          1    000060c0    00000040     UNINITIALIZED
                  000060c0    00000040     F2806x_GlobalVariableDefs.obj (ECanaMOTORegsFile)

Comp1RegsFile 
*          1    00006400    00000014     UNINITIALIZED
                  00006400    00000014     F2806x_GlobalVariableDefs.obj (Comp1RegsFile)

Comp2RegsFile 
*          1    00006420    00000014     UNINITIALIZED
                  00006420    00000014     F2806x_GlobalVariableDefs.obj (Comp2RegsFile)

Comp3RegsFile 
*          1    00006440    00000014     UNINITIALIZED
                  00006440    00000014     F2806x_GlobalVariableDefs.obj (Comp3RegsFile)

EPwm1RegsFile 
*          1    00006800    00000040     UNINITIALIZED
                  00006800    00000040     F2806x_GlobalVariableDefs.obj (EPwm1RegsFile)

EPwm2RegsFile 
*          1    00006840    00000040     UNINITIALIZED
                  00006840    00000040     F2806x_GlobalVariableDefs.obj (EPwm2RegsFile)

EPwm3RegsFile 
*          1    00006880    00000040     UNINITIALIZED
                  00006880    00000040     F2806x_GlobalVariableDefs.obj (EPwm3RegsFile)

EPwm4RegsFile 
*          1    000068c0    00000040     UNINITIALIZED
                  000068c0    00000040     F2806x_GlobalVariableDefs.obj (EPwm4RegsFile)

EPwm5RegsFile 
*          1    00006900    00000040     UNINITIALIZED
                  00006900    00000040     F2806x_GlobalVariableDefs.obj (EPwm5RegsFile)

EPwm6RegsFile 
*          1    00006940    00000040     UNINITIALIZED
                  00006940    00000040     F2806x_GlobalVariableDefs.obj (EPwm6RegsFile)

EPwm7RegsFile 
*          1    00006980    00000040     UNINITIALIZED
                  00006980    00000040     F2806x_GlobalVariableDefs.obj (EPwm7RegsFile)

EPwm8RegsFile 
*          1    000069c0    00000040     UNINITIALIZED
                  000069c0    00000040     F2806x_GlobalVariableDefs.obj (EPwm8RegsFile)

HRCap1RegsFile 
*          1    00006ac0    00000020     UNINITIALIZED
                  00006ac0    00000020     F2806x_GlobalVariableDefs.obj (HRCap1RegsFile)

HRCap2RegsFile 
*          1    00006ae0    00000020     UNINITIALIZED
                  00006ae0    00000020     F2806x_GlobalVariableDefs.obj (HRCap2RegsFile)

HRCap3RegsFile 
*          1    00006c80    00000020     UNINITIALIZED
                  00006c80    00000020     F2806x_GlobalVariableDefs.obj (HRCap3RegsFile)

HRCap4RegsFile 
*          1    00006ca0    00000020     UNINITIALIZED
                  00006ca0    00000020     F2806x_GlobalVariableDefs.obj (HRCap4RegsFile)

SciaRegsFile 
*          1    00007050    00000010     UNINITIALIZED
                  00007050    00000010     F2806x_GlobalVariableDefs.obj (SciaRegsFile)

NmiIntruptRegsFile 
*          1    00007060    00000010     UNINITIALIZED
                  00007060    00000010     F2806x_GlobalVariableDefs.obj (NmiIntruptRegsFile)

XIntruptRegsFile 
*          1    00007070    00000010     UNINITIALIZED
                  00007070    00000010     F2806x_GlobalVariableDefs.obj (XIntruptRegsFile)

AdcRegsFile 
*          1    00007100    00000050     UNINITIALIZED
                  00007100    00000050     F2806x_GlobalVariableDefs.obj (AdcRegsFile)

.stack     1    00009000    00000800     UNINITIALIZED
                  00009000    00000800     --HOLE--

.ebss      1    0000a000    00001584     UNINITIALIZED
                  0000a000    00000960     main.obj (.ebss:_scopeData)
                  0000a960    0000001e     scia.obj (.ebss:_scia_rx_msg_box)
                  0000a97e    00000002     MonitorProc.obj (.ebss)
                  0000a980    000007d0     scia.obj (.ebss:_scia_tx_msg_box)
                  0000b150    00000019     main.obj (.ebss:_MonitorMsg)
                  0000b169    00000014     scia.obj (.ebss:_msg_box)
                  0000b17d    00000003     main.obj (.ebss:_DutyCount)
                  0000b180    000002b4     main.obj (.ebss)
                  0000b434    0000000a     scia.obj (.ebss)
                  0000b43e    00000002     rts2800_fpu32.lib : _lock.c.obj (.ebss:__lock)
                  0000b440    0000003c     main.obj (.ebss:_scopePoint)
                  0000b47c    00000004     RefFunc.obj (.ebss)
                  0000b480    00000032     main.obj (.ebss:_gStr1)
                  0000b4b2    00000008     main.obj (.ebss:_lpfIrmsK)
                  0000b4ba    00000006     main.obj (.ebss:_DutyRatio)
                  0000b4c0    00000018     F2806x_CpuTimers.obj (.ebss)
                  0000b4d8    00000008     main.obj (.ebss:_lpfVdcK)
                  0000b4e0    00000006     main.obj (.ebss:_Is_abc)
                  0000b4e6    00000006     main.obj (.ebss:_Vs_abc)
                  0000b4ec    00000006     main.obj (.ebss:_Vs_abc_ref)
                  0000b4f2    00000006     main.obj (.ebss:_adc_result)
                  0000b4f8    00000006     main.obj (.ebss:_lpfIaIn)
                  0000b4fe    00000002     rts2800_fpu32.lib : _lock.c.obj (.ebss:__unlock)
                  0000b500    00000006     main.obj (.ebss:_lpfIaOut)
                  0000b506    00000006     main.obj (.ebss:_lpfIbIn)
                  0000b50c    00000006     main.obj (.ebss:_lpfIbOut)
                  0000b512    00000006     main.obj (.ebss:_lpfVdcIn)
                  0000b518    00000006     main.obj (.ebss:_lpfVdcOut)
                  0000b51e    00000006     main.obj (.ebss:_sgn_Is)
                  0000b524    00000006     rts2800_fpu32.lib : exit.c.obj (.ebss)
                  0000b52a    00000006     svm.obj (.ebss)
                  0000b530    00000004     main.obj (.ebss:_Fs_dq)
                  0000b534    00000004     main.obj (.ebss:_Is_DQ)
                  0000b538    00000004     main.obj (.ebss:_Is_DQ_ErrInt)
                  0000b53c    00000004     main.obj (.ebss:_Is_DQ_max)
                  0000b540    00000004     main.obj (.ebss:_Is_DQ_ref)
                  0000b544    00000004     main.obj (.ebss:_Is_dq)
                  0000b548    00000004     main.obj (.ebss:_Is_dq_ErrInt)
                  0000b54c    00000004     main.obj (.ebss:_Is_dq_ref)
                  0000b550    00000004     main.obj (.ebss:_Us_dq)
                  0000b554    00000004     main.obj (.ebss:_Vs_DQ)
                  0000b558    00000004     main.obj (.ebss:_Vs_DQ_comp)
                  0000b55c    00000004     main.obj (.ebss:_Vs_DQ_max)
                  0000b560    00000004     main.obj (.ebss:_Vs_DQ_ref)
                  0000b564    00000004     main.obj (.ebss:_Vs_DQ_ref_P)
                  0000b568    00000004     main.obj (.ebss:_Vs_DQ_ref_PI)
                  0000b56c    00000004     main.obj (.ebss:_Vs_dq)
                  0000b570    00000004     main.obj (.ebss:_Vs_dq_ref)
                  0000b574    00000004     rts2800_fpu32.lib : memory.c.obj (.ebss)
                  0000b578    00000004     windPower.obj (.ebss)
                  0000b57c    00000003     trip_proc.obj (.ebss)
                  0000b57f    00000001     rts2800_fpu32.lib : errno.c.obj (.ebss)
                  0000b580    00000002     common_module.obj (.ebss)
                  0000b582    00000001     switching_irq.obj (.ebss)
                  0000b583    00000001     udd_timer_irq.obj (.ebss)

.esysmem   1    0000c000    00000400     UNINITIALIZED
                  0000c000    00000004     rts2800_fpu32.lib : memory.c.obj (.esysmem)
                  0000c004    000003fc     --HOLE--

.reset     0    003fffc0    00000002     DSECT
                  003fffc0    00000002     rts2800_fpu32.lib : boot28.asm.obj (.reset)

vectors    0    003fffc2    00000000     DSECT

PieVectTableFile 
*          1    00000d00    00000100     UNINITIALIZED
                  00000d00    00000100     F2806x_GlobalVariableDefs.obj (PieVectTableFile)

EmuKeyVar 
*          1    00000d00    00000001     UNINITIALIZED
                  00000d00    00000001     F2806x_GlobalVariableDefs.obj (EmuKeyVar)

EmuBModeVar 
*          1    00000d01    00000001     UNINITIALIZED
                  00000d01    00000001     F2806x_GlobalVariableDefs.obj (EmuBModeVar)

FlashCallbackVar 
*          1    00000d02    00000002     UNINITIALIZED
                  00000d02    00000002     F2806x_GlobalVariableDefs.obj (FlashCallbackVar)

FlashScalingVar 
*          1    00000d04    00000002     UNINITIALIZED
                  00000d04    00000002     F2806x_GlobalVariableDefs.obj (FlashScalingVar)

Cla1RegsFile 
*          1    00001400    00000040     UNINITIALIZED
                  00001400    00000040     F2806x_GlobalVariableDefs.obj (Cla1RegsFile)

ECanaRegsFile 
*          1    00006000    00000034     UNINITIALIZED
                  00006000    00000034     F2806x_GlobalVariableDefs.obj (ECanaRegsFile)

ECanaLAMRegsFile 
*          1    00006040    00000040     UNINITIALIZED
                  00006040    00000040     F2806x_GlobalVariableDefs.obj (ECanaLAMRegsFile)

ECanaMboxesFile 
*          1    00006100    00000100     UNINITIALIZED
                  00006100    00000100     F2806x_GlobalVariableDefs.obj (ECanaMboxesFile)

ECap1RegsFile 
*          1    00006a00    00000020     UNINITIALIZED
                  00006a00    00000020     F2806x_GlobalVariableDefs.obj (ECap1RegsFile)

ECap2RegsFile 
*          1    00006a20    00000020     UNINITIALIZED
                  00006a20    00000020     F2806x_GlobalVariableDefs.obj (ECap2RegsFile)

ECap3RegsFile 
*          1    00006a40    00000020     UNINITIALIZED
                  00006a40    00000020     F2806x_GlobalVariableDefs.obj (ECap3RegsFile)

EQep1RegsFile 
*          1    00006b00    00000022     UNINITIALIZED
                  00006b00    00000022     F2806x_GlobalVariableDefs.obj (EQep1RegsFile)

EQep2RegsFile 
*          1    00006b40    00000022     UNINITIALIZED
                  00006b40    00000022     F2806x_GlobalVariableDefs.obj (EQep2RegsFile)

GpioCtrlRegsFile 
*          1    00006f80    00000040     UNINITIALIZED
                  00006f80    00000040     F2806x_GlobalVariableDefs.obj (GpioCtrlRegsFile)

GpioDataRegsFile 
*          1    00006fc0    00000020     UNINITIALIZED
                  00006fc0    00000020     F2806x_GlobalVariableDefs.obj (GpioDataRegsFile)

GpioIntRegsFile 
*          1    00006fe0    00000020     UNINITIALIZED
                  00006fe0    00000020     F2806x_GlobalVariableDefs.obj (GpioIntRegsFile)

SysCtrlRegsFile 
*          1    00007010    00000030     UNINITIALIZED
                  00007010    00000030     F2806x_GlobalVariableDefs.obj (SysCtrlRegsFile)

SpiaRegsFile 
*          1    00007040    00000010     UNINITIALIZED
                  00007040    00000010     F2806x_GlobalVariableDefs.obj (SpiaRegsFile)

SpibRegsFile 
*          1    00007740    00000010     UNINITIALIZED
                  00007740    00000010     F2806x_GlobalVariableDefs.obj (SpibRegsFile)

ScibRegsFile 
*          1    00007750    00000010     UNINITIALIZED
                  00007750    00000010     F2806x_GlobalVariableDefs.obj (ScibRegsFile)

I2caRegsFile 
*          1    00007900    00000022     UNINITIALIZED
                  00007900    00000022     F2806x_GlobalVariableDefs.obj (I2caRegsFile)

PartIdRegsFile 
*          1    003d7e80    00000001     UNINITIALIZED
                  003d7e80    00000001     F2806x_GlobalVariableDefs.obj (PartIdRegsFile)

CsmPwlFile 
*          1    003f7ff8    00000008     UNINITIALIZED
                  003f7ff8    00000008     F2806x_GlobalVariableDefs.obj (CsmPwlFile)

MODULE SUMMARY

       Module                          code    initialized data   uninitialized data
       ------                          ----    ----------------   ------------------
    ./
       scia.obj                        2242    665                2060              
       main.obj                        697     741                3386              
       code_proc.obj                   2464    1236               0                 
       F2806x_GlobalVariableDefs.obj   0       0                  3550              
       vf_contol.obj                   1604    28                 0                 
       trip_proc.obj                   1094    328                3                 
       ParameterSet.obj                1088    0                  0                 
       F2806x_DefaultIsr.obj           923     0                  0                 
       svm.obj                         906     0                  6                 
       windPower.obj                   813     60                 4                 
       f28069GpioSetup.obj             600     0                  0                 
       F2806x_Adc.obj                  570     0                  0                 
       analog.obj                      522     0                  0                 
       Set_Par.obj                     428     53                 0                 
       I2C_eeprom.obj                  436     38                 0                 
       switching_irq.obj               452     4                  1                 
       F2806x_SysCtrl.obj              456     0                  0                 
       udd_timer_irq.obj               368     4                  1                 
       RefFunc.obj                     362     0                  4                 
       common_module.obj               320     5                  2                 
       F2806x_PieVect.obj              38      256                0                 
       digital_inout.obj               221     16                 0                 
       low_pass_filter.obj             231     0                  0                 
       F2806x_CpuTimers.obj            118     0                  24                
       F2806x_CSMPasswords.obj         0       126                0                 
       scopePoint.obj                  72      0                  0                 
       F2806x_PieCtrl.obj              40      0                  0                 
       serial_com.obj                  27      0                  0                 
       MonitorProc.obj                 0       10                 2                 
       F2806x_CodeStartBranch.obj      10      0                  0                 
       F2806x_usDelay.obj              8       0                  0                 
    +--+-------------------------------+-------+------------------+--------------------+
       Total:                          17110   3570               9043              
                                                                                    
    /home/eunwho/ti/ccs910/ccs/tools/compiler/ti-cgt-c2000_18.12.2.LTS/lib/rts2800_fpu32.lib
       _printfi.c.obj                  3299    66                 0                 
       memory.c.obj                    614     4                  4                 
       strtod.c.obj                    511     44                 0                 
       ll_div28.asm.obj                263     0                  0                 
       ctype.c.obj                     0       257                0                 
       s_scalbn.c.obj                  174     28                 0                 
       fd_add28.asm.obj                156     0                  0                 
       fd_div28.asm.obj                139     0                  0                 
       fs_div28.asm.obj                136     0                  0                 
       fd_mpy28.asm.obj                131     0                  0                 
       s_cosf.c.obj                    99      0                  0                 
       s_frexp.c.obj                   90      8                  0                 
       s_scalbnf.c.obj                 88      6                  0                 
       s_floorf.c.obj                  89      2                  0                 
       snprintf.c.obj                  90      0                  0                 
       s_sinf.c.obj                    89      0                  0                 
       boot28.asm.obj                  86      0                  0                 
       exit.c.obj                      41      14                 6                 
       atoi.c.obj                      49      0                  0                 
       ltoa.c.obj                      48      0                  0                 
       fd_cmp28.asm.obj                42      0                  0                 
       l_div28.asm.obj                 42      0                  0                 
       e_sqrtf.c.obj                   39      0                  0                 
       s_copysign.c.obj                37      0                  0                 
       cpy_tbl.c.obj                   36      0                  0                 
       i_div28.asm.obj                 34      0                  0                 
       fd_toi28.asm.obj                33      0                  0                 
       fd_tol28.asm.obj                31      0                  0                 
       ll_cmp28.asm.obj                30      0                  0                 
       i_tofd28.asm.obj                29      0                  0                 
       memcpy.c.obj                    29      0                  0                 
       fs_tofdfpu32.asm.obj            28      0                  0                 
       l_tofd28.asm.obj                28      0                  0                 
       args_main.c.obj                 25      0                  0                 
       ll_aox28.asm.obj                24      0                  0                 
       _lock.c.obj                     9       10                 4                 
       strncpy.c.obj                   21      0                  0                 
       s_copysignf.c.obj               17      0                  0                 
       fd_sub28.asm.obj                14      0                  0                 
       memccpy.c.obj                   13      0                  0                 
       strchr.c.obj                    12      0                  0                 
       fd_neg28.asm.obj                9       0                  0                 
       wcslen.c.obj                    9       0                  0                 
       strlen.c.obj                    8       0                  0                 
       memset.c.obj                    7       0                  0                 
       errno.c.obj                     0       4                  1                 
       strcpy.c.obj                    5       0                  0                 
       atof.c.obj                      4       0                  0                 
       pre_init.c.obj                  2       0                  0                 
       startup.c.obj                   1       0                  0                 
    +--+-------------------------------+-------+------------------+--------------------+
       Total:                          6810    443                15                
                                                                                    
       Heap:                           0       0                  1024              
       Stack:                          0       0                  2048              
    +--+-------------------------------+-------+------------------+--------------------+
       Grand Total:                    23920   4013               12130             


GLOBAL DATA SYMBOLS: SORTED BY DATA PAGE

address     data page           name
--------    ----------------    ----
00000880      22 (00000880)     _DevEmuRegs

00000985      26 (00000980)     _SysPwrCtrlRegs

00000a80      2a (00000a80)     _FlashRegs

00000ae0      2b (00000ac0)     _CsmRegs

00000b00      2c (00000b00)     _AdcResult

00000c00      30 (00000c00)     _CpuTimer0Regs
00000c08      30 (00000c00)     _CpuTimer1Regs
00000c10      30 (00000c00)     _CpuTimer2Regs

00000ce0      33 (00000cc0)     _PieCtrlRegs

00000d00      34 (00000d00)     _EmuKey
00000d00      34 (00000d00)     _PieVectTable
00000d01      34 (00000d00)     _EmuBMode
00000d02      34 (00000d00)     _Flash_CallbackPtr
00000d04      34 (00000d00)     _Flash_CPUScaleFactor

00001000      40 (00001000)     _DmaRegs

00001400      50 (00001400)     _Cla1Regs

00004000     100 (00004000)     _Usb0Regs

00005000     140 (00005000)     _McbspaRegs

00006000     180 (00006000)     _ECanaRegs

00006040     181 (00006040)     _ECanaLAMRegs

00006080     182 (00006080)     _ECanaMOTSRegs

000060c0     183 (000060c0)     _ECanaMOTORegs

00006100     184 (00006100)     _ECanaMboxes

00006400     190 (00006400)     _Comp1Regs
00006420     190 (00006400)     _Comp2Regs

00006440     191 (00006440)     _Comp3Regs

00006800     1a0 (00006800)     _EPwm1Regs

00006840     1a1 (00006840)     _EPwm2Regs

00006880     1a2 (00006880)     _EPwm3Regs

000068c0     1a3 (000068c0)     _EPwm4Regs

00006900     1a4 (00006900)     _EPwm5Regs

00006940     1a5 (00006940)     _EPwm6Regs

00006980     1a6 (00006980)     _EPwm7Regs

000069c0     1a7 (000069c0)     _EPwm8Regs

00006a00     1a8 (00006a00)     _ECap1Regs
00006a20     1a8 (00006a00)     _ECap2Regs

00006a40     1a9 (00006a40)     _ECap3Regs

00006ac0     1ab (00006ac0)     _HRCap1Regs
00006ae0     1ab (00006ac0)     _HRCap2Regs

00006b00     1ac (00006b00)     _EQep1Regs

00006b40     1ad (00006b40)     _EQep2Regs

00006c80     1b2 (00006c80)     _HRCap3Regs
00006ca0     1b2 (00006c80)     _HRCap4Regs

00006f80     1be (00006f80)     _GpioCtrlRegs

00006fc0     1bf (00006fc0)     _GpioDataRegs
00006fe0     1bf (00006fc0)     _GpioIntRegs

00007010     1c0 (00007000)     _SysCtrlRegs

00007040     1c1 (00007040)     _SpiaRegs
00007050     1c1 (00007040)     _SciaRegs
00007060     1c1 (00007040)     _NmiIntruptRegs
00007070     1c1 (00007040)     _XIntruptRegs

00007100     1c4 (00007100)     _AdcRegs

00007740     1dd (00007740)     _SpibRegs
00007750     1dd (00007740)     _ScibRegs

00007900     1e4 (00007900)     _I2caRegs

00009000     240 (00009000)     __stack

0000a000     280 (0000a000)     _scopeData

0000a960     2a5 (0000a940)     _scia_rx_msg_box

0000a980     2a6 (0000a980)     _scia_tx_msg_box

0000b150     2c5 (0000b140)     _MonitorMsg
0000b169     2c5 (0000b140)     _msg_box
0000b17d     2c5 (0000b140)     _DutyCount

0000b180     2c6 (0000b180)     _wattHour
0000b181     2c6 (0000b180)     _kWattHour
0000b182     2c6 (0000b180)     _lpfadcIa
0000b183     2c6 (0000b180)     _lpfadcIb
0000b184     2c6 (0000b180)     _protect_reg
0000b185     2c6 (0000b180)     _relay_flag
0000b186     2c6 (0000b180)     _terminal_input_state
0000b187     2c6 (0000b180)     _init_charge_flag
0000b188     2c6 (0000b180)     _gRunFlag
0000b189     2c6 (0000b180)     _gTripFlag
0000b18a     2c6 (0000b180)     _gTripSaveFlag
0000b18b     2c6 (0000b180)     _gTripSavePoint
0000b18c     2c6 (0000b180)     _gPWMTripCode
0000b18d     2c6 (0000b180)     _Flag_TripDataBackup
0000b18e     2c6 (0000b180)     _EepromSaveFlag
0000b18f     2c6 (0000b180)     _gMachineState
0000b190     2c6 (0000b180)     _gControlMode
0000b191     2c6 (0000b180)     _gDeChargeFlag
0000b192     2c6 (0000b180)     _sendAdcDataFlag
0000b193     2c6 (0000b180)     _scopeCount
0000b194     2c6 (0000b180)     _timer0_count
0000b195     2c6 (0000b180)     _MAX_PWM_CNT
0000b196     2c6 (0000b180)     _gStartInitFinish
0000b197     2c6 (0000b180)     _wr_ctrl_index
0000b198     2c6 (0000b180)     _wr_CycleIndex
0000b199     2c6 (0000b180)     _AutoTuningFlag
0000b19a     2c6 (0000b180)     _scib_rx_msg_flag
0000b19b     2c6 (0000b180)     _scic_rx_msg_flag
0000b19c     2c6 (0000b180)     _scia_tx_start_addr
0000b19d     2c6 (0000b180)     _scia_tx_end_addr
0000b19e     2c6 (0000b180)     _scia_rx_msg_flag
0000b19f     2c6 (0000b180)     _gSciInFlag
0000b1a0     2c6 (0000b180)     _gSciaTxInPoint
0000b1a1     2c6 (0000b180)     _gSciaTxOutPoint
0000b1a2     2c6 (0000b180)     _gSciaTxEndFlag
0000b1a3     2c6 (0000b180)     _giSciCmdFunction
0000b1a4     2c6 (0000b180)     _giSciCmdAddr
0000b1a5     2c6 (0000b180)     _adcIa
0000b1a6     2c6 (0000b180)     _adcIb
0000b1a7     2c6 (0000b180)     _adcVdc
0000b1a8     2c6 (0000b180)     _adcIgbtTemperature
0000b1a9     2c6 (0000b180)     _adcExSensor
0000b1aa     2c6 (0000b180)     _adcCmdAnalog
0000b1ab     2c6 (0000b180)     _scopeLoopCount
0000b1ac     2c6 (0000b180)     _scopePointCh1
0000b1ad     2c6 (0000b180)     _scopePointCh2
0000b1ae     2c6 (0000b180)     _scopePointCh3
0000b1af     2c6 (0000b180)     _scopePointCh4
0000b1b2     2c6 (0000b180)     _windEnergy
0000b1b4     2c6 (0000b180)     _exSensRef
0000b1b6     2c6 (0000b180)     _dAdcIa
0000b1b8     2c6 (0000b180)     _dAdcIb
0000b1ba     2c6 (0000b180)     _dAdcVdc
0000b1bc     2c6 (0000b180)     _dAdcTemp
0000b1be     2c6 (0000b180)     _dAdcSens

0000b1c0     2c7 (0000b1c0)     _dAdcCmd
0000b1c2     2c7 (0000b1c0)     _func_flag
0000b1c4     2c7 (0000b1c0)     _reference_in
0000b1c6     2c7 (0000b1c0)     _reference_out
0000b1c8     2c7 (0000b1c0)     _analog_ref
0000b1ca     2c7 (0000b1c0)     _AnaCmdReference
0000b1cc     2c7 (0000b1c0)     _IncScanRef
0000b1ce     2c7 (0000b1c0)     _IncRef
0000b1d0     2c7 (0000b1c0)     _DecRef
0000b1d2     2c7 (0000b1c0)     _inv_MAX_PWM_CNT
0000b1d4     2c7 (0000b1c0)     _GainUpdateTimer
0000b1d6     2c7 (0000b1c0)     _Ts
0000b1d8     2c7 (0000b1c0)     _inv_Ts
0000b1da     2c7 (0000b1c0)     _gfRunTime
0000b1dc     2c7 (0000b1c0)     _ref_time
0000b1de     2c7 (0000b1c0)     _gulStartCount
0000b1e0     2c7 (0000b1c0)     _P_pair
0000b1e2     2c7 (0000b1c0)     _inv_P_pair
0000b1e4     2c7 (0000b1c0)     _Freq_rat
0000b1e6     2c7 (0000b1c0)     _inv_Freq_rat
0000b1e8     2c7 (0000b1c0)     _inv_motor_rate_hz
0000b1ea     2c7 (0000b1c0)     _Freq_ref
0000b1ec     2c7 (0000b1c0)     _Freq_set
0000b1ee     2c7 (0000b1c0)     _frequency
0000b1f0     2c7 (0000b1c0)     _Freq_out
0000b1f2     2c7 (0000b1c0)     _Freq_slip_rat
0000b1f4     2c7 (0000b1c0)     _Freq_slip
0000b1f6     2c7 (0000b1c0)     _rpmOut
0000b1f8     2c7 (0000b1c0)     _rpm
0000b1fa     2c7 (0000b1c0)     _rpm_ref
0000b1fc     2c7 (0000b1c0)     _rpm_err
0000b1fe     2c7 (0000b1c0)     _rpm_Coeff

0000b200     2c8 (0000b200)     _rpm_m
0000b202     2c8 (0000b200)     _we_rat
0000b204     2c8 (0000b200)     _we
0000b206     2c8 (0000b200)     _we0
0000b208     2c8 (0000b200)     _we_in
0000b20a     2c8 (0000b200)     _we_FW
0000b20c     2c8 (0000b200)     _we_FW1
0000b20e     2c8 (0000b200)     _wr
0000b210     2c8 (0000b200)     _wr_rat
0000b212     2c8 (0000b200)     _wr_ref
0000b214     2c8 (0000b200)     _wr_ref0
0000b216     2c8 (0000b200)     _wr_err
0000b218     2c8 (0000b200)     _wr_ErrInt
0000b21a     2c8 (0000b200)     _wr_Cycle
0000b21c     2c8 (0000b200)     _w_sl
0000b21e     2c8 (0000b200)     _w_sl0
0000b220     2c8 (0000b200)     _Delta_wr_Filter_Pole
0000b222     2c8 (0000b200)     _Delta_wr
0000b224     2c8 (0000b200)     _wm_rat
0000b226     2c8 (0000b200)     _wr_m
0000b228     2c8 (0000b200)     _wr_m0
0000b22a     2c8 (0000b200)     _theta
0000b22c     2c8 (0000b200)     _theta_m
0000b22e     2c8 (0000b200)     _SinTheta
0000b230     2c8 (0000b200)     _CosTheta
0000b232     2c8 (0000b200)     _SinTheta1
0000b234     2c8 (0000b200)     _CosTheta1
0000b236     2c8 (0000b200)     _SinDeltaTheta
0000b238     2c8 (0000b200)     _CosDeltaTheta
0000b23a     2c8 (0000b200)     _SinCosDeltaTheta
0000b23c     2c8 (0000b200)     _inv_SinCosDeltaTheta
0000b23e     2c8 (0000b200)     _DeltaLambda

0000b240     2c9 (0000b240)     _DeltaTheta
0000b242     2c9 (0000b240)     _OverCurLimit
0000b244     2c9 (0000b240)     _Is_rat
0000b246     2c9 (0000b240)     _inv_Is_rat
0000b248     2c9 (0000b240)     _Is_max
0000b24a     2c9 (0000b240)     _Is_mag
0000b24c     2c9 (0000b240)     _LPF_Ia
0000b24e     2c9 (0000b240)     _Is_mag_rms
0000b250     2c9 (0000b240)     _sgn_I_QS
0000b252     2c9 (0000b240)     _prev_I_QS
0000b254     2c9 (0000b240)     _I_DS0
0000b256     2c9 (0000b240)     _I_DS0_0
0000b258     2c9 (0000b240)     _I_DS_err
0000b25a     2c9 (0000b240)     _Is_Leq_Req
0000b25c     2c9 (0000b240)     _Vs_rat
0000b25e     2c9 (0000b240)     _Vdc
0000b260     2c9 (0000b240)     _Vs_ref
0000b262     2c9 (0000b240)     _sensVdc
0000b264     2c9 (0000b240)     _Vdc_factor
0000b266     2c9 (0000b240)     _Vdc_calc_offset
0000b268     2c9 (0000b240)     _Vs_Coeff_Leq_Req
0000b26a     2c9 (0000b240)     _Vs_max
0000b26c     2c9 (0000b240)     _Vo
0000b26e     2c9 (0000b240)     _Vs_max_FW
0000b270     2c9 (0000b240)     _Vs_IR_comp
0000b272     2c9 (0000b240)     _del_Vs_comp
0000b274     2c9 (0000b240)     _Te_rat
0000b276     2c9 (0000b240)     _inv_Te_rat
0000b278     2c9 (0000b240)     _Kt
0000b27a     2c9 (0000b240)     _inv_Kt
0000b27c     2c9 (0000b240)     _S_lin
0000b27e     2c9 (0000b240)     _S_rat

0000b280     2ca (0000b280)     _Pf
0000b282     2ca (0000b280)     _Slip
0000b284     2ca (0000b280)     _Power_core
0000b286     2ca (0000b280)     _Power_core_rat
0000b288     2ca (0000b280)     _Power_gap
0000b28a     2ca (0000b280)     _Re_Power
0000b28c     2ca (0000b280)     _Im_Power
0000b28e     2ca (0000b280)     _P_total
0000b290     2ca (0000b280)     _Te_max
0000b292     2ca (0000b280)     _Te_ref
0000b294     2ca (0000b280)     _Te
0000b296     2ca (0000b280)     _LPF_Te
0000b298     2ca (0000b280)     _Max_Trq_Coeff
0000b29a     2ca (0000b280)     _Fs_rat
0000b29c     2ca (0000b280)     _Fs_ref
0000b29e     2ca (0000b280)     _Fs_ref0
0000b2a0     2ca (0000b280)     _inv_Fs_ref
0000b2a2     2ca (0000b280)     _Fs
0000b2a4     2ca (0000b280)     _inv_Fs
0000b2a6     2ca (0000b280)     _Fs1
0000b2a8     2ca (0000b280)     _Fr
0000b2aa     2ca (0000b280)     _inv_Fr
0000b2ac     2ca (0000b280)     _Fr_ref
0000b2ae     2ca (0000b280)     _inv_Fr_ref
0000b2b0     2ca (0000b280)     _Fr_ref0
0000b2b2     2ca (0000b280)     _Fr_Err
0000b2b4     2ca (0000b280)     _Fr_ErrInt
0000b2b6     2ca (0000b280)     _C_ce_nF
0000b2b8     2ca (0000b280)     _C_ce
0000b2ba     2ca (0000b280)     _inv_C_ce
0000b2bc     2ca (0000b280)     _inv_motor_rat_hz
0000b2be     2ca (0000b280)     _Fr_rat

0000b2c0     2cb (0000b2c0)     _sigma
0000b2c2     2cb (0000b2c0)     _sigma_Ls
0000b2c4     2cb (0000b2c0)     _SlipCoeff
0000b2c6     2cb (0000b2c0)     _inv_sigma_Tr
0000b2c8     2cb (0000b2c0)     _sigma_Tr
0000b2ca     2cb (0000b2c0)     _sigma_minus_1_div_sigma_Ls
0000b2cc     2cb (0000b2c0)     _inv_sigma_Ls
0000b2ce     2cb (0000b2c0)     _inv_Ls
0000b2d0     2cb (0000b2c0)     _Tr
0000b2d2     2cb (0000b2c0)     _inv_Tr
0000b2d4     2cb (0000b2c0)     _inv_Ls_plus_sigma_Ls
0000b2d6     2cb (0000b2c0)     _sigma_Ls_div_1_plus_sigma
0000b2d8     2cb (0000b2c0)     _Lm_div_Lr
0000b2da     2cb (0000b2c0)     _Lr_div_Lm
0000b2dc     2cb (0000b2c0)     _wn_wr
0000b2de     2cb (0000b2c0)     _I_QS_rat
0000b2e0     2cb (0000b2c0)     _inv_I_QS_rat
0000b2e2     2cb (0000b2c0)     _Kp_wr
0000b2e4     2cb (0000b2c0)     _Ki_wr
0000b2e6     2cb (0000b2c0)     _Fs_B
0000b2e8     2cb (0000b2c0)     _inv_Fs_B
0000b2ea     2cb (0000b2c0)     _wr_FilterPole
0000b2ec     2cb (0000b2c0)     _Req
0000b2ee     2cb (0000b2c0)     _Leq
0000b2f0     2cb (0000b2c0)     _LPF_Is
0000b2f2     2cb (0000b2c0)     _LPF_Is_Square
0000b2f4     2cb (0000b2c0)     _LPF_Vs_Square
0000b2f6     2cb (0000b2c0)     _LPF_Re_Power
0000b2f8     2cb (0000b2c0)     _gdouSciCmdData
0000b2fa     2cb (0000b2c0)     _lpfIa
0000b2fc     2cb (0000b2c0)     _lpfIb
0000b2fe     2cb (0000b2c0)     _lpfIrmsCutOffRreq

0000b300     2cc (0000b300)     _lpfVdc
0000b302     2cc (0000b300)     _lpfVdcCutoffFreq
0000b304     2cc (0000b300)     _codeMotorDirection
0000b306     2cc (0000b300)     _codeAccelTime1
0000b308     2cc (0000b300)     _codeDecelTime1
0000b30a     2cc (0000b300)     _codeMotorCtrlMode
0000b30c     2cc (0000b300)     _codeSpeed1
0000b30e     2cc (0000b300)     _codeSpeed2
0000b310     2cc (0000b300)     _codeSetVdc
0000b312     2cc (0000b300)     _codeProtectOff
0000b314     2cc (0000b300)     _codePwmFreq
0000b316     2cc (0000b300)     _codeRatePower
0000b318     2cc (0000b300)     _codeRateCurrent
0000b31a     2cc (0000b300)     _codeRateRpm
0000b31c     2cc (0000b300)     _codeRateEffiency
0000b31e     2cc (0000b300)     _codeRateHz
0000b320     2cc (0000b300)     _codeRateVolt
0000b322     2cc (0000b300)     _codeMotorPole
0000b324     2cc (0000b300)     _codePresSensRef
0000b326     2cc (0000b300)     _codeIaOffset
0000b328     2cc (0000b300)     _codeIbOffset
0000b32a     2cc (0000b300)     _I_sense_value
0000b32c     2cc (0000b300)     _u_phase_I_sense_span
0000b32e     2cc (0000b300)     _v_phase_I_sense_span
0000b330     2cc (0000b300)     _vdc_sense_zero
0000b332     2cc (0000b300)     _vdc_sense_span
0000b334     2cc (0000b300)     _code_adc_Vdc_low
0000b336     2cc (0000b300)     _code_adc_Vdc_high
0000b338     2cc (0000b300)     _code_Vdc_calc_low
0000b33a     2cc (0000b300)     _code_Vdc_calc_high
0000b33c     2cc (0000b300)     _VF_DeadTimeGain
0000b33e     2cc (0000b300)     _VF_ExcitationTime

0000b340     2cd (0000b340)     _VF_Fs_Coeff
0000b342     2cd (0000b340)     _VF_Freq_TrqBoost
0000b344     2cd (0000b340)     _VF_Vs_Coeff_TrqBoost
0000b346     2cd (0000b340)     _VF_Rs_ThermalCoeff
0000b348     2cd (0000b340)     _VF_IR_Comp_FilterPole
0000b34a     2cd (0000b340)     _VF_Slip_Comp_FilterPole
0000b34c     2cd (0000b340)     _VF_Rs
0000b34e     2cd (0000b340)     _code_wattHour
0000b350     2cd (0000b340)     _code_kWattHour
0000b352     2cd (0000b340)     _codeScopeLoopCount
0000b354     2cd (0000b340)     _codeScopePointCh1
0000b356     2cd (0000b340)     _codeScopeScaleCh1
0000b358     2cd (0000b340)     _codeScopeOffsetCh1
0000b35a     2cd (0000b340)     _codeScopePointCh2
0000b35c     2cd (0000b340)     _codeScopeScaleCh2
0000b35e     2cd (0000b340)     _codeScopeOffsetCh2
0000b360     2cd (0000b340)     _codeScopePointCh3
0000b362     2cd (0000b340)     _codeScopeScaleCh3
0000b364     2cd (0000b340)     _codeScopeOffsetCh3
0000b366     2cd (0000b340)     _codeScopePointCh4
0000b368     2cd (0000b340)     _codeScopeScaleCh4
0000b36a     2cd (0000b340)     _codeScopeOffsetCh4
0000b36c     2cd (0000b340)     _invCodeScopeScaleCh1
0000b36e     2cd (0000b340)     _invCodeScopeScaleCh2
0000b370     2cd (0000b340)     _invCodeScopeScaleCh3
0000b372     2cd (0000b340)     _invCodeScopeScaleCh4
0000b374     2cd (0000b340)     _over_speed_level
0000b376     2cd (0000b340)     _e_thermal_level
0000b378     2cd (0000b340)     _pre_charge_time
0000b37a     2cd (0000b340)     _over_I_time
0000b37c     2cd (0000b340)     _code_Vdc_scaler
0000b37e     2cd (0000b340)     _code_Vdc_offseter

0000b380     2ce (0000b380)     _Data_Check
0000b382     2ce (0000b380)     _Data_Backup
0000b384     2ce (0000b380)     _Data_Load
0000b386     2ce (0000b380)     _Data_Init
0000b388     2ce (0000b380)     _code_inform

0000b3c0     2cf (0000b3c0)     _TripInfo

0000b400     2d0 (0000b400)     _TripInfoNow
0000b434     2d0 (0000b400)     _scia_rx_start_addr
0000b435     2d0 (0000b400)     _scia_rx_end_addr
0000b436     2d0 (0000b400)     _sciRxPoint
0000b43e     2d0 (0000b400)     __lock

0000b440     2d1 (0000b440)     _scopePoint

0000b480     2d2 (0000b480)     _gStr1
0000b4b2     2d2 (0000b480)     _lpfIrmsK
0000b4ba     2d2 (0000b480)     _DutyRatio

0000b4c0     2d3 (0000b4c0)     _CpuTimer0
0000b4c8     2d3 (0000b4c0)     _CpuTimer1
0000b4d0     2d3 (0000b4c0)     _CpuTimer2
0000b4d8     2d3 (0000b4c0)     _lpfVdcK
0000b4e0     2d3 (0000b4c0)     _Is_abc
0000b4e6     2d3 (0000b4c0)     _Vs_abc
0000b4ec     2d3 (0000b4c0)     _Vs_abc_ref
0000b4f2     2d3 (0000b4c0)     _adc_result
0000b4f8     2d3 (0000b4c0)     _lpfIaIn
0000b4fe     2d3 (0000b4c0)     __unlock

0000b500     2d4 (0000b500)     _lpfIaOut
0000b506     2d4 (0000b500)     _lpfIbIn
0000b50c     2d4 (0000b500)     _lpfIbOut
0000b512     2d4 (0000b500)     _lpfVdcIn
0000b518     2d4 (0000b500)     _lpfVdcOut
0000b51e     2d4 (0000b500)     _sgn_Is
0000b524     2d4 (0000b500)     ___TI_enable_exit_profile_output
0000b526     2d4 (0000b500)     ___TI_cleanup_ptr
0000b528     2d4 (0000b500)     ___TI_dtors_ptr
0000b52a     2d4 (0000b500)     _Dd
0000b52c     2d4 (0000b500)     _T_d
0000b52e     2d4 (0000b500)     _delta_Tc
0000b530     2d4 (0000b500)     _Fs_dq
0000b534     2d4 (0000b500)     _Is_DQ
0000b538     2d4 (0000b500)     _Is_DQ_ErrInt
0000b53c     2d4 (0000b500)     _Is_DQ_max

0000b540     2d5 (0000b540)     _Is_DQ_ref
0000b544     2d5 (0000b540)     _Is_dq
0000b548     2d5 (0000b540)     _Is_dq_ErrInt
0000b54c     2d5 (0000b540)     _Is_dq_ref
0000b550     2d5 (0000b540)     _Us_dq
0000b554     2d5 (0000b540)     _Vs_DQ
0000b558     2d5 (0000b540)     _Vs_DQ_comp
0000b55c     2d5 (0000b540)     _Vs_DQ_max
0000b560     2d5 (0000b540)     _Vs_DQ_ref
0000b564     2d5 (0000b540)     _Vs_DQ_ref_P
0000b568     2d5 (0000b540)     _Vs_DQ_ref_PI
0000b56c     2d5 (0000b540)     _Vs_dq
0000b570     2d5 (0000b540)     _Vs_dq_ref
0000b57f     2d5 (0000b540)     _errno

0000c000     300 (0000c000)     __sys_memory

003d7e80    f5fa (003d7e80)     _PartIdRegs

003f4802    fd20 (003f4800)     __ctypes_

003f4904    fd24 (003f4900)     _PieVectTableInit

003f7ff8    fdff (003f7fc0)     _CsmPwl


GLOBAL SYMBOLS: SORTED ALPHABETICALLY BY Name 

page  address   name                            
----  -------   ----                            
0     003d8000  .text                           
0     003dda4b  C$$EXIT                         
0     003dd3b8  FD$$ADD                         
0     003dd9f7  FD$$CMP                         
0     003dd454  FD$$DIV                         
0     003dd567  FD$$MPY                         
0     003ddcfb  FD$$NEG                         
0     003ddccb  FD$$SUB                         
0     003ddb54  FD$$TOI                         
0     003ddb96  FD$$TOL                         
0     003dd4df  FS$$DIV                         
0     003ddc0d  FS$$TOFD                        
0     003ddb32  I$$DIV                          
0     003ddb43  I$$MOD                          
0     003ddbd3  I$$TOFD                         
0     003dda21  L$$DIV                          
0     003dda30  L$$MOD                          
0     003ddc29  L$$TOFD                         
0     003ddc79  LL$$AND                         
0     003ddbb5  LL$$CMP                         
0     003dcf50  LL$$DIV                         
0     003dcf8c  LL$$MOD                         
0     003ddc81  LL$$OR                          
0     003ddc89  LL$$XOR                         
0     003dda3e  UL$$DIV                         
0     003dda45  UL$$MOD                         
0     003ddbc7  ULL$$CMP                        
0     003dcfc6  ULL$$DIV                        
0     003dcff5  ULL$$MOD                        
0     003dadde  _ADCINT1_ISR                    
0     003dade8  _ADCINT2_ISR                    
0     003daff0  _ADCINT3_ISR                    
0     003daffa  _ADCINT4_ISR                    
0     003db004  _ADCINT5_ISR                    
0     003db00e  _ADCINT6_ISR                    
0     003db018  _ADCINT7_ISR                    
0     003db022  _ADCINT8_ISR                    
0     003dae06  _ADCINT9_ISR                    
0     003dd5ea  _ADC_SOC_CNF                    
0     003dbf49  _AdcChanSelect                  
0     003dbfbe  _AdcConversion                  
0     003dbf22  _AdcOffsetSelfCal               
1     00007100  _AdcRegs                        
1     00000b00  _AdcResult                      
1     0000b1ca  _AnaCmdReference                
1     0000b199  _AutoTuningFlag                 
0     003db02c  _CLA1_INT1_ISR                  
0     003db036  _CLA1_INT2_ISR                  
0     003db040  _CLA1_INT3_ISR                  
0     003db04a  _CLA1_INT4_ISR                  
0     003db054  _CLA1_INT5_ISR                  
0     003db05e  _CLA1_INT6_ISR                  
0     003db068  _CLA1_INT7_ISR                  
0     003db072  _CLA1_INT8_ISR                  
1     0000b2b8  _C_ce                           
1     0000b2b6  _C_ce_nF                        
0     003da58c  _CheckIGBTFault                 
0     003da4d6  _CheckOverCurrent               
0     003da59c  _CheckOverHeat                  
0     003da542  _CheckOverVolt                  
0     003d9481  _CheckSum                       
0     003da567  _CheckUndeVolt                  
1     00001400  _Cla1Regs                       
0     003da771  _ClearTripDataToEeprom          
1     00006400  _Comp1Regs                      
1     00006420  _Comp2Regs                      
1     00006440  _Comp3Regs                      
0     003dd69c  _ConfigCpuTimer                 
1     0000b238  _CosDeltaTheta                  
1     0000b230  _CosTheta                       
1     0000b234  _CosTheta1                      
1     0000b4c0  _CpuTimer0                      
1     00000c00  _CpuTimer0Regs                  
1     0000b4c8  _CpuTimer1                      
1     00000c08  _CpuTimer1Regs                  
1     0000b4d0  _CpuTimer2                      
1     00000c10  _CpuTimer2Regs                  
1     003f7ff8  _CsmPwl                         
1     00000ae0  _CsmRegs                        
0     003dcaa9  _CsmUnlock                      
0     003dad34  _DATALOG_ISR                    
0     003daf64  _DINTCH1_ISR                    
0     003daf6e  _DINTCH2_ISR                    
0     003daf78  _DINTCH3_ISR                    
0     003daf82  _DINTCH4_ISR                    
0     003daf8c  _DINTCH5_ISR                    
0     003daf96  _DINTCH6_ISR                    
0     0000801b  _DSP28x_usDelay                 
1     0000b382  _Data_Backup                    
1     0000b380  _Data_Check                     
1     0000b386  _Data_Init                      
1     0000b384  _Data_Load                      
1     0000b52a  _Dd                             
1     0000b1d0  _DecRef                         
1     0000b23e  _DeltaLambda                    
1     0000b240  _DeltaTheta                     
1     0000b222  _Delta_wr                       
1     0000b220  _Delta_wr_Filter_Pole           
1     00000880  _DevEmuRegs                     
0     003dc9c8  _DisableDog                     
1     00001000  _DmaRegs                        
1     0000b17d  _DutyCount                      
1     0000b4ba  _DutyRatio                      
0     003dafdc  _ECAN0INTA_ISR                  
0     003dafe6  _ECAN1INTA_ISR                  
0     003daec4  _ECAP1_INT_ISR                  
0     003daece  _ECAP2_INT_ISR                  
0     003daed8  _ECAP3_INT_ISR                  
1     00006040  _ECanaLAMRegs                   
1     000060c0  _ECanaMOTORegs                  
1     00006080  _ECanaMOTSRegs                  
1     00006100  _ECanaMboxes                    
1     00006000  _ECanaRegs                      
1     00006a00  _ECap1Regs                      
1     00006a20  _ECap2Regs                      
1     00006a40  _ECap3Regs                      
0     003db09a  _EMPTY_ISR                      
0     003dad48  _EMUINT_ISR                     
0     003dae74  _EPWM1_INT_ISR                  
0     003dae24  _EPWM1_TZINT_ISR                
0     003dae7e  _EPWM2_INT_ISR                  
0     003dae2e  _EPWM2_TZINT_ISR                
0     003dae88  _EPWM3_INT_ISR                  
0     003dae38  _EPWM3_TZINT_ISR                
0     003dae92  _EPWM4_INT_ISR                  
0     003dae42  _EPWM4_TZINT_ISR                
0     003dae9c  _EPWM5_INT_ISR                  
0     003dae4c  _EPWM5_TZINT_ISR                
0     003daea6  _EPWM6_INT_ISR                  
0     003dae56  _EPWM6_TZINT_ISR                
0     003daeb0  _EPWM7_INT_ISR                  
0     003dae60  _EPWM7_TZINT_ISR                
0     003daeba  _EPWM8_INT_ISR                  
0     003dae6a  _EPWM8_TZINT_ISR                
1     00006800  _EPwm1Regs                      
1     00006840  _EPwm2Regs                      
1     00006880  _EPwm3Regs                      
1     000068c0  _EPwm4Regs                      
1     00006900  _EPwm5Regs                      
1     00006940  _EPwm6Regs                      
1     00006980  _EPwm7Regs                      
1     000069c0  _EPwm8Regs                      
0     003daef6  _EQEP1_INT_ISR                  
0     003daf00  _EQEP2_INT_ISR                  
1     00006b00  _EQep1Regs                      
1     00006b40  _EQep2Regs                      
1     0000b18e  _EepromSaveFlag                 
1     00000d01  _EmuBMode                       
1     00000d00  _EmuKey                         
0     003dda93  _EnableInterrupts               
0     003dcb20  _ExtOscSel                      
1     0000b18d  _Flag_TripDataBackup            
1     00000a80  _FlashRegs                      
1     00000d04  _Flash_CPUScaleFactor           
1     00000d02  _Flash_CallbackPtr              
1     0000b2a8  _Fr                             
1     0000b2b2  _Fr_Err                         
1     0000b2b4  _Fr_ErrInt                      
1     0000b2be  _Fr_rat                         
1     0000b2ac  _Fr_ref                         
1     0000b2b0  _Fr_ref0                        
1     0000b1f0  _Freq_out                       
1     0000b1e4  _Freq_rat                       
1     0000b1ea  _Freq_ref                       
1     0000b1ec  _Freq_set                       
1     0000b1f4  _Freq_slip                      
1     0000b1f2  _Freq_slip_rat                  
1     0000b2a2  _Fs                             
1     0000b2a6  _Fs1                            
1     0000b2e6  _Fs_B                           
1     0000b530  _Fs_dq                          
1     0000b29a  _Fs_rat                         
1     0000b29c  _Fs_ref                         
1     0000b29e  _Fs_ref0                        
1     0000b1d4  _GainUpdateTimer                
0     003da5d4  _GetTripInfo                    
1     00006f80  _GpioCtrlRegs                   
1     00006fc0  _GpioDataRegs                   
1     00006fe0  _GpioIntRegs                    
0     003daee2  _HRCAP1_INT_ISR                 
0     003daeec  _HRCAP2_INT_ISR                 
0     003daf0a  _HRCAP3_INT_ISR                 
0     003daf14  _HRCAP4_INT_ISR                 
1     00006ac0  _HRCap1Regs                     
1     00006ae0  _HRCap2Regs                     
1     00006c80  _HRCap3Regs                     
1     00006ca0  _HRCap4Regs                     
0     003dc4c2  _HardwareParameterVerification  
0     003dc30e  _I2CA_Init                      
0     003dc34e  _I2CA_ReadData                  
0     003dc320  _I2CA_WriteData                 
0     003dafa0  _I2CINT1A_ISR                   
0     003dafaa  _I2CINT2A_ISR                   
1     00007900  _I2caRegs                       
0     003dad5c  _ILLEGAL_ISR                    
0     003dad20  _INT13_ISR                      
0     003dad2a  _INT14_ISR                      
1     0000b254  _I_DS0                          
1     0000b256  _I_DS0_0                        
1     0000b258  _I_DS_err                       
1     0000b2de  _I_QS_rat                       
1     0000b32a  _I_sense_value                  
1     0000b28c  _Im_Power                       
1     0000b1ce  _IncRef                         
1     0000b1cc  _IncScanRef                     
0     003dbed5  _InitAdc                        
0     003dbf00  _InitAdcAio                     
0     003dd661  _InitCpuTimers                  
0     003db8ea  _InitEPwm_ACIM_Inverter         
0     00008000  _InitFlash                      
0     003dbcd4  _InitGpio                       
0     003dca53  _InitPeripheralClocks           
0     003dda74  _InitPieCtrl                    
0     003ddac3  _InitPieVectTable               
0     003dc9d0  _InitPll                        
0     003dca25  _InitPll2                       
0     003dc9a4  _InitSysCtrl                    
0     003db9fd  _InitWatchDog                   
0     003dcada  _IntOsc1Sel                     
0     003dcaea  _IntOsc2Sel                     
1     0000b534  _Is_DQ                          
1     0000b538  _Is_DQ_ErrInt                   
1     0000b53c  _Is_DQ_max                      
1     0000b540  _Is_DQ_ref                      
1     0000b25a  _Is_Leq_Req                     
1     0000b4e0  _Is_abc                         
1     0000b544  _Is_dq                          
1     0000b548  _Is_dq_ErrInt                   
1     0000b54c  _Is_dq_ref                      
1     0000b24a  _Is_mag                         
1     0000b24e  _Is_mag_rms                     
1     0000b248  _Is_max                         
1     0000b244  _Is_rat                         
1     0000b2e4  _Ki_wr                          
1     0000b2e2  _Kp_wr                          
1     0000b278  _Kt                             
0     003dce10  _LPF1                           
1     0000b24c  _LPF_Ia                         
1     0000b2f0  _LPF_Is                         
1     0000b2f2  _LPF_Is_Square                  
1     0000b2f6  _LPF_Re_Power                   
1     0000b296  _LPF_Te                         
1     0000b2f4  _LPF_Vs_Square                  
0     003db090  _LUF_ISR                        
0     003db086  _LVF_ISR                        
1     0000b2ee  _Leq                            
1     0000b2d8  _Lm_div_Lr                      
1     0000b2da  _Lr_div_Lm                      
1     0000b195  _MAX_PWM_CNT                    
0     003daf50  _MRINTA_ISR                     
0     003daf5a  _MXINTA_ISR                     
0     003dc66e  _MainPWM                        
1     0000b298  _Max_Trq_Coeff                  
1     00005000  _McbspaRegs                     
1     0000b150  _MonitorMsg                     
0     003ddb75  _MotorControlProc               
0     003dad52  _NMI_ISR                        
1     00007060  _NmiIntruptRegs                 
0     003dce6a  _Nop                            
1     0000b242  _OverCurLimit                   
0     003db0a7  _PIE_RESERVED                   
0     003dce6d  _PI_Damp_Controller             
1     0000b1e0  _P_pair                         
1     0000b28e  _P_total                        
1     003d7e80  _PartIdRegs                     
1     0000b280  _Pf                             
1     00000ce0  _PieCtrlRegs                    
1     00000d00  _PieVectTable                   
0     003f4904  _PieVectTableInit               
0     003dcecc  _PowerOnReset                   
1     0000b284  _Power_core                     
1     0000b286  _Power_core_rat                 
1     0000b288  _Power_gap                      
0     003dad3e  _RTOSINT_ISR                    
0     003f001f  _RamfuncsLoadEnd                
abs   0000001f  _RamfuncsLoadSize               
0     003f0000  _RamfuncsLoadStart              
0     00008000  _RamfuncsRunStart               
1     0000b28a  _Re_Power                       
0     003da6da  _ReadTripString                 
0     003dcd4f  _RefFunc                        
1     0000b2ec  _Req                            
0     003dafb4  _SCIRXINTA_ISR                  
0     003dafc8  _SCIRXINTB_ISR                  
0     003dafbe  _SCITXINTA_ISR                  
0     003dafd2  _SCITXINTB_ISR                  
0     003daf28  _SPIRXINTA_ISR                  
0     003daf3c  _SPIRXINTB_ISR                  
0     003daf32  _SPITXINTA_ISR                  
0     003daf46  _SPITXINTB_ISR                  
1     0000b27c  _S_lin                          
1     0000b27e  _S_rat                          
0     003d9483  _SaveDataProc                   
0     003da701  _SaveTripDataToEeprom           
1     00007050  _SciaRegs                       
1     00007750  _ScibRegs                       
0     003dc9be  _ServiceDog                     
0     003dcecb  _SetSensorOffset                
1     0000b23a  _SinCosDeltaTheta               
1     0000b236  _SinDeltaTheta                  
1     0000b22e  _SinTheta                       
1     0000b232  _SinTheta1                      
1     0000b282  _Slip                           
1     0000b2c4  _SlipCoeff                      
0     003db0bb  _SpaceVectorModulation          
1     00007040  _SpiaRegs                       
1     00007740  _SpibRegs                       
1     00007010  _SysCtrlRegs                    
1     00000985  _SysPwrCtrlRegs                 
0     003dae10  _TINT0_ISR                      
1     0000b52c  _T_d                            
1     0000b294  _Te                             
1     0000b290  _Te_max                         
1     0000b274  _Te_rat                         
1     0000b292  _Te_ref                         
1     0000b2d0  _Tr                             
1     0000b3c0  _TripInfo                       
1     0000b400  _TripInfoNow                    
1     0000b1d6  _Ts                             
0     003daf1e  _USB0_INT_ISR                   
0     003dadc0  _USER10_ISR                     
0     003dadca  _USER11_ISR                     
0     003dadd4  _USER12_ISR                     
0     003dad66  _USER1_ISR                      
0     003dad70  _USER2_ISR                      
0     003dad7a  _USER3_ISR                      
0     003dad84  _USER4_ISR                      
0     003dad8e  _USER5_ISR                      
0     003dad98  _USER6_ISR                      
0     003dada2  _USER7_ISR                      
0     003dadac  _USER8_ISR                      
0     003dadb6  _USER9_ISR                      
1     0000b550  _Us_dq                          
1     00004000  _Usb0Regs                       
1     0000b33c  _VF_DeadTimeGain                
1     0000b33e  _VF_ExcitationTime              
1     0000b342  _VF_Freq_TrqBoost               
1     0000b340  _VF_Fs_Coeff                    
1     0000b348  _VF_IR_Comp_FilterPole          
1     0000b34c  _VF_Rs                          
1     0000b346  _VF_Rs_ThermalCoeff             
1     0000b34a  _VF_Slip_Comp_FilterPole        
1     0000b344  _VF_Vs_Coeff_TrqBoost           
1     0000b25e  _Vdc                            
1     0000b266  _Vdc_calc_offset                
1     0000b264  _Vdc_factor                     
1     0000b26c  _Vo                             
0     003db325  _VoltageEstimation              
1     0000b268  _Vs_Coeff_Leq_Req               
1     0000b554  _Vs_DQ                          
1     0000b558  _Vs_DQ_comp                     
1     0000b55c  _Vs_DQ_max                      
1     0000b560  _Vs_DQ_ref                      
1     0000b564  _Vs_DQ_ref_P                    
1     0000b568  _Vs_DQ_ref_PI                   
1     0000b270  _Vs_IR_comp                     
1     0000b4e6  _Vs_abc                         
1     0000b4ec  _Vs_abc_ref                     
1     0000b56c  _Vs_dq                          
1     0000b570  _Vs_dq_ref                      
1     0000b26a  _Vs_max                         
1     0000b26e  _Vs_max_FW                      
1     0000b25c  _Vs_rat                         
1     0000b260  _Vs_ref                         
0     003dae1a  _WAKEINT_ISR                    
0     003da6a4  _WriteTripString                
0     003dadf2  _XINT1_ISR                      
0     003dadfc  _XINT2_ISR                      
0     003db07c  _XINT3_ISR                      
1     00007070  _XIntruptRegs                   
0     003dcb04  _XtalOscSel                     
1     00009800  __STACK_END                     
abs   00000800  __STACK_SIZE                    
abs   00000400  __SYSMEM_SIZE                   
1     0000b526  ___TI_cleanup_ptr               
1     0000b528  ___TI_dtors_ptr                 
1     0000b524  ___TI_enable_exit_profile_output
0     003dbc7b  ___TI_heap_check                
0     003dbc5e  ___TI_heap_largest_available    
0     003dbc41  ___TI_heap_total_available      
abs   ffffffff  ___TI_pprof_out_hndl            
0     003d8b52  ___TI_printfi                   
abs   ffffffff  ___TI_prof_data_size            
abs   ffffffff  ___TI_prof_data_start           
abs   ffffffff  ___binit__                      
abs   ffffffff  ___c_args__                     
0     003f4b78  ___cinit__                      
0     003ddd30  ___etext__                      
abs   ffffffff  ___pinit__                      
0     003d8000  ___text__                       
0     003ddc60  __args_main                     
0     003f4802  __ctypes_                       
1     0000b43e  __lock                          
0     003ddcfa  __nop                           
0     003ddcf6  __register_lock                 
0     003ddcf2  __register_unlock               
1     00009000  __stack                         
1     0000c000  __sys_memory                    
0     003ddd2f  __system_post_cinit             
0     003ddd2d  __system_pre_init               
1     0000b4fe  __unlock                        
0     003dda4b  _abort                          
1     0000b1aa  _adcCmdAnalog                   
1     0000b1a9  _adcExSensor                    
1     0000b1a5  _adcIa                          
1     0000b1a6  _adcIb                          
1     0000b1a8  _adcIgbtTemperature             
0     003dc811  _adcIsr                         
1     0000b1a7  _adcVdc                         
1     0000b4f2  _adc_result                     
0     003dbbac  _aligned_alloc                  
0     003dcf1a  _analog_cmd_proc                
0     003dd64b  _analog_out_proc                
1     0000b1c8  _analog_ref                     
0     003ddd29  _atof                           
0     003dd996  _atoi                           
0     003d9449  _backup_data_load               
0     003dd8f8  _c_int00                        
0     003dbb85  _calloc                         
0     003d93ec  _check_backup_data              
0     003dc41d  _check_code_data                
0     003dd64c  _check_sensor_trip              
1     0000b306  _codeAccelTime1                 
1     0000b308  _codeDecelTime1                 
1     0000b326  _codeIaOffset                   
1     0000b328  _codeIbOffset                   
1     0000b30a  _codeMotorCtrlMode              
1     0000b304  _codeMotorDirection             
1     0000b322  _codeMotorPole                  
1     0000b324  _codePresSensRef                
1     0000b312  _codeProtectOff                 
1     0000b314  _codePwmFreq                    
1     0000b318  _codeRateCurrent                
1     0000b31c  _codeRateEffiency               
1     0000b31e  _codeRateHz                     
1     0000b316  _codeRatePower                  
1     0000b31a  _codeRateRpm                    
1     0000b320  _codeRateVolt                   
1     0000b352  _codeScopeLoopCount             
1     0000b358  _codeScopeOffsetCh1             
1     0000b35e  _codeScopeOffsetCh2             
1     0000b364  _codeScopeOffsetCh3             
1     0000b36a  _codeScopeOffsetCh4             
1     0000b354  _codeScopePointCh1              
1     0000b35a  _codeScopePointCh2              
1     0000b360  _codeScopePointCh3              
1     0000b366  _codeScopePointCh4              
1     0000b356  _codeScopeScaleCh1              
1     0000b35c  _codeScopeScaleCh2              
1     0000b362  _codeScopeScaleCh3              
1     0000b368  _codeScopeScaleCh4              
[...]
1     00000b00  _AdcResult                      
1     00000c00  _CpuTimer0Regs                  
1     00000c08  _CpuTimer1Regs                  
1     00000c10  _CpuTimer2Regs                  
1     00000ce0  _PieCtrlRegs                    
1     00000d00  _EmuKey                         
1     00000d00  _PieVectTable                   
1     00000d01  _EmuBMode                       
1     00000d02  _Flash_CallbackPtr              
1     00000d04  _Flash_CPUScaleFactor           
1     00001000  _DmaRegs                        
1     00001400  _Cla1Regs                       
1     00004000  _Usb0Regs                       
1     00005000  _McbspaRegs                     
1     00006000  _ECanaRegs                      
1     00006040  _ECanaLAMRegs                   
1     00006080  _ECanaMOTSRegs                  
1     000060c0  _ECanaMOTORegs                  
1     00006100  _ECanaMboxes                    
1     00006400  _Comp1Regs                      
1     00006420  _Comp2Regs                      
1     00006440  _Comp3Regs                      
1     00006800  _EPwm1Regs                      
1     00006840  _EPwm2Regs                      
1     00006880  _EPwm3Regs                      
1     000068c0  _EPwm4Regs                      
1     00006900  _EPwm5Regs                      
1     00006940  _EPwm6Regs                      
1     00006980  _EPwm7Regs                      
1     000069c0  _EPwm8Regs                      
1     00006a00  _ECap1Regs                      
1     00006a20  _ECap2Regs                      
1     00006a40  _ECap3Regs                      
1     00006ac0  _HRCap1Regs                     
1     00006ae0  _HRCap2Regs                     
1     00006b00  _EQep1Regs                      
1     00006b40  _EQep2Regs                      
1     00006c80  _HRCap3Regs                     
1     00006ca0  _HRCap4Regs                     
1     00006f80  _GpioCtrlRegs                   
1     00006fc0  _GpioDataRegs                   
1     00006fe0  _GpioIntRegs                    
1     00007010  _SysCtrlRegs                    
1     00007040  _SpiaRegs                       
1     00007050  _SciaRegs                       
1     00007060  _NmiIntruptRegs                 
1     00007070  _XIntruptRegs                   
1     00007100  _AdcRegs                        
1     00007740  _SpibRegs                       
1     00007750  _ScibRegs                       
1     00007900  _I2caRegs                       
1     00009000  __stack                         
1     00009800  __STACK_END                     
1     0000a000  _scopeData                      
1     0000a960  _scia_rx_msg_box                
1     0000a980  _scia_tx_msg_box                
1     0000b150  _MonitorMsg                     
1     0000b169  _msg_box                        
1     0000b17d  _DutyCount                      
1     0000b180  _wattHour                       
1     0000b181  _kWattHour                      
1     0000b182  _lpfadcIa                       
1     0000b183  _lpfadcIb                       
1     0000b184  _protect_reg                    
1     0000b185  _relay_flag                     
1     0000b186  _terminal_input_state           
1     0000b187  _init_charge_flag               
1     0000b188  _gRunFlag                       
1     0000b189  _gTripFlag                      
1     0000b18a  _gTripSaveFlag                  
1     0000b18b  _gTripSavePoint                 
1     0000b18c  _gPWMTripCode                   
1     0000b18d  _Flag_TripDataBackup            
1     0000b18e  _EepromSaveFlag                 
1     0000b18f  _gMachineState                  
1     0000b190  _gControlMode                   
1     0000b191  _gDeChargeFlag                  
1     0000b192  _sendAdcDataFlag                
1     0000b193  _scopeCount                     
1     0000b194  _timer0_count                   
1     0000b195  _MAX_PWM_CNT                    
1     0000b196  _gStartInitFinish               
1     0000b197  _wr_ctrl_index                  
1     0000b198  _wr_CycleIndex                  
1     0000b199  _AutoTuningFlag                 
1     0000b19a  _scib_rx_msg_flag               
1     0000b19b  _scic_rx_msg_flag               
1     0000b19c  _scia_tx_start_addr             
1     0000b19d  _scia_tx_end_addr               
1     0000b19e  _scia_rx_msg_flag               
1     0000b19f  _gSciInFlag                     
1     0000b1a0  _gSciaTxInPoint                 
1     0000b1a1  _gSciaTxOutPoint                
1     0000b1a2  _gSciaTxEndFlag                 
1     0000b1a3  _giSciCmdFunction               
1     0000b1a4  _giSciCmdAddr                   
1     0000b1a5  _adcIa                          
1     0000b1a6  _adcIb                          
1     0000b1a7  _adcVdc                         
1     0000b1a8  _adcIgbtTemperature             
1     0000b1a9  _adcExSensor                    
1     0000b1aa  _adcCmdAnalog                   
1     0000b1ab  _scopeLoopCount                 
1     0000b1ac  _scopePointCh1                  
1     0000b1ad  _scopePointCh2                  
1     0000b1ae  _scopePointCh3                  
1     0000b1af  _scopePointCh4                  
1     0000b1b2  _windEnergy                     
1     0000b1b4  _exSensRef                      
1     0000b1b6  _dAdcIa                         
1     0000b1b8  _dAdcIb                         
1     0000b1ba  _dAdcVdc                        
1     0000b1bc  _dAdcTemp                       
1     0000b1be  _dAdcSens                       
1     0000b1c0  _dAdcCmd                        
1     0000b1c2  _func_flag                      
1     0000b1c4  _reference_in                   
1     0000b1c6  _reference_out                  
1     0000b1c8  _analog_ref                     
1     0000b1ca  _AnaCmdReference                
1     0000b1cc  _IncScanRef                     
1     0000b1ce  _IncRef                         
1     0000b1d0  _DecRef                         
1     0000b1d2  _inv_MAX_PWM_CNT                
1     0000b1d4  _GainUpdateTimer                
1     0000b1d6  _Ts                             
1     0000b1d8  _inv_Ts                         
1     0000b1da  _gfRunTime                      
1     0000b1dc  _ref_time                       
1     0000b1de  _gulStartCount                  
1     0000b1e0  _P_pair                         
1     0000b1e2  _inv_P_pair                     
1     0000b1e4  _Freq_rat                       
1     0000b1e6  _inv_Freq_rat                   
1     0000b1e8  _inv_motor_rate_hz              
1     0000b1ea  _Freq_ref                       
1     0000b1ec  _Freq_set                       
1     0000b1ee  _frequency                      
1     0000b1f0  _Freq_out                       
1     0000b1f2  _Freq_slip_rat                  
1     0000b1f4  _Freq_slip                      
1     0000b1f6  _rpmOut                         
1     0000b1f8  _rpm                            
1     0000b1fa  _rpm_ref                        
1     0000b1fc  _rpm_err                        
1     0000b1fe  _rpm_Coeff                      
1     0000b200  _rpm_m                          
1     0000b202  _we_rat                         
1     0000b204  _we                             
1     0000b206  _we0                            
1     0000b208  _we_in                          
1     0000b20a  _we_FW                          
1     0000b20c  _we_FW1                         
1     0000b20e  _wr                             
1     0000b210  _wr_rat                         
1     0000b212  _wr_ref                         
1     0000b214  _wr_ref0                        
1     0000b216  _wr_err                         
1     0000b218  _wr_ErrInt                      
1     0000b21a  _wr_Cycle                       
1     0000b21c  _w_sl                           
1     0000b21e  _w_sl0                          
1     0000b220  _Delta_wr_Filter_Pole           
1     0000b222  _Delta_wr                       
1     0000b224  _wm_rat                         
1     0000b226  _wr_m                           
1     0000b228  _wr_m0                          
1     0000b22a  _theta                          
1     0000b22c  _theta_m                        
1     0000b22e  _SinTheta                       
1     0000b230  _CosTheta                       
1     0000b232  _SinTheta1                      
1     0000b234  _CosTheta1                      
1     0000b236  _SinDeltaTheta                  
1     0000b238  _CosDeltaTheta                  
1     0000b23a  _SinCosDeltaTheta               
1     0000b23c  _inv_SinCosDeltaTheta           
1     0000b23e  _DeltaLambda                    
1     0000b240  _DeltaTheta                     
1     0000b242  _OverCurLimit                   
1     0000b244  _Is_rat                         
1     0000b246  _inv_Is_rat                     
1     0000b248  _Is_max                         
1     0000b24a  _Is_mag                         
1     0000b24c  _LPF_Ia                         
1     0000b24e  _Is_mag_rms                     
1     0000b250  _sgn_I_QS                       
1     0000b252  _prev_I_QS                      
1     0000b254  _I_DS0                          
1     0000b256  _I_DS0_0                        
1     0000b258  _I_DS_err                       
1     0000b25a  _Is_Leq_Req                     
1     0000b25c  _Vs_rat                         
1     0000b25e  _Vdc                            
1     0000b260  _Vs_ref                         
1     0000b262  _sensVdc                        
1     0000b264  _Vdc_factor                     
1     0000b266  _Vdc_calc_offset                
1     0000b268  _Vs_Coeff_Leq_Req               
1     0000b26a  _Vs_max                         
1     0000b26c  _Vo                             
1     0000b26e  _Vs_max_FW                      
1     0000b270  _Vs_IR_comp                     
1     0000b272  _del_Vs_comp                    
1     0000b274  _Te_rat                         
1     0000b276  _inv_Te_rat                     
1     0000b278  _Kt                             
1     0000b27a  _inv_Kt                         
1     0000b27c  _S_lin                          
1     0000b27e  _S_rat                          
1     0000b280  _Pf                             
1     0000b282  _Slip                           
1     0000b284  _Power_core                     
1     0000b286  _Power_core_rat                 
1     0000b288  _Power_gap                      
1     0000b28a  _Re_Power                       
1     0000b28c  _Im_Power                       
1     0000b28e  _P_total                        
1     0000b290  _Te_max                         
1     0000b292  _Te_ref                         
1     0000b294  _Te                             
1     0000b296  _LPF_Te                         
1     0000b298  _Max_Trq_Coeff                  
1     0000b29a  _Fs_rat                         
1     0000b29c  _Fs_ref                         
1     0000b29e  _Fs_ref0                        
1     0000b2a0  _inv_Fs_ref                     
1     0000b2a2  _Fs                             
1     0000b2a4  _inv_Fs                         
1     0000b2a6  _Fs1                            
1     0000b2a8  _Fr                             
1     0000b2aa  _inv_Fr                         
1     0000b2ac  _Fr_ref                         
1     0000b2ae  _inv_Fr_ref                     
1     0000b2b0  _Fr_ref0                        
1     0000b2b2  _Fr_Err                         
1     0000b2b4  _Fr_ErrInt                      
1     0000b2b6  _C_ce_nF                        
1     0000b2b8  _C_ce                           
1     0000b2ba  _inv_C_ce                       
1     0000b2bc  _inv_motor_rat_hz               
1     0000b2be  _Fr_rat                         
1     0000b2c0  _sigma                          
1     0000b2c2  _sigma_Ls                       
1     0000b2c4  _SlipCoeff                      
1     0000b2c6  _inv_sigma_Tr                   
1     0000b2c8  _sigma_Tr                       
1     0000b2ca  _sigma_minus_1_div_sigma_Ls     
1     0000b2cc  _inv_sigma_Ls                   
1     0000b2ce  _inv_Ls                         
1     0000b2d0  _Tr                             
1     0000b2d2  _inv_Tr                         
1     0000b2d4  _inv_Ls_plus_sigma_Ls           
1     0000b2d6  _sigma_Ls_div_1_plus_sigma      
1     0000b2d8  _Lm_div_Lr                      
1     0000b2da  _Lr_div_Lm                      
1     0000b2dc  _wn_wr                          
1     0000b2de  _I_QS_rat                       
1     0000b2e0  _inv_I_QS_rat                   
1     0000b2e2  _Kp_wr                          
1     0000b2e4  _Ki_wr                          
1     0000b2e6  _Fs_B                           
1     0000b2e8  _inv_Fs_B                       
1     0000b2ea  _wr_FilterPole                  
1     0000b2ec  _Req                            
1     0000b2ee  _Leq                            
1     0000b2f0  _LPF_Is                         
1     0000b2f2  _LPF_Is_Square                  
1     0000b2f4  _LPF_Vs_Square                  
1     0000b2f6  _LPF_Re_Power                   
1     0000b2f8  _gdouSciCmdData                 
1     0000b2fa  _lpfIa                          
1     0000b2fc  _lpfIb                          
1     0000b2fe  _lpfIrmsCutOffRreq              
1     0000b300  _lpfVdc                         
1     0000b302  _lpfVdcCutoffFreq               
1     0000b304  _codeMotorDirection             
1     0000b306  _codeAccelTime1                 
1     0000b308  _codeDecelTime1                 
1     0000b30a  _codeMotorCtrlMode              
1     0000b30c  _codeSpeed1                     
1     0000b30e  _codeSpeed2                     
1     0000b310  _codeSetVdc                     
1     0000b312  _codeProtectOff                 
1     0000b314  _codePwmFreq                    
1     0000b316  _codeRatePower                  
1     0000b318  _codeRateCurrent                
1     0000b31a  _codeRateRpm                    
1     0000b31c  _codeRateEffiency               
1     0000b31e  _codeRateHz                     
1     0000b320  _codeRateVolt                   
1     0000b322  _codeMotorPole                  
1     0000b324  _codePresSensRef                
1     0000b326  _codeIaOffset                   
1     0000b328  _codeIbOffset                   
1     0000b32a  _I_sense_value                  
1     0000b32c  _u_phase_I_sense_span           
1     0000b32e  _v_phase_I_sense_span           
1     0000b330  _vdc_sense_zero                 
1     0000b332  _vdc_sense_span                 
1     0000b334  _code_adc_Vdc_low               
1     0000b336  _code_adc_Vdc_high              
1     0000b338  _code_Vdc_calc_low              
1     0000b33a  _code_Vdc_calc_high             
1     0000b33c  _VF_DeadTimeGain                
1     0000b33e  _VF_ExcitationTime              
1     0000b340  _VF_Fs_Coeff                    
1     0000b342  _VF_Freq_TrqBoost               
1     0000b344  _VF_Vs_Coeff_TrqBoost           
1     0000b346  _VF_Rs_ThermalCoeff             
1     0000b348  _VF_IR_Comp_FilterPole          
1     0000b34a  _VF_Slip_Comp_FilterPole        
1     0000b34c  _VF_Rs                          
1     0000b34e  _code_wattHour                  
1     0000b350  _code_kWattHour                 
1     0000b352  _codeScopeLoopCount             
1     0000b354  _codeScopePointCh1              
1     0000b356  _codeScopeScaleCh1              
1     0000b358  _codeScopeOffsetCh1             
1     0000b35a  _codeScopePointCh2              
1     0000b35c  _codeScopeScaleCh2              
1     0000b35e  _codeScopeOffsetCh2             
1     0000b360  _codeScopePointCh3              
1     0000b362  _codeScopeScaleCh3              
1     0000b364  _codeScopeOffsetCh3             
1     0000b366  _codeScopePointCh4              
1     0000b368  _codeScopeScaleCh4              
1     0000b36a  _codeScopeOffsetCh4             
1     0000b36c  _invCodeScopeScaleCh1           
1     0000b36e  _invCodeScopeScaleCh2           
1     0000b370  _invCodeScopeScaleCh3           
1     0000b372  _invCodeScopeScaleCh4           
1     0000b374  _over_speed_level               
1     0000b376  _e_thermal_level                
1     0000b378  _pre_charge_time                
1     0000b37a  _over_I_time                    
1     0000b37c  _code_Vdc_scaler                
1     0000b37e  _code_Vdc_offseter              
1     0000b380  _Data_Check                     
1     0000b382  _Data_Backup                    
1     0000b384  _Data_Load                      
1     0000b386  _Data_Init                      
1     0000b388  _code_inform                    
1     0000b3c0  _TripInfo                       
1     0000b400  _TripInfoNow                    
1     0000b434  _scia_rx_start_addr             
1     0000b435  _scia_rx_end_addr               
1     0000b436  _sciRxPoint                     
1     0000b43e  __lock                          
1     0000b440  _scopePoint                     
1     0000b480  _gStr1                          
1     0000b4b2  _lpfIrmsK                       
1     0000b4ba  _DutyRatio                      
1     0000b4c0  _CpuTimer0                      
1     0000b4c8  _CpuTimer1                      
1     0000b4d0  _CpuTimer2                      
1     0000b4d8  _lpfVdcK                        
1     0000b4e0  _Is_abc                         
1     0000b4e6  _Vs_abc                         
1     0000b4ec  _Vs_abc_ref                     
1     0000b4f2  _adc_result                     
1     0000b4f8  _lpfIaIn                        
1     0000b4fe  __unlock                        
1     0000b500  _lpfIaOut                       
1     0000b506  _lpfIbIn                        
1     0000b50c  _lpfIbOut                       
1     0000b512  _lpfVdcIn                       
1     0000b518  _lpfVdcOut                      
1     0000b51e  _sgn_Is                         
1     0000b524  ___TI_enable_exit_profile_output
1     0000b526  ___TI_cleanup_ptr               
1     0000b528  ___TI_dtors_ptr                 
1     0000b52a  _Dd                             
1     0000b52c  _T_d                            
1     0000b52e  _delta_Tc                       
1     0000b530  _Fs_dq                          
1     0000b534  _Is_DQ                          
1     0000b538  _Is_DQ_ErrInt                   
1     0000b53c  _Is_DQ_max                      
1     0000b540  _Is_DQ_ref                      
1     0000b544  _Is_dq                          
1     0000b548  _Is_dq_ErrInt                   
1     0000b54c  _Is_dq_ref                      
1     0000b550  _Us_dq                          
1     0000b554  _Vs_DQ                          
1     0000b558  _Vs_DQ_comp                     
1     0000b55c  _Vs_DQ_max                      
1     0000b560  _Vs_DQ_ref                      
1     0000b564  _Vs_DQ_ref_P                    
1     0000b568  _Vs_DQ_ref_PI                   
1     0000b56c  _Vs_dq                          
1     0000b570  _Vs_dq_ref                      
1     0000b57f  _errno                          
1     0000c000  __sys_memory                    
1     003d7e80  _PartIdRegs                     
1     003f7ff8  _CsmPwl                         
abs   0000001f  _RamfuncsLoadSize               
abs   00000400  __SYSMEM_SIZE                   
abs   00000800  __STACK_SIZE                    
abs   ffffffff  ___TI_pprof_out_hndl            
abs   ffffffff  ___TI_prof_data_size            
abs   ffffffff  ___TI_prof_data_start           
abs   ffffffff  ___binit__                      
abs   ffffffff  ___c_args__                     
abs   ffffffff  ___pinit__                      
abs   ffffffff  binit                           
abs   ffffffff  pinit                           

[721 symbols]
